Archive member included because of file (symbol)

C:/Users/user/Desktop/CS4405Project/Workspace/CS4405Project_bsp/\libhal_bsp.a(alt_load.o)
                              C:/Users/user/Desktop/CS4405Project/Workspace/CS4405Project_bsp//obj/HAL/src/crt0.o (alt_load)
C:/Users/user/Desktop/CS4405Project/Workspace/CS4405Project_bsp/\libhal_bsp.a(alt_main.o)
                              C:/Users/user/Desktop/CS4405Project/Workspace/CS4405Project_bsp//obj/HAL/src/crt0.o (alt_main)
C:/Users/user/Desktop/CS4405Project/Workspace/CS4405Project_bsp/\libhal_bsp.a(alt_sys_init.o)
                              C:/Users/user/Desktop/CS4405Project/Workspace/CS4405Project_bsp/\libhal_bsp.a(alt_main.o) (alt_irq_init)
C:/Users/user/Desktop/CS4405Project/Workspace/CS4405Project_bsp/\libhal_bsp.a(altera_avalon_jtag_uart_fd.o)
                              C:/Users/user/Desktop/CS4405Project/Workspace/CS4405Project_bsp/\libhal_bsp.a(alt_sys_init.o) (altera_avalon_jtag_uart_read_fd)
C:/Users/user/Desktop/CS4405Project/Workspace/CS4405Project_bsp/\libhal_bsp.a(altera_avalon_jtag_uart_init.o)
                              C:/Users/user/Desktop/CS4405Project/Workspace/CS4405Project_bsp/\libhal_bsp.a(alt_sys_init.o) (altera_avalon_jtag_uart_init)
C:/Users/user/Desktop/CS4405Project/Workspace/CS4405Project_bsp/\libhal_bsp.a(altera_avalon_jtag_uart_ioctl.o)
                              C:/Users/user/Desktop/CS4405Project/Workspace/CS4405Project_bsp/\libhal_bsp.a(altera_avalon_jtag_uart_fd.o) (altera_avalon_jtag_uart_ioctl)
C:/Users/user/Desktop/CS4405Project/Workspace/CS4405Project_bsp/\libhal_bsp.a(altera_avalon_jtag_uart_read.o)
                              C:/Users/user/Desktop/CS4405Project/Workspace/CS4405Project_bsp/\libhal_bsp.a(altera_avalon_jtag_uart_fd.o) (altera_avalon_jtag_uart_read)
C:/Users/user/Desktop/CS4405Project/Workspace/CS4405Project_bsp/\libhal_bsp.a(altera_avalon_jtag_uart_write.o)
                              C:/Users/user/Desktop/CS4405Project/Workspace/CS4405Project_bsp/\libhal_bsp.a(altera_avalon_jtag_uart_fd.o) (altera_avalon_jtag_uart_write)
C:/Users/user/Desktop/CS4405Project/Workspace/CS4405Project_bsp/\libhal_bsp.a(altera_avalon_timer_sc.o)
                              C:/Users/user/Desktop/CS4405Project/Workspace/CS4405Project_bsp/\libhal_bsp.a(alt_sys_init.o) (alt_avalon_timer_sc_init)
C:/Users/user/Desktop/CS4405Project/Workspace/CS4405Project_bsp/\libhal_bsp.a(altera_up_avalon_character_lcd.o)
                              C:/Users/user/Desktop/CS4405Project/Workspace/CS4405Project_bsp/\libhal_bsp.a(alt_sys_init.o) (alt_up_character_lcd_init)
C:/Users/user/Desktop/CS4405Project/Workspace/CS4405Project_bsp/\libhal_bsp.a(altera_up_avalon_ethernet.o)
                              C:/Users/user/Desktop/CS4405Project/Workspace/CS4405Project_bsp/\libhal_bsp.a(alt_sys_init.o) (alt_up_ethernet_init)
C:/Users/user/Desktop/CS4405Project/Workspace/CS4405Project_bsp/\libhal_bsp.a(altera_up_avalon_ethernet_low_level_driver.o)
                              C:/Users/user/Desktop/CS4405Project/Workspace/CS4405Project_bsp/\libhal_bsp.a(altera_up_avalon_ethernet.o) (alt_up_ethernet_reg_write)
C:/Users/user/Desktop/CS4405Project/Workspace/CS4405Project_bsp/\libhal_bsp.a(altera_up_avalon_irda.o)
                              C:/Users/user/Desktop/CS4405Project/Workspace/CS4405Project_bsp/\libhal_bsp.a(alt_sys_init.o) (alt_up_irda_read_fd)
C:/Users/user/Desktop/CS4405Project/Workspace/CS4405Project_bsp/\libhal_bsp.a(altera_up_avalon_ps2.o)
                              C:/Users/user/Desktop/CS4405Project/Workspace/CS4405Project_bsp/\libhal_bsp.a(alt_sys_init.o) (alt_up_ps2_init)
C:/Users/user/Desktop/CS4405Project/Workspace/CS4405Project_bsp/\libhal_bsp.a(altera_up_avalon_rs232.o)
                              C:/Users/user/Desktop/CS4405Project/Workspace/CS4405Project_bsp/\libhal_bsp.a(alt_sys_init.o) (alt_up_rs232_read_fd)
C:/Users/user/Desktop/CS4405Project/Workspace/CS4405Project_bsp/\libhal_bsp.a(altera_up_avalon_video_character_buffer_with_dma.o)
                              C:/Users/user/Desktop/CS4405Project/Workspace/CS4405Project_bsp/\libhal_bsp.a(alt_sys_init.o) (alt_up_char_buffer_init)
C:/Users/user/Desktop/CS4405Project/Workspace/CS4405Project_bsp/\libhal_bsp.a(alt_alarm_start.o)
                              C:/Users/user/Desktop/CS4405Project/Workspace/CS4405Project_bsp/\libhal_bsp.a(altera_avalon_jtag_uart_init.o) (alt_alarm_start)
C:/Users/user/Desktop/CS4405Project/Workspace/CS4405Project_bsp/\libhal_bsp.a(alt_close.o)
                              C:/Users/user/Desktop/CS4405Project/Workspace/CS4405Project_bsp/\libhal_bsp.a(alt_main.o) (close)
C:/Users/user/Desktop/CS4405Project/Workspace/CS4405Project_bsp/\libhal_bsp.a(alt_dcache_flush_all.o)
                              C:/Users/user/Desktop/CS4405Project/Workspace/CS4405Project_bsp/\libhal_bsp.a(alt_load.o) (alt_dcache_flush_all)
C:/Users/user/Desktop/CS4405Project/Workspace/CS4405Project_bsp/\libhal_bsp.a(alt_dev.o)
[...]
Memory Configuration

Name             Origin             Length             Attributes
reset            0x00000000         0x00000020
SDRAM            0x00000020         0x007fffe0
Flash_flash_data 0x0c000000         0x00400000
*default*        0x00000000         0xffffffff

Linker script and memory map

LOAD C:/Users/user/Desktop/CS4405Project/Workspace/CS4405Project_bsp//obj/HAL/src/crt0.o
LOAD obj/default/os.o
LOAD obj/default/os_fifo.o
LOAD obj/default/os_init.o
LOAD obj/default/os_memory.o
LOAD obj/default/os_processmanage.o
LOAD obj/default/os_semaphore.o
LOAD c:/opt/fcs/software/altera/13.0sp1/nios2eds/bin/gnu/h-i686-mingw32/bin/../lib/gcc/nios2-elf/4.1.2/../../../../nios2-elf/lib\libstdc++.a
LOAD c:/opt/fcs/software/altera/13.0sp1/nios2eds/bin/gnu/h-i686-mingw32/bin/../lib/gcc/nios2-elf/4.1.2/../../../../nios2-elf/lib\libm.a
LOAD c:/opt/fcs/software/altera/13.0sp1/nios2eds/bin/gnu/h-i686-mingw32/bin/../lib/gcc/nios2-elf/4.1.2\libgcc.a
START GROUP
LOAD c:/opt/fcs/software/altera/13.0sp1/nios2eds/bin/gnu/h-i686-mingw32/bin/../lib/gcc/nios2-elf/4.1.2/../../../../nios2-elf/lib\libc.a
LOAD c:/opt/fcs/software/altera/13.0sp1/nios2eds/bin/gnu/h-i686-mingw32/bin/../lib/gcc/nios2-elf/4.1.2\libgcc.a
LOAD C:/Users/user/Desktop/CS4405Project/Workspace/CS4405Project_bsp/\libhal_bsp.a
END GROUP
LOAD c:/opt/fcs/software/altera/13.0sp1/nios2eds/bin/gnu/h-i686-mingw32/bin/../lib/gcc/nios2-elf/4.1.2\libgcc.a
                0x00000000                __alt_mem_SDRAM = 0x0
                0x0c000000                __alt_mem_Flash_flash_data = 0xc000000

.entry          0x00000000       0x20
 *(.entry)
 .entry         0x00000000       0x20 C:/Users/user/Desktop/CS4405Project/Workspace/CS4405Project_bsp//obj/HAL/src/crt0.o
                0x00000000                __reset

.exceptions     0x00000020      0x198
                0x00000020                PROVIDE (__ram_exceptions_start, ABSOLUTE (.))
                0x00000020                . = ALIGN (0x20)
 *(.irq)
 *(.exceptions.entry.label)
 .exceptions.entry.label
                0x00000020        0x0 C:/Users/user/Desktop/CS4405Project/Workspace/CS4405Project_bsp/\libhal_bsp.a(alt_irq_entry.o)
                0x00000020                alt_irq_entry
 .exceptions.entry.label
                0x00000020        0x0 C:/Users/user/Desktop/CS4405Project/Workspace/CS4405Project_bsp/\libhal_bsp.a(alt_exception_entry.o)
                0x00000020                alt_exception
 *(.exceptions.entry.user)
 *(.exceptions.entry)
 .exceptions.entry
                0x00000020       0x54 C:/Users/user/Desktop/CS4405Project/Workspace/CS4405Project_bsp/\libhal_bsp.a(alt_exception_entry.o)
 *(.exceptions.irqtest.user)
 *(.exceptions.irqtest)
 .exceptions.irqtest
                0x00000074       0x10 C:/Users/user/Desktop/CS4405Project/Workspace/CS4405Project_bsp/\libhal_bsp.a(alt_irq_entry.o)
 *(.exceptions.irqhandler.user)
 *(.exceptions.irqhandler)
 .exceptions.irqhandler
                0x00000084        0x4 C:/Users/user/Desktop/CS4405Project/Workspace/CS4405Project_bsp/\libhal_bsp.a(alt_irq_entry.o)
 *(.exceptions.irqreturn.user)
 *(.exceptions.irqreturn)
 .exceptions.irqreturn
                0x00000088        0x4 C:/Users/user/Desktop/CS4405Project/Workspace/CS4405Project_bsp/\libhal_bsp.a(alt_irq_entry.o)
 *(.exceptions.notirq.label)
 .exceptions.notirq.label
                0x0000008c        0x0 C:/Users/user/Desktop/CS4405Project/Workspace/CS4405Project_bsp/\libhal_bsp.a(alt_irq_entry.o)
 *(.exceptions.notirq.user)
 *(.exceptions.notirq)
 .exceptions.notirq
                0x0000008c        0x8 C:/Users/user/Desktop/CS4405Project/Workspace/CS4405Project_bsp/\libhal_bsp.a(alt_exception_entry.o)
 *(.exceptions.soft.user)
 *(.exceptions.soft)
 *(.exceptions.unknown.user)
 *(.exceptions.unknown)
 .exceptions.unknown
                0x00000094        0x4 C:/Users/user/Desktop/CS4405Project/Workspace/CS4405Project_bsp/\libhal_bsp.a(alt_exception_entry.o)
 *(.exceptions.exit.label)
 .exceptions.exit.label
                0x00000098        0x0 C:/Users/user/Desktop/CS4405Project/Workspace/CS4405Project_bsp/\libhal_bsp.a(alt_irq_entry.o)
 .exceptions.exit.label
                0x00000098        0x0 C:/Users/user/Desktop/CS4405Project/Workspace/CS4405Project_bsp/\libhal_bsp.a(alt_exception_entry.o)
 *(.exceptions.exit.user)
 *(.exceptions.exit)
 .exceptions.exit
                0x00000098       0x54 C:/Users/user/Desktop/CS4405Project/Workspace/CS4405Project_bsp/\libhal_bsp.a(alt_exception_entry.o)
 *(.exceptions)
 .exceptions    0x000000ec       0xcc C:/Users/user/Desktop/CS4405Project/Workspace/CS4405Project_bsp/\libhal_bsp.a(alt_irq_handler.o)
                0x000000ec                alt_irq_handler
                0x000001b8                PROVIDE (__ram_exceptions_end, ABSOLUTE (.))
                0x00000020                PROVIDE (__flash_exceptions_start, LOADADDR (.exceptions))

.text           0x000001b8     0x4594
                0x000001b8                PROVIDE (stext, ABSOLUTE (.))
 *(.interp)
 *(.hash)
 *(.dynsym)
 *(.dynstr)
 *(.gnu.version)
 *(.gnu.version_d)
 *(.gnu.version_r)
 *(.rel.init)
 *(.rela.init)
 *(.rel.text .rel.text.* .rel.gnu.linkonce.t.*)
 *(.rela.text .rela.text.* .rela.gnu.linkonce.t.*)
 *(.rel.fini)
 *(.rela.fini)
 *(.rel.rodata .rel.rodata.* .rel.gnu.linkonce.r.*)
 *(.rela.rodata .rela.rodata.* .rela.gnu.linkonce.r.*)
 *(.rel.data .rel.data.* .rel.gnu.linkonce.d.*)
 *(.rela.data .rela.data.* .rela.gnu.linkonce.d.*)
 *(.rel.tdata .rel.tdata.* .rel.gnu.linkonce.td.*)
 *(.rela.tdata .rela.tdata.* .rela.gnu.linkonce.td.*)
 *(.rel.tbss .rel.tbss.* .rel.gnu.linkonce.tb.*)
 *(.rela.tbss .rela.tbss.* .rela.gnu.linkonce.tb.*)
 *(.rel.ctors)
 *(.rela.ctors)
 *(.rel.dtors)
 *(.rela.dtors)
 *(.rel.got)
 *(.rela.got)
 *(.rel.sdata .rel.sdata.* .rel.gnu.linkonce.s.*)
 *(.rela.sdata .rela.sdata.* .rela.gnu.linkonce.s.*)
 *(.rel.sbss .rel.sbss.* .rel.gnu.linkonce.sb.*)
 *(.rela.sbss .rela.sbss.* .rela.gnu.linkonce.sb.*)
 *(.rel.sdata2 .rel.sdata2.* .rel.gnu.linkonce.s2.*)
 *(.rela.sdata2 .rela.sdata2.* .rela.gnu.linkonce.s2.*)
 *(.rel.sbss2 .rel.sbss2.* .rel.gnu.linkonce.sb2.*)
 *(.rela.sbss2 .rela.sbss2.* .rela.gnu.linkonce.sb2.*)
 *(.rel.bss .rel.bss.* .rel.gnu.linkonce.b.*)
 *(.rela.bss .rela.bss.* .rela.gnu.linkonce.b.*)
 *(.rel.plt)
 *(.rela.plt)
 *(.rel.dyn)
 *(.init)
 *(.plt)
 *(.text .stub .text.* .gnu.linkonce.t.*)
 .text          0x000001b8       0x3c C:/Users/user/Desktop/CS4405Project/Workspace/CS4405Project_bsp//obj/HAL/src/crt0.o
                0x000001b8                _start
 .text          0x000001f4       0x30 obj/default/os.o
                0x000001f4                main
 .text          0x00000224       0x64 obj/default/os_fifo.o
                0x00000224                OS_InitFiFo
                0x00000240                OS_Write
                0x00000264                OS_Read
 .text          0x00000288      0x110 obj/default/os_init.o
                0x00000288                OS_Init
                0x00000350                OS_Start
                0x00000378                OS_Abort
 .text          0x00000398       0x5c obj/default/os_memory.o
                0x00000398                OS_InitMemory
                0x000003b4                OS_Malloc
                0x000003d4                OS_Free
 .text          0x000003f4       0x88 obj/default/os_processmanage.o
                0x000003f4                OS_Create
                0x00000424                OS_Terminate
                0x00000440                OS_Yield
                0x0000045c                OS_GetParam
 .text          0x0000047c       0x64 obj/default/os_semaphore.o
                0x0000047c                OS_InitSem
                0x000004a0                OS_Wait
                0x000004c0                OS_Signal
 .text          0x000004e0       0xec C:/Users/user/Desktop/CS4405Project/Workspace/CS4405Project_bsp/\libhal_bsp.a(alt_load.o)
                0x000004e0                alt_load
 .text          0x000005cc       0x6c C:/Users/user/Desktop/CS4405Project/Workspace/CS4405Project_bsp/\libhal_bsp.a(alt_main.o)
                0x000005cc                alt_main
 .text          0x00000638      0x46c C:/Users/user/Desktop/CS4405Project/Workspace/CS4405Project_bsp/\libhal_bsp.a(alt_sys_init.o)
                0x00000638                alt_irq_init
                0x0000066c                alt_sys_init
 .text          0x00000aa4      0x148 C:/Users/user/Desktop/CS4405Project/Workspace/CS4405Project_bsp/\libhal_bsp.a(altera_avalon_jtag_uart_fd.o)
                0x00000aa4                altera_avalon_jtag_uart_read_fd
                0x00000afc                altera_avalon_jtag_uart_write_fd
                0x00000b54                altera_avalon_jtag_uart_close_fd
                0x00000b9c                altera_avalon_jtag_uart_ioctl_fd
 .text          0x00000bec      0x408 C:/Users/user/Desktop/CS4405Project/Workspace/CS4405Project_bsp/\libhal_bsp.a(altera_avalon_jtag_uart_init.o)
                0x00000bec                altera_avalon_jtag_uart_init
                0x00000f80                altera_avalon_jtag_uart_close
 .text          0x00000ff4       0xf4 C:/Users/user/Desktop/CS4405Project/Workspace/CS4405Project_bsp/\libhal_bsp.a(altera_avalon_jtag_uart_ioctl.o)
                0x00000ff4                altera_avalon_jtag_uart_ioctl
 .text          0x000010e8      0x224 C:/Users/user/Desktop/CS4405Project/Workspace/CS4405Project_bsp/\libhal_bsp.a(altera_avalon_jtag_uart_read.o)
                0x000010e8                altera_avalon_jtag_uart_read
 .text          0x0000130c      0x240 C:/Users/user/Desktop/CS4405Project/Workspace/CS4405Project_bsp/\libhal_bsp.a(altera_avalon_jtag_uart_write.o)
                0x0000130c                altera_avalon_jtag_uart_write
 .text          0x0000154c       0xfc C:/Users/user/Desktop/CS4405Project/Workspace/CS4405Project_bsp/\libhal_bsp.a(altera_avalon_timer_sc.o)
                0x000015c0                alt_avalon_timer_sc_init
 .text          0x00001648      0x530 C:/Users/user/Desktop/CS4405Project/Workspace/CS4405Project_bsp/\libhal_bsp.a(altera_up_avalon_character_lcd.o)
                0x00001648                get_DDRAM_addr
                0x000016c4                alt_up_character_lcd_send_cmd
                0x000016f8                alt_up_character_lcd_init
                0x0000172c                alt_up_character_lcd_open_dev
                0x0000176c                alt_up_character_lcd_write
                0x000017e4                alt_up_character_lcd_string
                0x0000185c                alt_up_character_lcd_write_fd
                0x000018a8                alt_up_character_lcd_set_cursor_pos
                0x00001920                alt_up_character_lcd_shift_cursor
                0x000019d0                alt_up_character_lcd_shift_display
                0x00001a80                alt_up_character_lcd_erase_pos
                0x00001b10                alt_up_character_lcd_cursor_off
                0x00001b44                alt_up_character_lcd_cursor_blink_on
 .text          0x00001b78      0x150 C:/Users/user/Desktop/CS4405Project/Workspace/CS4405Project_bsp/\libhal_bsp.a(altera_up_avalon_ethernet.o)
                0x00001b78                alt_up_ethernet_init
                0x00001c88                alt_up_ethernet_open_dev
 .text          0x00001cc8      0x238 C:/Users/user/Desktop/CS4405Project/Workspace/CS4405Project_bsp/\libhal_bsp.a(altera_up_avalon_ethernet_low_level_driver.o)
                0x00001cc8                alt_up_ethernet_reg_read
                0x00001d04                alt_up_ethernet_reg_write
                0x00001d48                alt_up_ethernet_phy_reg_read
                0x00001e28                alt_up_ethernet_phy_reg_write
 .text          0x00001f00      0x394 C:/Users/user/Desktop/CS4405Project/Workspace/CS4405Project_bsp/\libhal_bsp.a(altera_up_avalon_irda.o)
                0x00001f00                alt_up_irda_enable_read_interrupt
                0x00001f54                alt_up_irda_disable_read_interrupt
                0x00001fac                alt_up_irda_get_used_space_in_read_FIFO
                0x00001fe8                alt_up_irda_get_available_space_in_write_FIFO
                0x00002028                alt_up_irda_check_parity
                0x00002078                alt_up_irda_write_data
                0x000020c0                alt_up_irda_read_data
                0x00002134                alt_up_irda_read_fd
                0x000021c4                alt_up_irda_write_fd
                0x00002254                alt_up_irda_open_dev
 .text          0x00002294      0x700 C:/Users/user/Desktop/CS4405Project/Workspace/CS4405Project_bsp/\libhal_bsp.a(altera_up_avalon_ps2.o)
                0x00002294                read_RI_bit
                0x000022c8                read_RE_bit
                0x000022f8                read_CE_bit
                0x0000232c                read_num_bytes_available
                0x00002360                read_data_valid
                0x00002394                read_data_byte
                0x000023c0                alt_up_ps2_init
                0x0000248c                alt_up_ps2_enable_read_interrupt
                0x000024e0                alt_up_ps2_disable_read_interrupt
                0x00002538                alt_up_ps2_write_data_byte
                0x000025b0                alt_up_ps2_wait_for_ack
                0x00002620                alt_up_ps2_write_data_byte_with_ack
                0x0000268c                alt_up_ps2_read_data_byte_timeout
                0x0000273c                alt_up_ps2_read_data_byte
                0x000027b8                alt_up_ps2_clear_fifo
                0x00002810                alt_up_ps2_read_fd
                0x000028ac                alt_up_ps2_write_fd
                0x00002954                alt_up_ps2_open_dev
 .text          0x00002994      0x398 C:/Users/user/Desktop/CS4405Project/Workspace/CS4405Project_bsp/\libhal_bsp.a(altera_up_avalon_rs232.o)
                0x00002994                alt_up_rs232_enable_read_interrupt
                0x000029e8                alt_up_rs232_disable_read_interrupt
                0x00002a40                alt_up_rs232_get_used_space_in_read_FIFO
                0x00002a7c                alt_up_rs232_get_available_space_in_write_FIFO
                0x00002abc                alt_up_rs232_check_parity
                0x00002b0c                alt_up_rs232_write_data
                0x00002b54                alt_up_rs232_read_data
                0x00002bc8                alt_up_rs232_read_fd
                0x00002c58                alt_up_rs232_write_fd
                0x00002cec                alt_up_rs232_open_dev
 .text          0x00002d2c      0x304 C:/Users/user/Desktop/CS4405Project/Workspace/CS4405Project_bsp/\libhal_bsp.a(altera_up_avalon_video_character_buffer_with_dma.o)
                0x00002d2c                alt_up_char_buffer_init
                0x00002db0                alt_up_char_buffer_open_dev
                0x00002df0                alt_up_char_buffer_draw
                0x00002ec0                alt_up_char_buffer_string
                0x00002fd4                alt_up_char_buffer_clear
 .text          0x00003030      0x154 C:/Users/user/Desktop/CS4405Project/Workspace/CS4405Project_bsp/\libhal_bsp.a(alt_alarm_start.o)
                0x00003030                alt_alarm_start
 .text          0x00003184      0x15c C:/Users/user/Desktop/CS4405Project/Workspace/CS4405Project_bsp/\libhal_bsp.a(alt_close.o)
                0x00003184                close
 .text          0x000032e0       0x1c C:/Users/user/Desktop/CS4405Project/Workspace/CS4405Project_bsp/\libhal_bsp.a(alt_dcache_flush_all.o)
                0x000032e0                alt_dcache_flush_all
 .text          0x000032fc       0x2c C:/Users/user/Desktop/CS4405Project/Workspace/CS4405Project_bsp/\libhal_bsp.a(alt_dev.o)
 .text          0x00003328      0x114 C:/Users/user/Desktop/CS4405Project/Workspace/CS4405Project_bsp/\libhal_bsp.a(alt_dev_llist_insert.o)
                0x00003328                alt_dev_llist_insert
 .text          0x0000343c       0x64 C:/Users/user/Desktop/CS4405Project/Workspace/CS4405Project_bsp/\libhal_bsp.a(alt_do_ctors.o)
                0x0000343c                _do_ctors
 .text          0x000034a0       0x64 C:/Users/user/Desktop/CS4405Project/Workspace/CS4405Project_bsp/\libhal_bsp.a(alt_do_dtors.o)
                0x000034a0                _do_dtors
 .text          0x00003504        0x0 C:/Users/user/Desktop/CS4405Project/Workspace/CS4405Project_bsp/\libhal_bsp.a(alt_errno.o)
 .text          0x00003504       0x94 C:/Users/user/Desktop/CS4405Project/Workspace/CS4405Project_bsp/\libhal_bsp.a(alt_find_dev.o)
                0x00003504                alt_find_dev
 .text          0x00003598       0x30 C:/Users/user/Desktop/CS4405Project/Workspace/CS4405Project_bsp/\libhal_bsp.a(alt_icache_flush_all.o)
                0x00003598                alt_icache_flush_all
 .text          0x000035c8      0x13c C:/Users/user/Desktop/CS4405Project/Workspace/CS4405Project_bsp/\libhal_bsp.a(alt_io_redirect.o)
                0x0000368c                alt_io_redirect
 .text          0x00003704      0x1c0 C:/Users/user/Desktop/CS4405Project/Workspace/CS4405Project_bsp/\libhal_bsp.a(alt_irq_register.o)
                0x00003704                alt_irq_register
 .text          0x000038c4        0x0 C:/Users/user/Desktop/CS4405Project/Workspace/CS4405Project_bsp/\libhal_bsp.a(alt_irq_vars.o)
 .text          0x000038c4      0x2c4 C:/Users/user/Desktop/CS4405Project/Workspace/CS4405Project_bsp/\libhal_bsp.a(alt_open.o)
                0x000039a0                open
 .text          0x00003b88       0x60 C:/Users/user/Desktop/CS4405Project/Workspace/CS4405Project_bsp/\libhal_bsp.a(alt_release_fd.o)
                0x00003b88                alt_release_fd
 .text          0x00003be8      0x1a4 C:/Users/user/Desktop/CS4405Project/Workspace/CS4405Project_bsp/\libhal_bsp.a(alt_tick.o)
                0x00003be8                alt_alarm_stop
                0x00003c80                alt_tick
 .text          0x00003d8c       0x30 C:/Users/user/Desktop/CS4405Project/Workspace/CS4405Project_bsp/\libhal_bsp.a(alt_usleep.o)
                0x00003d8c                usleep
 .text          0x00003dbc       0x20 C:/Users/user/Desktop/CS4405Project/Workspace/CS4405Project_bsp/\libhal_bsp.a(altera_nios2_qsys_irq.o)
                0x00003dbc                altera_nios2_qsys_irq_init
 .text          0x00003ddc      0x12c C:/Users/user/Desktop/CS4405Project/Workspace/CS4405Project_bsp/\libhal_bsp.a(alt_busy_sleep.o)
                0x00003ddc                alt_busy_sleep
 .text          0x00003f08      0x120 C:/Users/user/Desktop/CS4405Project/Workspace/CS4405Project_bsp/\libhal_bsp.a(alt_find_file.o)
                0x00003f08                alt_find_file
 .text          0x00004028       0xb8 C:/Users/user/Desktop/CS4405Project/Workspace/CS4405Project_bsp/\libhal_bsp.a(alt_get_fd.o)
                0x00004028                alt_get_fd
 .text          0x000040e0       0x90 C:/Users/user/Desktop/CS4405Project/Workspace/CS4405Project_bsp/\libhal_bsp.a(alt_icache_flush.o)
                0x000040e0                alt_icache_flush
 .text          0x00004170        0x0 C:/Users/user/Desktop/CS4405Project/Workspace/CS4405Project_bsp/\libhal_bsp.a(alt_irq_entry.o)
 .text          0x00004170        0x0 C:/Users/user/Desktop/CS4405Project/Workspace/CS4405Project_bsp/\libhal_bsp.a(alt_irq_handler.o)
 .text          0x00004170        0x0 C:/Users/user/Desktop/CS4405Project/Workspace/CS4405Project_bsp/\libhal_bsp.a(alt_exception_entry.o)
 .text          0x00004170       0x14 c:/opt/fcs/software/altera/13.0sp1/nios2eds/bin/gnu/h-i686-mingw32/bin/../lib/gcc/nios2-elf/4.1.2/../../../../nios2-elf/lib\libc.a(lib_a-atexit.o)
                0x00004170                atexit
 .text          0x00004184       0x38 c:/opt/fcs/software/altera/13.0sp1/nios2eds/bin/gnu/h-i686-mingw32/bin/../lib/gcc/nios2-elf/4.1.2/../../../../nios2-elf/lib\libc.a(lib_a-exit.o)
                0x00004184                exit
 .text          0x000041bc        0x0 c:/opt/fcs/software/altera/13.0sp1/nios2eds/bin/gnu/h-i686-mingw32/bin/../lib/gcc/nios2-elf/4.1.2/../../../../nios2-elf/lib\libc.a(lib_a-impure.o)
 .text          0x000041bc        0x0 c:/opt/fcs/software/altera/13.0sp1/nios2eds/bin/gnu/h-i686-mingw32/bin/../lib/gcc/nios2-elf/4.1.2/../../../../nios2-elf/lib\libc.a(lib_a-int_errno.o)
 .text          0x000041bc       0x74 c:/opt/fcs/software/altera/13.0sp1/nios2eds/bin/gnu/h-i686-mingw32/bin/../lib/gcc/nios2-elf/4.1.2/../../../../nios2-elf/lib\libc.a(lib_a-memcmp.o)
                0x000041bc                memcmp
 .text          0x00004230       0xa0 c:/opt/fcs/software/altera/13.0sp1/nios2eds/bin/gnu/h-i686-mingw32/bin/../lib/gcc/nios2-elf/4.1.2/../../../../nios2-elf/lib\libc.a(lib_a-memcpy.o)
                0x00004230                memcpy
 .text          0x000042d0       0xbc c:/opt/fcs/software/altera/13.0sp1/nios2eds/bin/gnu/h-i686-mingw32/bin/../lib/gcc/nios2-elf/4.1.2/../../../../nios2-elf/lib\libc.a(lib_a-strcmp.o)
                0x000042d0                strcmp
 .text          0x0000438c       0x74 c:/opt/fcs/software/altera/13.0sp1/nios2eds/bin/gnu/h-i686-mingw32/bin/../lib/gcc/nios2-elf/4.1.2/../../../../nios2-elf/lib\libc.a(lib_a-strlen.o)
                0x0000438c                strlen
 .text          0x00004400      0x134 c:/opt/fcs/software/altera/13.0sp1/nios2eds/bin/gnu/h-i686-mingw32/bin/../lib/gcc/nios2-elf/4.1.2/../../../../nios2-elf/lib\libc.a(lib_a-__atexit.o)
                0x00004400                __register_exitproc
 .text          0x00004534      0x1b4 c:/opt/fcs/software/altera/13.0sp1/nios2eds/bin/gnu/h-i686-mingw32/bin/../lib/gcc/nios2-elf/4.1.2/../../../../nios2-elf/lib\libc.a(lib_a-__call_atexit.o)
                0x00004538                __call_exitprocs
 .text          0x000046e8       0x60 C:/Users/user/Desktop/CS4405Project/Workspace/CS4405Project_bsp/\libhal_bsp.a(alt_exit.o)
                0x00004728                _exit
 *(.gnu.warning.*)
 *(.fini)
                0x00004748                PROVIDE (__etext, ABSOLUTE (.))
                0x00004748                PROVIDE (_etext, ABSOLUTE (.))
                0x00004748                PROVIDE (etext, ABSOLUTE (.))
 *(.eh_frame_hdr)
                0x00004748                . = ALIGN (0x4)
                0x00004748                PROVIDE (__preinit_array_start, ABSOLUTE (.))
 *(.preinit_array)
                0x00004748                PROVIDE (__preinit_array_end, ABSOLUTE (.))
                0x00004748                PROVIDE (__init_array_start, ABSOLUTE (.))
 *(.init_array)
                0x00004748                PROVIDE (__init_array_end, ABSOLUTE (.))
                0x00004748                PROVIDE (__fini_array_start, ABSOLUTE (.))
 *(.fini_array)
                0x00004748                PROVIDE (__fini_array_end, ABSOLUTE (.))
 *(.eh_frame)
 *(.gcc_except_table)
 *(.dynamic)
                0x00004748                PROVIDE (__CTOR_LIST__, ABSOLUTE (.))
 *(.ctors)
 *(SORT(.ctors.*))
 .ctors.65535   0x00004748        0x4 c:/opt/fcs/software/altera/13.0sp1/nios2eds/bin/gnu/h-i686-mingw32/bin/../lib/gcc/nios2-elf/4.1.2/../../../../nios2-elf/lib\libc.a(lib_a-__call_atexit.o)
                0x0000474c                PROVIDE (__CTOR_END__, ABSOLUTE (.))
                0x0000474c                PROVIDE (__DTOR_LIST__, ABSOLUTE (.))
 *(.dtors)
 *(SORT(.dtors.*))
                0x0000474c                PROVIDE (__DTOR_END__, ABSOLUTE (.))
 *(.jcr)
                0x0000474c                . = ALIGN (0x4)

.rodata         0x0000474c      0x1b8
                0x0000474c                PROVIDE (__ram_rodata_start, ABSOLUTE (.))
                0x0000474c                . = ALIGN (0x4)
 *(.rodata .rodata.* .gnu.linkonce.r.*)
 .rodata        0x0000474c       0x10 C:/Users/user/Desktop/CS4405Project/Workspace/CS4405Project_bsp/\libhal_bsp.a(alt_main.o)
 .rodata        0x0000475c      0x17c C:/Users/user/Desktop/CS4405Project/Workspace/CS4405Project_bsp/\libhal_bsp.a(alt_sys_init.o)
 .rodata        0x000048d8       0x1c C:/Users/user/Desktop/CS4405Project/Workspace/CS4405Project_bsp/\libhal_bsp.a(altera_up_avalon_video_character_buffer_with_dma.o)
 .rodata        0x000048f4        0xc C:/Users/user/Desktop/CS4405Project/Workspace/CS4405Project_bsp/\libhal_bsp.a(alt_dev.o)
 .rodata.str1.4
                0x00004900        0x4 c:/opt/fcs/software/altera/13.0sp1/nios2eds/bin/gnu/h-i686-mingw32/bin/../lib/gcc/nios2-elf/4.1.2/../../../../nios2-elf/lib\libc.a(lib_a-impure.o)
 *(.rodata1)
                0x00004904                . = ALIGN (0x4)
                0x00004904                PROVIDE (__ram_rodata_end, ABSOLUTE (.))
                0x0000474c                PROVIDE (__flash_rodata_start, LOADADDR (.rodata))

.rwdata         0x00004904     0x19ec load address 0x000062f0
                0x00004904                PROVIDE (__ram_rwdata_start, ABSOLUTE (.))
                0x00004904                . = ALIGN (0x4)
 *(.got.plt)
 *(.got)
 *(.data1)
 *(.data .data.* .gnu.linkonce.d.*)
 .data          0x00004904        0x0 C:/Users/user/Desktop/CS4405Project/Workspace/CS4405Project_bsp//obj/HAL/src/crt0.o
 .data          0x00004904        0x0 obj/default/os.o
 .data          0x00004904        0x0 obj/default/os_fifo.o
 .data          0x00004904        0x0 obj/default/os_init.o
 .data          0x00004904        0x0 obj/default/os_memory.o
 .data          0x00004904        0x0 obj/default/os_processmanage.o
 .data          0x00004904        0x0 obj/default/os_semaphore.o
 .data          0x00004904        0x0 C:/Users/user/Desktop/CS4405Project/Workspace/CS4405Project_bsp/\libhal_bsp.a(alt_load.o)
 .data          0x00004904        0x0 C:/Users/user/Desktop/CS4405Project/Workspace/CS4405Project_bsp/\libhal_bsp.a(alt_main.o)
 .data          0x00004904     0x1414 C:/Users/user/Desktop/CS4405Project/Workspace/CS4405Project_bsp/\libhal_bsp.a(alt_sys_init.o)
 .data          0x00005d18        0x0 C:/Users/user/Desktop/CS4405Project/Workspace/CS4405Project_bsp/\libhal_bsp.a(altera_avalon_jtag_uart_fd.o)
 .data          0x00005d18        0x0 C:/Users/user/Desktop/CS4405Project/Workspace/CS4405Project_bsp/\libhal_bsp.a(altera_avalon_jtag_uart_init.o)
 .data          0x00005d18        0x0 C:/Users/user/Desktop/CS4405Project/Workspace/CS4405Project_bsp/\libhal_bsp.a(altera_avalon_jtag_uart_ioctl.o)
 .data          0x00005d18        0x0 C:/Users/user/Desktop/CS4405Project/Workspace/CS4405Project_bsp/\libhal_bsp.a(altera_avalon_jtag_uart_read.o)
 .data          0x00005d18        0x0 C:/Users/user/Desktop/CS4405Project/Workspace/CS4405Project_bsp/\libhal_bsp.a(altera_avalon_jtag_uart_write.o)
 .data          0x00005d18        0x0 C:/Users/user/Desktop/CS4405Project/Workspace/CS4405Project_bsp/\libhal_bsp.a(altera_avalon_timer_sc.o)
 .data          0x00005d18        0x0 C:/Users/user/Desktop/CS4405Project/Workspace/CS4405Project_bsp/\libhal_bsp.a(altera_up_avalon_character_lcd.o)
 .data          0x00005d18        0x0 C:/Users/user/Desktop/CS4405Project/Workspace/CS4405Project_bsp/\libhal_bsp.a(altera_up_avalon_ethernet.o)
 .data          0x00005d18        0x0 C:/Users/user/Desktop/CS4405Project/Workspace/CS4405Project_bsp/\libhal_bsp.a(altera_up_avalon_ethernet_low_level_driver.o)
 .data          0x00005d18        0x0 C:/Users/user/Desktop/CS4405Project/Workspace/CS4405Project_bsp/\libhal_bsp.a(altera_up_avalon_irda.o)
 .data          0x00005d18        0x0 C:/Users/user/Desktop/CS4405Project/Workspace/CS4405Project_bsp/\libhal_bsp.a(altera_up_avalon_ps2.o)
 .data          0x00005d18        0x0 C:/Users/user/Desktop/CS4405Project/Workspace/CS4405Project_bsp/\libhal_bsp.a(altera_up_avalon_rs232.o)
 .data          0x00005d18        0x0 C:/Users/user/Desktop/CS4405Project/Workspace/CS4405Project_bsp/\libhal_bsp.a(altera_up_avalon_video_character_buffer_with_dma.o)
 .data          0x00005d18        0x0 C:/Users/user/Desktop/CS4405Project/Workspace/CS4405Project_bsp/\libhal_bsp.a(alt_alarm_start.o)
 .data          0x00005d18        0x0 C:/Users/user/Desktop/CS4405Project/Workspace/CS4405Project_bsp/\libhal_bsp.a(alt_close.o)
 .data          0x00005d18        0x0 C:/Users/user/Desktop/CS4405Project/Workspace/CS4405Project_bsp/\libhal_bsp.a(alt_dcache_flush_all.o)
 .data          0x00005d18      0x1a8 C:/Users/user/Desktop/CS4405Project/Workspace/CS4405Project_bsp/\libhal_bsp.a(alt_dev.o)
                0x00005d18                alt_dev_null
                0x00005d40                alt_fd_list
 .data          0x00005ec0        0x0 C:/Users/user/Desktop/CS4405Project/Workspace/CS4405Project_bsp/\libhal_bsp.a(alt_dev_llist_insert.o)
 .data          0x00005ec0        0x0 C:/Users/user/Desktop/CS4405Project/Workspace/CS4405Project_bsp/\libhal_bsp.a(alt_do_ctors.o)
 .data          0x00005ec0        0x0 C:/Users/user/Desktop/CS4405Project/Workspace/CS4405Project_bsp/\libhal_bsp.a(alt_do_dtors.o)
 .data          0x00005ec0        0x0 C:/Users/user/Desktop/CS4405Project/Workspace/CS4405Project_bsp/\libhal_bsp.a(alt_errno.o)
 .data          0x00005ec0        0x0 C:/Users/user/Desktop/CS4405Project/Workspace/CS4405Project_bsp/\libhal_bsp.a(alt_find_dev.o)
 .data          0x00005ec0        0x0 C:/Users/user/Desktop/CS4405Project/Workspace/CS4405Project_bsp/\libhal_bsp.a(alt_icache_flush_all.o)
 .data          0x00005ec0        0x0 C:/Users/user/Desktop/CS4405Project/Workspace/CS4405Project_bsp/\libhal_bsp.a(alt_io_redirect.o)
 .data          0x00005ec0        0x0 C:/Users/user/Desktop/CS4405Project/Workspace/CS4405Project_bsp/\libhal_bsp.a(alt_irq_register.o)
 .data          0x00005ec0        0x0 C:/Users/user/Desktop/CS4405Project/Workspace/CS4405Project_bsp/\libhal_bsp.a(alt_irq_vars.o)
 .data          0x00005ec0        0x0 C:/Users/user/Desktop/CS4405Project/Workspace/CS4405Project_bsp/\libhal_bsp.a(alt_open.o)
 .data          0x00005ec0        0x0 C:/Users/user/Desktop/CS4405Project/Workspace/CS4405Project_bsp/\libhal_bsp.a(alt_release_fd.o)
 .data          0x00005ec0        0x0 C:/Users/user/Desktop/CS4405Project/Workspace/CS4405Project_bsp/\libhal_bsp.a(alt_tick.o)
 .data          0x00005ec0        0x0 C:/Users/user/Desktop/CS4405Project/Workspace/CS4405Project_bsp/\libhal_bsp.a(alt_usleep.o)
 .data          0x00005ec0        0x0 C:/Users/user/Desktop/CS4405Project/Workspace/CS4405Project_bsp/\libhal_bsp.a(altera_nios2_qsys_irq.o)
 .data          0x00005ec0        0x0 C:/Users/user/Desktop/CS4405Project/Workspace/CS4405Project_bsp/\libhal_bsp.a(alt_busy_sleep.o)
 .data          0x00005ec0        0x0 C:/Users/user/Desktop/CS4405Project/Workspace/CS4405Project_bsp/\libhal_bsp.a(alt_find_file.o)
 .data          0x00005ec0        0x0 C:/Users/user/Desktop/CS4405Project/Workspace/CS4405Project_bsp/\libhal_bsp.a(alt_get_fd.o)
 .data          0x00005ec0        0x0 C:/Users/user/Desktop/CS4405Project/Workspace/CS4405Project_bsp/\libhal_bsp.a(alt_icache_flush.o)
 .data          0x00005ec0        0x0 C:/Users/user/Desktop/CS4405Project/Workspace/CS4405Project_bsp/\libhal_bsp.a(alt_irq_entry.o)
 .data          0x00005ec0        0x0 C:/Users/user/Desktop/CS4405Project/Workspace/CS4405Project_bsp/\libhal_bsp.a(alt_irq_handler.o)
 .data          0x00005ec0        0x0 C:/Users/user/Desktop/CS4405Project/Workspace/CS4405Project_bsp/\libhal_bsp.a(alt_exception_entry.o)
 .data          0x00005ec0        0x0 c:/opt/fcs/software/altera/13.0sp1/nios2eds/bin/gnu/h-i686-mingw32/bin/../lib/gcc/nios2-elf/4.1.2/../../../../nios2-elf/lib\libc.a(lib_a-atexit.o)
 .data          0x00005ec0        0x0 c:/opt/fcs/software/altera/13.0sp1/nios2eds/bin/gnu/h-i686-mingw32/bin/../lib/gcc/nios2-elf/4.1.2/../../../../nios2-elf/lib\libc.a(lib_a-exit.o)
 .data          0x00005ec0      0x400 c:/opt/fcs/software/altera/13.0sp1/nios2eds/bin/gnu/h-i686-mingw32/bin/../lib/gcc/nios2-elf/4.1.2/../../../../nios2-elf/lib\libc.a(lib_a-impure.o)
 .data          0x000062c0        0x0 c:/opt/fcs/software/altera/13.0sp1/nios2eds/bin/gnu/h-i686-mingw32/bin/../lib/gcc/nios2-elf/4.1.2/../../../../nios2-elf/lib\libc.a(lib_a-int_errno.o)
 .data          0x000062c0        0x0 c:/opt/fcs/software/altera/13.0sp1/nios2eds/bin/gnu/h-i686-mingw32/bin/../lib/gcc/nios2-elf/4.1.2/../../../../nios2-elf/lib\libc.a(lib_a-memcmp.o)
 .data          0x000062c0        0x0 c:/opt/fcs/software/altera/13.0sp1/nios2eds/bin/gnu/h-i686-mingw32/bin/../lib/gcc/nios2-elf/4.1.2/../../../../nios2-elf/lib\libc.a(lib_a-memcpy.o)
 .data          0x000062c0        0x0 c:/opt/fcs/software/altera/13.0sp1/nios2eds/bin/gnu/h-i686-mingw32/bin/../lib/gcc/nios2-elf/4.1.2/../../../../nios2-elf/lib\libc.a(lib_a-strcmp.o)
 .data          0x000062c0        0x0 c:/opt/fcs/software/altera/13.0sp1/nios2eds/bin/gnu/h-i686-mingw32/bin/../lib/gcc/nios2-elf/4.1.2/../../../../nios2-elf/lib\libc.a(lib_a-strlen.o)
 .data          0x000062c0        0x0 c:/opt/fcs/software/altera/13.0sp1/nios2eds/bin/gnu/h-i686-mingw32/bin/../lib/gcc/nios2-elf/4.1.2/../../../../nios2-elf/lib\libc.a(lib_a-__atexit.o)
 .data          0x000062c0        0x0 c:/opt/fcs/software/altera/13.0sp1/nios2eds/bin/gnu/h-i686-mingw32/bin/../lib/gcc/nios2-elf/4.1.2/../../../../nios2-elf/lib\libc.a(lib_a-__call_atexit.o)
 .data          0x000062c0        0x0 C:/Users/user/Desktop/CS4405Project/Workspace/CS4405Project_bsp/\libhal_bsp.a(alt_exit.o)
                0x0000e2c0                _gp = ABSOLUTE ((. + 0x8000))
                0x0000e2c0                PROVIDE (gp, _gp)
 *(.rwdata .rwdata.*)
 *(.sdata .sdata.* .gnu.linkonce.s.*)
 .sdata         0x000062c0        0x4 obj/default/os_init.o
                0x000062c0                running
 .sdata         0x000062c4       0x14 C:/Users/user/Desktop/CS4405Project/Workspace/CS4405Project_bsp/\libhal_bsp.a(alt_dev.o)
                0x000062c4                alt_fs_list
                0x000062cc                alt_dev_list
                0x000062d4                alt_max_fd
 .sdata         0x000062d8        0x4 C:/Users/user/Desktop/CS4405Project/Workspace/CS4405Project_bsp/\libhal_bsp.a(alt_errno.o)
                0x000062d8                alt_errno
 .sdata         0x000062dc        0x4 C:/Users/user/Desktop/CS4405Project/Workspace/CS4405Project_bsp/\libhal_bsp.a(alt_irq_vars.o)
                0x000062dc                alt_priority_mask
 .sdata         0x000062e0        0x8 C:/Users/user/Desktop/CS4405Project/Workspace/CS4405Project_bsp/\libhal_bsp.a(alt_tick.o)
                0x000062e0                alt_alarm_list
 .sdata         0x000062e8        0x8 c:/opt/fcs/software/altera/13.0sp1/nios2eds/bin/gnu/h-i686-mingw32/bin/../lib/gcc/nios2-elf/4.1.2/../../../../nios2-elf/lib\libc.a(lib_a-impure.o)
                0x000062e8                _impure_ptr
                0x000062ec                _global_impure_ptr
 *(.sdata2 .sdata2.* .gnu.linkonce.s2.*)
                0x000062f0                . = ALIGN (0x4)
                0x000062f0                _edata = ABSOLUTE (.)
                0x000062f0                PROVIDE (edata, ABSOLUTE (.))
                0x000062f0                PROVIDE (__ram_rwdata_end, ABSOLUTE (.))
                0x000062f0                PROVIDE (__flash_rwdata_start, LOADADDR (.rwdata))

.bss            0x00007cdc      0x2ac
                0x00007cdc                __bss_start = ABSOLUTE (.)
                0x00007cdc                PROVIDE (__sbss_start, ABSOLUTE (.))
                0x00007cdc                PROVIDE (___sbss_start, ABSOLUTE (.))
 *(.dynsbss)
 *(.sbss .sbss.* .gnu.linkonce.sb.*)
 .sbss          0x00007cdc        0xc C:/Users/user/Desktop/CS4405Project/Workspace/CS4405Project_bsp/\libhal_bsp.a(alt_main.o)
                0x00007cdc                alt_argc
                0x00007ce0                alt_argv
                0x00007ce4                alt_envp
 .sbss          0x00007ce8        0x4 C:/Users/user/Desktop/CS4405Project/Workspace/CS4405Project_bsp/\libhal_bsp.a(alt_irq_vars.o)
                0x00007ce8                alt_irq_active
 .sbss          0x00007cec        0x8 C:/Users/user/Desktop/CS4405Project/Workspace/CS4405Project_bsp/\libhal_bsp.a(alt_tick.o)
                0x00007cec                _alt_tick_rate
                0x00007cf0                _alt_nticks
 .sbss          0x00007cf4        0x4 c:/opt/fcs/software/altera/13.0sp1/nios2eds/bin/gnu/h-i686-mingw32/bin/../lib/gcc/nios2-elf/4.1.2/../../../../nios2-elf/lib\libc.a(lib_a-int_errno.o)
                0x00007cf4                errno
 *(.sbss2 .sbss2.* .gnu.linkonce.sb2.*)
 *(.scommon)
                0x00007cf8                PROVIDE (__sbss_end, ABSOLUTE (.))
                0x00007cf8                PROVIDE (___sbss_end, ABSOLUTE (.))
 *(.dynbss)
 *(.bss .bss.* .gnu.linkonce.b.*)
 .bss           0x00007cf8        0x0 C:/Users/user/Desktop/CS4405Project/Workspace/CS4405Project_bsp//obj/HAL/src/crt0.o
 .bss           0x00007cf8        0x0 obj/default/os.o
 .bss           0x00007cf8        0x0 obj/default/os_fifo.o
 .bss           0x00007cf8        0x0 obj/default/os_init.o
 .bss           0x00007cf8        0x0 obj/default/os_memory.o
 .bss           0x00007cf8        0x0 obj/default/os_processmanage.o
 .bss           0x00007cf8        0x0 obj/default/os_semaphore.o
 .bss           0x00007cf8        0x0 C:/Users/user/Desktop/CS4405Project/Workspace/CS4405Project_bsp/\libhal_bsp.a(alt_load.o)
 .bss           0x00007cf8        0x0 C:/Users/user/Desktop/CS4405Project/Workspace/CS4405Project_bsp/\libhal_bsp.a(alt_main.o)
 .bss           0x00007cf8        0x0 C:/Users/user/Desktop/CS4405Project/Workspace/CS4405Project_bsp/\libhal_bsp.a(alt_sys_init.o)
 .bss           0x00007cf8        0x0 C:/Users/user/Desktop/CS4405Project/Workspace/CS4405Project_bsp/\libhal_bsp.a(altera_avalon_jtag_uart_fd.o)
 .bss           0x00007cf8        0x0 C:/Users/user/Desktop/CS4405Project/Workspace/CS4405Project_bsp/\libhal_bsp.a(altera_avalon_jtag_uart_init.o)
 .bss           0x00007cf8        0x0 C:/Users/user/Desktop/CS4405Project/Workspace/CS4405Project_bsp/\libhal_bsp.a(altera_avalon_jtag_uart_ioctl.o)
 .bss           0x00007cf8        0x0 C:/Users/user/Desktop/CS4405Project/Workspace/CS4405Project_bsp/\libhal_bsp.a(altera_avalon_jtag_uart_read.o)
 .bss           0x00007cf8        0x0 C:/Users/user/Desktop/CS4405Project/Workspace/CS4405Project_bsp/\libhal_bsp.a(altera_avalon_jtag_uart_write.o)
 .bss           0x00007cf8        0x0 C:/Users/user/Desktop/CS4405Project/Workspace/CS4405Project_bsp/\libhal_bsp.a(altera_avalon_timer_sc.o)
 .bss           0x00007cf8        0x0 C:/Users/user/Desktop/CS4405Project/Workspace/CS4405Project_bsp/\libhal_bsp.a(altera_up_avalon_character_lcd.o)
 .bss           0x00007cf8        0x0 C:/Users/user/Desktop/CS4405Project/Workspace/CS4405Project_bsp/\libhal_bsp.a(altera_up_avalon_ethernet.o)
 .bss           0x00007cf8        0x0 C:/Users/user/Desktop/CS4405Project/Workspace/CS4405Project_bsp/\libhal_bsp.a(altera_up_avalon_ethernet_low_level_driver.o)
 .bss           0x00007cf8        0x0 C:/Users/user/Desktop/CS4405Project/Workspace/CS4405Project_bsp/\libhal_bsp.a(altera_up_avalon_irda.o)
 .bss           0x00007cf8        0x0 C:/Users/user/Desktop/CS4405Project/Workspace/CS4405Project_bsp/\libhal_bsp.a(altera_up_avalon_ps2.o)
 .bss           0x00007cf8        0x0 C:/Users/user/Desktop/CS4405Project/Workspace/CS4405Project_bsp/\libhal_bsp.a(altera_up_avalon_rs232.o)
 .bss           0x00007cf8        0x0 C:/Users/user/Desktop/CS4405Project/Workspace/CS4405Project_bsp/\libhal_bsp.a(altera_up_avalon_video_character_buffer_with_dma.o)
 .bss           0x00007cf8        0x0 C:/Users/user/Desktop/CS4405Project/Workspace/CS4405Project_bsp/\libhal_bsp.a(alt_alarm_start.o)
 .bss           0x00007cf8        0x0 C:/Users/user/Desktop/CS4405Project/Workspace/CS4405Project_bsp/\libhal_bsp.a(alt_close.o)
 .bss           0x00007cf8        0x0 C:/Users/user/Desktop/CS4405Project/Workspace/CS4405Project_bsp/\libhal_bsp.a(alt_dcache_flush_all.o)
 .bss           0x00007cf8        0x0 C:/Users/user/Desktop/CS4405Project/Workspace/CS4405Project_bsp/\libhal_bsp.a(alt_dev.o)
 .bss           0x00007cf8        0x0 C:/Users/user/Desktop/CS4405Project/Workspace/CS4405Project_bsp/\libhal_bsp.a(alt_dev_llist_insert.o)
 .bss           0x00007cf8        0x0 C:/Users/user/Desktop/CS4405Project/Workspace/CS4405Project_bsp/\libhal_bsp.a(alt_do_ctors.o)
 .bss           0x00007cf8        0x0 C:/Users/user/Desktop/CS4405Project/Workspace/CS4405Project_bsp/\libhal_bsp.a(alt_do_dtors.o)
 .bss           0x00007cf8        0x0 C:/Users/user/Desktop/CS4405Project/Workspace/CS4405Project_bsp/\libhal_bsp.a(alt_errno.o)
 .bss           0x00007cf8        0x0 C:/Users/user/Desktop/CS4405Project/Workspace/CS4405Project_bsp/\libhal_bsp.a(alt_find_dev.o)
 .bss           0x00007cf8        0x0 C:/Users/user/Desktop/CS4405Project/Workspace/CS4405Project_bsp/\libhal_bsp.a(alt_icache_flush_all.o)
 .bss           0x00007cf8        0x0 C:/Users/user/Desktop/CS4405Project/Workspace/CS4405Project_bsp/\libhal_bsp.a(alt_io_redirect.o)
 .bss           0x00007cf8        0x0 C:/Users/user/Desktop/CS4405Project/Workspace/CS4405Project_bsp/\libhal_bsp.a(alt_irq_register.o)
 .bss           0x00007cf8        0x0 C:/Users/user/Desktop/CS4405Project/Workspace/CS4405Project_bsp/\libhal_bsp.a(alt_irq_vars.o)
 .bss           0x00007cf8        0x0 C:/Users/user/Desktop/CS4405Project/Workspace/CS4405Project_bsp/\libhal_bsp.a(alt_open.o)
 .bss           0x00007cf8        0x0 C:/Users/user/Desktop/CS4405Project/Workspace/CS4405Project_bsp/\libhal_bsp.a(alt_release_fd.o)
 .bss           0x00007cf8        0x0 C:/Users/user/Desktop/CS4405Project/Workspace/CS4405Project_bsp/\libhal_bsp.a(alt_tick.o)
 .bss           0x00007cf8        0x0 C:/Users/user/Desktop/CS4405Project/Workspace/CS4405Project_bsp/\libhal_bsp.a(alt_usleep.o)
 .bss           0x00007cf8        0x0 C:/Users/user/Desktop/CS4405Project/Workspace/CS4405Project_bsp/\libhal_bsp.a(altera_nios2_qsys_irq.o)
 .bss           0x00007cf8        0x0 C:/Users/user/Desktop/CS4405Project/Workspace/CS4405Project_bsp/\libhal_bsp.a(alt_busy_sleep.o)
 .bss           0x00007cf8        0x0 C:/Users/user/Desktop/CS4405Project/Workspace/CS4405Project_bsp/\libhal_bsp.a(alt_find_file.o)
 .bss           0x00007cf8        0x0 C:/Users/user/Desktop/CS4405Project/Workspace/CS4405Project_bsp/\libhal_bsp.a(alt_get_fd.o)
 .bss           0x00007cf8        0x0 C:/Users/user/Desktop/CS4405Project/Workspace/CS4405Project_bsp/\libhal_bsp.a(alt_icache_flush.o)
 .bss           0x00007cf8        0x0 C:/Users/user/Desktop/CS4405Project/Workspace/CS4405Project_bsp/\libhal_bsp.a(alt_irq_entry.o)
 .bss           0x00007cf8        0x0 C:/Users/user/Desktop/CS4405Project/Workspace/CS4405Project_bsp/\libhal_bsp.a(alt_irq_handler.o)
 .bss           0x00007cf8        0x0 C:/Users/user/Desktop/CS4405Project/Workspace/CS4405Project_bsp/\libhal_bsp.a(alt_exception_entry.o)
 .bss           0x00007cf8        0x0 c:/opt/fcs/software/altera/13.0sp1/nios2eds/bin/gnu/h-i686-mingw32/bin/../lib/gcc/nios2-elf/4.1.2/../../../../nios2-elf/lib\libc.a(lib_a-atexit.o)
 .bss           0x00007cf8        0x0 c:/opt/fcs/software/altera/13.0sp1/nios2eds/bin/gnu/h-i686-mingw32/bin/../lib/gcc/nios2-elf/4.1.2/../../../../nios2-elf/lib\libc.a(lib_a-exit.o)
 .bss           0x00007cf8        0x0 c:/opt/fcs/software/altera/13.0sp1/nios2eds/bin/gnu/h-i686-mingw32/bin/../lib/gcc/nios2-elf/4.1.2/../../../../nios2-elf/lib\libc.a(lib_a-impure.o)
 .bss           0x00007cf8        0x0 c:/opt/fcs/software/altera/13.0sp1/nios2eds/bin/gnu/h-i686-mingw32/bin/../lib/gcc/nios2-elf/4.1.2/../../../../nios2-elf/lib\libc.a(lib_a-int_errno.o)
 .bss           0x00007cf8        0x0 c:/opt/fcs/software/altera/13.0sp1/nios2eds/bin/gnu/h-i686-mingw32/bin/../lib/gcc/nios2-elf/4.1.2/../../../../nios2-elf/lib\libc.a(lib_a-memcmp.o)
 .bss           0x00007cf8        0x0 c:/opt/fcs/software/altera/13.0sp1/nios2eds/bin/gnu/h-i686-mingw32/bin/../lib/gcc/nios2-elf/4.1.2/../../../../nios2-elf/lib\libc.a(lib_a-memcpy.o)
 .bss           0x00007cf8        0x0 c:/opt/fcs/software/altera/13.0sp1/nios2eds/bin/gnu/h-i686-mingw32/bin/../lib/gcc/nios2-elf/4.1.2/../../../../nios2-elf/lib\libc.a(lib_a-strcmp.o)
 .bss           0x00007cf8        0x0 c:/opt/fcs/software/altera/13.0sp1/nios2eds/bin/gnu/h-i686-mingw32/bin/../lib/gcc/nios2-elf/4.1.2/../../../../nios2-elf/lib\libc.a(lib_a-strlen.o)
 .bss           0x00007cf8        0x0 c:/opt/fcs/software/altera/13.0sp1/nios2eds/bin/gnu/h-i686-mingw32/bin/../lib/gcc/nios2-elf/4.1.2/../../../../nios2-elf/lib\libc.a(lib_a-__atexit.o)
 .bss           0x00007cf8        0x0 c:/opt/fcs/software/altera/13.0sp1/nios2eds/bin/gnu/h-i686-mingw32/bin/../lib/gcc/nios2-elf/4.1.2/../../../../nios2-elf/lib\libc.a(lib_a-__call_atexit.o)
 .bss           0x00007cf8        0x0 C:/Users/user/Desktop/CS4405Project/Workspace/CS4405Project_bsp/\libhal_bsp.a(alt_exit.o)
 *(COMMON)
 COMMON         0x00007cf8      0x100 C:/Users/user/Desktop/CS4405Project/Workspace/CS4405Project_bsp/\libhal_bsp.a(alt_irq_handler.o)
                0x00007cf8                alt_irq
 COMMON         0x00007df8      0x190 c:/opt/fcs/software/altera/13.0sp1/nios2eds/bin/gnu/h-i686-mingw32/bin/../lib/gcc/nios2-elf/4.1.2/../../../../nios2-elf/lib\libc.a(lib_a-atexit.o)
                0x00007df8                _atexit0
                0x00007f88                . = ALIGN (0x4)
                0x00007f88                __bss_end = ABSOLUTE (.)

.SDRAM          0x00007f88        0x0
                0x00007f88                PROVIDE (_alt_partition_SDRAM_start, ABSOLUTE (.))
 *(.SDRAM. SDRAM.*)
                0x00007f88                . = ALIGN (0x4)
                0x00007f88                PROVIDE (_alt_partition_SDRAM_end, ABSOLUTE (.))
                0x00007f88                _end = ABSOLUTE (.)
                0x00007f88                end = ABSOLUTE (.)
                0x00007f88                __alt_stack_base = ABSOLUTE (.)
                0x00007f88                PROVIDE (_alt_partition_SDRAM_load_addr, LOADADDR (.SDRAM))

.Flash_flash_data
                0x0c000000        0x0 load address 0x00007f88
                0x0c000000                PROVIDE (_alt_partition_Flash_flash_data_start, ABSOLUTE (.))
 *(.Flash_flash_data. Flash_flash_data.*)
                0x0c000000                . = ALIGN (0x4)
                0x0c000000                PROVIDE (_alt_partition_Flash_flash_data_end, ABSOLUTE (.))
                0x00007f88                PROVIDE (_alt_partition_Flash_flash_data_load_addr, LOADADDR (.Flash_flash_data))

.stab
 *(.stab)

.stabstr
 *(.stabstr)

.stab.excl
 *(.stab.excl)

.stab.exclstr
 *(.stab.exclstr)

.stab.index
 *(.stab.index)

.stab.indexstr
 *(.stab.indexstr)

.comment        0x00000000       0x26
 *(.comment)
 .comment       0x00000000       0x26 obj/default/os.o
                                 0x27 (size before relaxing)
 .comment       0x00000000       0x27 obj/default/os_fifo.o
 .comment       0x00000000       0x27 obj/default/os_init.o
 .comment       0x00000000       0x27 obj/default/os_memory.o
 .comment       0x00000000       0x27 obj/default/os_processmanage.o
 .comment       0x00000000       0x27 obj/default/os_semaphore.o
 .comment       0x00000000       0x27 C:/Users/user/Desktop/CS4405Project/Workspace/CS4405Project_bsp/\libhal_bsp.a(alt_load.o)
 .comment       0x00000000       0x27 C:/Users/user/Desktop/CS4405Project/Workspace/CS4405Project_bsp/\libhal_bsp.a(alt_main.o)
 .comment       0x00000000       0x27 C:/Users/user/Desktop/CS4405Project/Workspace/CS4405Project_bsp/\libhal_bsp.a(alt_sys_init.o)
 .comment       0x00000000       0x27 C:/Users/user/Desktop/CS4405Project/Workspace/CS4405Project_bsp/\libhal_bsp.a(altera_avalon_jtag_uart_fd.o)
 .comment       0x00000000       0x27 C:/Users/user/Desktop/CS4405Project/Workspace/CS4405Project_bsp/\libhal_bsp.a(altera_avalon_jtag_uart_init.o)
 .comment       0x00000000       0x27 C:/Users/user/Desktop/CS4405Project/Workspace/CS4405Project_bsp/\libhal_bsp.a(altera_avalon_jtag_uart_ioctl.o)
 .comment       0x00000000       0x27 C:/Users/user/Desktop/CS4405Project/Workspace/CS4405Project_bsp/\libhal_bsp.a(altera_avalon_jtag_uart_read.o)
 .comment       0x00000000       0x27 C:/Users/user/Desktop/CS4405Project/Workspace/CS4405Project_bsp/\libhal_bsp.a(altera_avalon_jtag_uart_write.o)
 .comment       0x00000000       0x27 C:/Users/user/Desktop/CS4405Project/Workspace/CS4405Project_bsp/\libhal_bsp.a(altera_avalon_timer_sc.o)
 .comment       0x00000000       0x27 C:/Users/user/Desktop/CS4405Project/Workspace/CS4405Project_bsp/\libhal_bsp.a(altera_up_avalon_character_lcd.o)
 .comment       0x00000000       0x27 C:/Users/user/Desktop/CS4405Project/Workspace/CS4405Project_bsp/\libhal_bsp.a(altera_up_avalon_ethernet.o)
 .comment       0x00000000       0x27 C:/Users/user/Desktop/CS4405Project/Workspace/CS4405Project_bsp/\libhal_bsp.a(altera_up_avalon_ethernet_low_level_driver.o)
 .comment       0x00000000       0x27 C:/Users/user/Desktop/CS4405Project/Workspace/CS4405Project_bsp/\libhal_bsp.a(altera_up_avalon_irda.o)
 .comment       0x00000000       0x27 C:/Users/user/Desktop/CS4405Project/Workspace/CS4405Project_bsp/\libhal_bsp.a(altera_up_avalon_ps2.o)
 .comment       0x00000000       0x27 C:/Users/user/Desktop/CS4405Project/Workspace/CS4405Project_bsp/\libhal_bsp.a(altera_up_avalon_rs232.o)
 .comment       0x00000000       0x27 C:/Users/user/Desktop/CS4405Project/Workspace/CS4405Project_bsp/\libhal_bsp.a(altera_up_avalon_video_character_buffer_with_dma.o)
 .comment       0x00000000       0x27 C:/Users/user/Desktop/CS4405Project/Workspace/CS4405Project_bsp/\libhal_bsp.a(alt_alarm_start.o)
 .comment       0x00000000       0x27 C:/Users/user/Desktop/CS4405Project/Workspace/CS4405Project_bsp/\libhal_bsp.a(alt_close.o)
 .comment       0x00000000       0x27 C:/Users/user/Desktop/CS4405Project/Workspace/CS4405Project_bsp/\libhal_bsp.a(alt_dcache_flush_all.o)
 .comment       0x00000000       0x27 C:/Users/user/Desktop/CS4405Project/Workspace/CS4405Project_bsp/\libhal_bsp.a(alt_dev.o)
 .comment       0x00000000       0x27 C:/Users/user/Desktop/CS4405Project/Workspace/CS4405Project_bsp/\libhal_bsp.a(alt_dev_llist_insert.o)
 .comment       0x00000000       0x27 C:/Users/user/Desktop/CS4405Project/Workspace/CS4405Project_bsp/\libhal_bsp.a(alt_do_ctors.o)
 .comment       0x00000000       0x27 C:/Users/user/Desktop/CS4405Project/Workspace/CS4405Project_bsp/\libhal_bsp.a(alt_do_dtors.o)
 .comment       0x00000000       0x27 C:/Users/user/Desktop/CS4405Project/Workspace/CS4405Project_bsp/\libhal_bsp.a(alt_errno.o)
 .comment       0x00000000       0x27 C:/Users/user/Desktop/CS4405Project/Workspace/CS4405Project_bsp/\libhal_bsp.a(alt_find_dev.o)
 .comment       0x00000000       0x27 C:/Users/user/Desktop/CS4405Project/Workspace/CS4405Project_bsp/\libhal_bsp.a(alt_icache_flush_all.o)
 .comment       0x00000000       0x27 C:/Users/user/Desktop/CS4405Project/Workspace/CS4405Project_bsp/\libhal_bsp.a(alt_io_redirect.o)
 .comment       0x00000000       0x27 C:/Users/user/Desktop/CS4405Project/Workspace/CS4405Project_bsp/\libhal_bsp.a(alt_irq_register.o)
 .comment       0x00000000       0x27 C:/Users/user/Desktop/CS4405Project/Workspace/CS4405Project_bsp/\libhal_bsp.a(alt_irq_vars.o)
 .comment       0x00000000       0x27 C:/Users/user/Desktop/CS4405Project/Workspace/CS4405Project_bsp/\libhal_bsp.a(alt_open.o)
 .comment       0x00000000       0x27 C:/Users/user/Desktop/CS4405Project/Workspace/CS4405Project_bsp/\libhal_bsp.a(alt_release_fd.o)
 .comment       0x00000000       0x27 C:/Users/user/Desktop/CS4405Project/Workspace/CS4405Project_bsp/\libhal_bsp.a(alt_tick.o)
 .comment       0x00000000       0x27 C:/Users/user/Desktop/CS4405Project/Workspace/CS4405Project_bsp/\libhal_bsp.a(alt_usleep.o)
 .comment       0x00000000       0x27 C:/Users/user/Desktop/CS4405Project/Workspace/CS4405Project_bsp/\libhal_bsp.a(altera_nios2_qsys_irq.o)
 .comment       0x00000000       0x27 C:/Users/user/Desktop/CS4405Project/Workspace/CS4405Project_bsp/\libhal_bsp.a(alt_busy_sleep.o)
 .comment       0x00000000       0x27 C:/Users/user/Desktop/CS4405Project/Workspace/CS4405Project_bsp/\libhal_bsp.a(alt_find_file.o)
 .comment       0x00000000       0x27 C:/Users/user/Desktop/CS4405Project/Workspace/CS4405Project_bsp/\libhal_bsp.a(alt_get_fd.o)
 .comment       0x00000000       0x27 C:/Users/user/Desktop/CS4405Project/Workspace/CS4405Project_bsp/\libhal_bsp.a(alt_icache_flush.o)
 .comment       0x00000000       0x27 C:/Users/user/Desktop/CS4405Project/Workspace/CS4405Project_bsp/\libhal_bsp.a(alt_irq_handler.o)
 .comment       0x00000000       0x27 c:/opt/fcs/software/altera/13.0sp1/nios2eds/bin/gnu/h-i686-mingw32/bin/../lib/gcc/nios2-elf/4.1.2/../../../../nios2-elf/lib\libc.a(lib_a-atexit.o)
 .comment       0x00000000       0x27 c:/opt/fcs/software/altera/13.0sp1/nios2eds/bin/gnu/h-i686-mingw32/bin/../lib/gcc/nios2-elf/4.1.2/../../../../nios2-elf/lib\libc.a(lib_a-exit.o)
 .comment       0x00000000       0x27 c:/opt/fcs/software/altera/13.0sp1/nios2eds/bin/gnu/h-i686-mingw32/bin/../lib/gcc/nios2-elf/4.1.2/../../../../nios2-elf/lib\libc.a(lib_a-impure.o)
 .comment       0x00000000       0x27 c:/opt/fcs/software/altera/13.0sp1/nios2eds/bin/gnu/h-i686-mingw32/bin/../lib/gcc/nios2-elf/4.1.2/../../../../nios2-elf/lib\libc.a(lib_a-int_errno.o)
 .comment       0x00000000       0x27 c:/opt/fcs/software/altera/13.0sp1/nios2eds/bin/gnu/h-i686-mingw32/bin/../lib/gcc/nios2-elf/4.1.2/../../../../nios2-elf/lib\libc.a(lib_a-memcmp.o)
 .comment       0x00000000       0x27 c:/opt/fcs/software/altera/13.0sp1/nios2eds/bin/gnu/h-i686-mingw32/bin/../lib/gcc/nios2-elf/4.1.2/../../../../nios2-elf/lib\libc.a(lib_a-memcpy.o)
 .comment       0x00000000       0x27 c:/opt/fcs/software/altera/13.0sp1/nios2eds/bin/gnu/h-i686-mingw32/bin/../lib/gcc/nios2-elf/4.1.2/../../../../nios2-elf/lib\libc.a(lib_a-strcmp.o)
 .comment       0x00000000       0x27 c:/opt/fcs/software/altera/13.0sp1/nios2eds/bin/gnu/h-i686-mingw32/bin/../lib/gcc/nios2-elf/4.1.2/../../../../nios2-elf/lib\libc.a(lib_a-strlen.o)
 .comment       0x00000000       0x27 c:/opt/fcs/software/altera/13.0sp1/nios2eds/bin/gnu/h-i686-mingw32/bin/../lib/gcc/nios2-elf/4.1.2/../../../../nios2-elf/lib\libc.a(lib_a-__atexit.o)
 .comment       0x00000000       0x27 c:/opt/fcs/software/altera/13.0sp1/nios2eds/bin/gnu/h-i686-mingw32/bin/../lib/gcc/nios2-elf/4.1.2/../../../../nios2-elf/lib\libc.a(lib_a-__call_atexit.o)
 .comment       0x00000000       0x27 C:/Users/user/Desktop/CS4405Project/Workspace/CS4405Project_bsp/\libhal_bsp.a(alt_exit.o)

.debug
 *(.debug)

.line
 *(.line)

.debug_srcinfo
 *(.debug_srcinfo)

.debug_sfnames
 *(.debug_sfnames)

.debug_aranges  0x00000000      0x718
 *(.debug_aranges)
 .debug_aranges
                0x00000000       0x28 C:/Users/user/Desktop/CS4405Project/Workspace/CS4405Project_bsp//obj/HAL/src/crt0.o
 .debug_aranges
                0x00000028       0x20 obj/default/os.o
 .debug_aranges
                0x00000048       0x20 obj/default/os_fifo.o
 .debug_aranges
                0x00000068       0x20 obj/default/os_init.o
 .debug_aranges
                0x00000088       0x20 obj/default/os_memory.o
 .debug_aranges
                0x000000a8       0x20 obj/default/os_processmanage.o
 .debug_aranges
                0x000000c8       0x20 obj/default/os_semaphore.o
 .debug_aranges
                0x000000e8       0x20 C:/Users/user/Desktop/CS4405Project/Workspace/CS4405Project_bsp/\libhal_bsp.a(alt_load.o)
 .debug_aranges
                0x00000108       0x20 C:/Users/user/Desktop/CS4405Project/Workspace/CS4405Project_bsp/\libhal_bsp.a(alt_main.o)
 .debug_aranges
                0x00000128       0x20 C:/Users/user/Desktop/CS4405Project/Workspace/CS4405Project_bsp/\libhal_bsp.a(alt_sys_init.o)
 .debug_aranges
                0x00000148       0x20 C:/Users/user/Desktop/CS4405Project/Workspace/CS4405Project_bsp/\libhal_bsp.a(altera_avalon_jtag_uart_fd.o)
 .debug_aranges
                0x00000168       0x20 C:/Users/user/Desktop/CS4405Project/Workspace/CS4405Project_bsp/\libhal_bsp.a(altera_avalon_jtag_uart_init.o)
 .debug_aranges
                0x00000188       0x20 C:/Users/user/Desktop/CS4405Project/Workspace/CS4405Project_bsp/\libhal_bsp.a(altera_avalon_jtag_uart_ioctl.o)
 .debug_aranges
                0x000001a8       0x20 C:/Users/user/Desktop/CS4405Project/Workspace/CS4405Project_bsp/\libhal_bsp.a(altera_avalon_jtag_uart_read.o)
 .debug_aranges
                0x000001c8       0x20 C:/Users/user/Desktop/CS4405Project/Workspace/CS4405Project_bsp/\libhal_bsp.a(altera_avalon_jtag_uart_write.o)
 .debug_aranges
                0x000001e8       0x20 C:/Users/user/Desktop/CS4405Project/Workspace/CS4405Project_bsp/\libhal_bsp.a(altera_avalon_timer_sc.o)
 .debug_aranges
                0x00000208       0x20 C:/Users/user/Desktop/CS4405Project/Workspace/CS4405Project_bsp/\libhal_bsp.a(altera_up_avalon_character_lcd.o)
 .debug_aranges
                0x00000228       0x20 C:/Users/user/Desktop/CS4405Project/Workspace/CS4405Project_bsp/\libhal_bsp.a(altera_up_avalon_ethernet.o)
 .debug_aranges
                0x00000248       0x20 C:/Users/user/Desktop/CS4405Project/Workspace/CS4405Project_bsp/\libhal_bsp.a(altera_up_avalon_ethernet_low_level_driver.o)
 .debug_aranges
                0x00000268       0x20 C:/Users/user/Desktop/CS4405Project/Workspace/CS4405Project_bsp/\libhal_bsp.a(altera_up_avalon_irda.o)
 .debug_aranges
                0x00000288       0x20 C:/Users/user/Desktop/CS4405Project/Workspace/CS4405Project_bsp/\libhal_bsp.a(altera_up_avalon_ps2.o)
 .debug_aranges
                0x000002a8       0x20 C:/Users/user/Desktop/CS4405Project/Workspace/CS4405Project_bsp/\libhal_bsp.a(altera_up_avalon_rs232.o)
 .debug_aranges
                0x000002c8       0x20 C:/Users/user/Desktop/CS4405Project/Workspace/CS4405Project_bsp/\libhal_bsp.a(altera_up_avalon_video_character_buffer_with_dma.o)
 .debug_aranges
                0x000002e8       0x20 C:/Users/user/Desktop/CS4405Project/Workspace/CS4405Project_bsp/\libhal_bsp.a(alt_alarm_start.o)
 .debug_aranges
                0x00000308       0x20 C:/Users/user/Desktop/CS4405Project/Workspace/CS4405Project_bsp/\libhal_bsp.a(alt_close.o)
 .debug_aranges
                0x00000328       0x20 C:/Users/user/Desktop/CS4405Project/Workspace/CS4405Project_bsp/\libhal_bsp.a(alt_dcache_flush_all.o)
 .debug_aranges
                0x00000348       0x20 C:/Users/user/Desktop/CS4405Project/Workspace/CS4405Project_bsp/\libhal_bsp.a(alt_dev.o)
 .debug_aranges
                0x00000368       0x20 C:/Users/user/Desktop/CS4405Project/Workspace/CS4405Project_bsp/\libhal_bsp.a(alt_dev_llist_insert.o)
 .debug_aranges
                0x00000388       0x20 C:/Users/user/Desktop/CS4405Project/Workspace/CS4405Project_bsp/\libhal_bsp.a(alt_do_ctors.o)
 .debug_aranges
                0x000003a8       0x20 C:/Users/user/Desktop/CS4405Project/Workspace/CS4405Project_bsp/\libhal_bsp.a(alt_do_dtors.o)
 .debug_aranges
                0x000003c8       0x20 C:/Users/user/Desktop/CS4405Project/Workspace/CS4405Project_bsp/\libhal_bsp.a(alt_find_dev.o)
 .debug_aranges
                0x000003e8       0x20 C:/Users/user/Desktop/CS4405Project/Workspace/CS4405Project_bsp/\libhal_bsp.a(alt_icache_flush_all.o)
 .debug_aranges
                0x00000408       0x20 C:/Users/user/Desktop/CS4405Project/Workspace/CS4405Project_bsp/\libhal_bsp.a(alt_io_redirect.o)
 .debug_aranges
                0x00000428       0x20 C:/Users/user/Desktop/CS4405Project/Workspace/CS4405Project_bsp/\libhal_bsp.a(alt_irq_register.o)
 .debug_aranges
                0x00000448       0x20 C:/Users/user/Desktop/CS4405Project/Workspace/CS4405Project_bsp/\libhal_bsp.a(alt_open.o)
 .debug_aranges
                0x00000468       0x20 C:/Users/user/Desktop/CS4405Project/Workspace/CS4405Project_bsp/\libhal_bsp.a(alt_release_fd.o)
 .debug_aranges
                0x00000488       0x20 C:/Users/user/Desktop/CS4405Project/Workspace/CS4405Project_bsp/\libhal_bsp.a(alt_tick.o)
 .debug_aranges
                0x000004a8       0x20 C:/Users/user/Desktop/CS4405Project/Workspace/CS4405Project_bsp/\libhal_bsp.a(alt_usleep.o)
 .debug_aranges
                0x000004c8       0x20 C:/Users/user/Desktop/CS4405Project/Workspace/CS4405Project_bsp/\libhal_bsp.a(altera_nios2_qsys_irq.o)
 .debug_aranges
                0x000004e8       0x20 C:/Users/user/Desktop/CS4405Project/Workspace/CS4405Project_bsp/\libhal_bsp.a(alt_busy_sleep.o)
 .debug_aranges
                0x00000508       0x20 C:/Users/user/Desktop/CS4405Project/Workspace/CS4405Project_bsp/\libhal_bsp.a(alt_find_file.o)
 .debug_aranges
                0x00000528       0x20 C:/Users/user/Desktop/CS4405Project/Workspace/CS4405Project_bsp/\libhal_bsp.a(alt_get_fd.o)
 .debug_aranges
                0x00000548       0x20 C:/Users/user/Desktop/CS4405Project/Workspace/CS4405Project_bsp/\libhal_bsp.a(alt_icache_flush.o)
 .debug_aranges
                0x00000568       0x30 C:/Users/user/Desktop/CS4405Project/Workspace/CS4405Project_bsp/\libhal_bsp.a(alt_irq_entry.o)
 .debug_aranges
                0x00000598       0x28 C:/Users/user/Desktop/CS4405Project/Workspace/CS4405Project_bsp/\libhal_bsp.a(alt_irq_handler.o)
 .debug_aranges
                0x000005c0       0x38 C:/Users/user/Desktop/CS4405Project/Workspace/CS4405Project_bsp/\libhal_bsp.a(alt_exception_entry.o)
 .debug_aranges
                0x000005f8       0x20 c:/opt/fcs/software/altera/13.0sp1/nios2eds/bin/gnu/h-i686-mingw32/bin/../lib/gcc/nios2-elf/4.1.2/../../../../nios2-elf/lib\libc.a(lib_a-atexit.o)
 .debug_aranges
                0x00000618       0x20 c:/opt/fcs/software/altera/13.0sp1/nios2eds/bin/gnu/h-i686-mingw32/bin/../lib/gcc/nios2-elf/4.1.2/../../../../nios2-elf/lib\libc.a(lib_a-exit.o)
 .debug_aranges
                0x00000638       0x20 c:/opt/fcs/software/altera/13.0sp1/nios2eds/bin/gnu/h-i686-mingw32/bin/../lib/gcc/nios2-elf/4.1.2/../../../../nios2-elf/lib\libc.a(lib_a-memcmp.o)
 .debug_aranges
                0x00000658       0x20 c:/opt/fcs/software/altera/13.0sp1/nios2eds/bin/gnu/h-i686-mingw32/bin/../lib/gcc/nios2-elf/4.1.2/../../../../nios2-elf/lib\libc.a(lib_a-memcpy.o)
 .debug_aranges
                0x00000678       0x20 c:/opt/fcs/software/altera/13.0sp1/nios2eds/bin/gnu/h-i686-mingw32/bin/../lib/gcc/nios2-elf/4.1.2/../../../../nios2-elf/lib\libc.a(lib_a-strcmp.o)
 .debug_aranges
                0x00000698       0x20 c:/opt/fcs/software/altera/13.0sp1/nios2eds/bin/gnu/h-i686-mingw32/bin/../lib/gcc/nios2-elf/4.1.2/../../../../nios2-elf/lib\libc.a(lib_a-strlen.o)
 .debug_aranges
                0x000006b8       0x20 c:/opt/fcs/software/altera/13.0sp1/nios2eds/bin/gnu/h-i686-mingw32/bin/../lib/gcc/nios2-elf/4.1.2/../../../../nios2-elf/lib\libc.a(lib_a-__atexit.o)
 .debug_aranges
                0x000006d8       0x20 c:/opt/fcs/software/altera/13.0sp1/nios2eds/bin/gnu/h-i686-mingw32/bin/../lib/gcc/nios2-elf/4.1.2/../../../../nios2-elf/lib\libc.a(lib_a-__call_atexit.o)
 .debug_aranges
                0x000006f8       0x20 C:/Users/user/Desktop/CS4405Project/Workspace/CS4405Project_bsp/\libhal_bsp.a(alt_exit.o)

.debug_pubnames
                0x00000000     0x1116
 *(.debug_pubnames)
 .debug_pubnames
                0x00000000       0x1b obj/default/os.o
 .debug_pubnames
                0x0000001b       0x3b obj/default/os_fifo.o
 .debug_pubnames
                0x00000056       0x44 obj/default/os_init.o
 .debug_pubnames
                0x0000009a       0x3e obj/default/os_memory.o
 .debug_pubnames
                0x000000d8       0x4e obj/default/os_processmanage.o
 .debug_pubnames
                0x00000126       0x3b obj/default/os_semaphore.o
 .debug_pubnames
                0x00000161       0x1f C:/Users/user/Desktop/CS4405Project/Workspace/CS4405Project_bsp/\libhal_bsp.a(alt_load.o)
 .debug_pubnames
                0x00000180       0x46 C:/Users/user/Desktop/CS4405Project/Workspace/CS4405Project_bsp/\libhal_bsp.a(alt_main.o)
 .debug_pubnames
                0x000001c6       0x34 C:/Users/user/Desktop/CS4405Project/Workspace/CS4405Project_bsp/\libhal_bsp.a(alt_sys_init.o)
 .debug_pubnames
                0x000001fa       0xa5 C:/Users/user/Desktop/CS4405Project/Workspace/CS4405Project_bsp/\libhal_bsp.a(altera_avalon_jtag_uart_fd.o)
 .debug_pubnames
                0x0000029f       0x55 C:/Users/user/Desktop/CS4405Project/Workspace/CS4405Project_bsp/\libhal_bsp.a(altera_avalon_jtag_uart_init.o)
 .debug_pubnames
                0x000002f4       0x34 C:/Users/user/Desktop/CS4405Project/Workspace/CS4405Project_bsp/\libhal_bsp.a(altera_avalon_jtag_uart_ioctl.o)
 .debug_pubnames
                0x00000328       0x33 C:/Users/user/Desktop/CS4405Project/Workspace/CS4405Project_bsp/\libhal_bsp.a(altera_avalon_jtag_uart_read.o)
 .debug_pubnames
                0x0000035b       0x34 C:/Users/user/Desktop/CS4405Project/Workspace/CS4405Project_bsp/\libhal_bsp.a(altera_avalon_jtag_uart_write.o)
 .debug_pubnames
                0x0000038f       0x2f C:/Users/user/Desktop/CS4405Project/Workspace/CS4405Project_bsp/\libhal_bsp.a(altera_avalon_timer_sc.o)
 .debug_pubnames
                0x000003be      0x1cd C:/Users/user/Desktop/CS4405Project/Workspace/CS4405Project_bsp/\libhal_bsp.a(altera_up_avalon_character_lcd.o)
 .debug_pubnames
                0x0000058b       0x48 C:/Users/user/Desktop/CS4405Project/Workspace/CS4405Project_bsp/\libhal_bsp.a(altera_up_avalon_ethernet.o)
 .debug_pubnames
                0x000005d3       0x90 C:/Users/user/Desktop/CS4405Project/Workspace/CS4405Project_bsp/\libhal_bsp.a(altera_up_avalon_ethernet_low_level_driver.o)
 .debug_pubnames
                0x00000663      0x159 C:/Users/user/Desktop/CS4405Project/Workspace/CS4405Project_bsp/\libhal_bsp.a(altera_up_avalon_irda.o)
 .debug_pubnames
                0x000007bc      0x1ed C:/Users/user/Desktop/CS4405Project/Workspace/CS4405Project_bsp/\libhal_bsp.a(altera_up_avalon_ps2.o)
 .debug_pubnames
                0x000009a9      0x163 C:/Users/user/Desktop/CS4405Project/Workspace/CS4405Project_bsp/\libhal_bsp.a(altera_up_avalon_rs232.o)
 .debug_pubnames
                0x00000b0c       0xa5 C:/Users/user/Desktop/CS4405Project/Workspace/CS4405Project_bsp/\libhal_bsp.a(altera_up_avalon_video_character_buffer_with_dma.o)
 .debug_pubnames
                0x00000bb1       0x26 C:/Users/user/Desktop/CS4405Project/Workspace/CS4405Project_bsp/\libhal_bsp.a(alt_alarm_start.o)
 .debug_pubnames
                0x00000bd7       0x1c C:/Users/user/Desktop/CS4405Project/Workspace/CS4405Project_bsp/\libhal_bsp.a(alt_close.o)
 .debug_pubnames
                0x00000bf3       0x2b C:/Users/user/Desktop/CS4405Project/Workspace/CS4405Project_bsp/\libhal_bsp.a(alt_dcache_flush_all.o)
 .debug_pubnames
                0x00000c1e       0x63 C:/Users/user/Desktop/CS4405Project/Workspace/CS4405Project_bsp/\libhal_bsp.a(alt_dev.o)
 .debug_pubnames
                0x00000c81       0x2b C:/Users/user/Desktop/CS4405Project/Workspace/CS4405Project_bsp/\libhal_bsp.a(alt_dev_llist_insert.o)
 .debug_pubnames
                0x00000cac       0x20 C:/Users/user/Desktop/CS4405Project/Workspace/CS4405Project_bsp/\libhal_bsp.a(alt_do_ctors.o)
 .debug_pubnames
                0x00000ccc       0x20 C:/Users/user/Desktop/CS4405Project/Workspace/CS4405Project_bsp/\libhal_bsp.a(alt_do_dtors.o)
 .debug_pubnames
                0x00000cec       0x20 C:/Users/user/Desktop/CS4405Project/Workspace/CS4405Project_bsp/\libhal_bsp.a(alt_errno.o)
 .debug_pubnames
                0x00000d0c       0x23 C:/Users/user/Desktop/CS4405Project/Workspace/CS4405Project_bsp/\libhal_bsp.a(alt_find_dev.o)
 .debug_pubnames
                0x00000d2f       0x2b C:/Users/user/Desktop/CS4405Project/Workspace/CS4405Project_bsp/\libhal_bsp.a(alt_icache_flush_all.o)
 .debug_pubnames
                0x00000d5a       0x26 C:/Users/user/Desktop/CS4405Project/Workspace/CS4405Project_bsp/\libhal_bsp.a(alt_io_redirect.o)
 .debug_pubnames
                0x00000d80       0x27 C:/Users/user/Desktop/CS4405Project/Workspace/CS4405Project_bsp/\libhal_bsp.a(alt_irq_register.o)
 .debug_pubnames
                0x00000da7       0x3b C:/Users/user/Desktop/CS4405Project/Workspace/CS4405Project_bsp/\libhal_bsp.a(alt_irq_vars.o)
 .debug_pubnames
                0x00000de2       0x1b C:/Users/user/Desktop/CS4405Project/Workspace/CS4405Project_bsp/\libhal_bsp.a(alt_open.o)
 .debug_pubnames
                0x00000dfd       0x25 C:/Users/user/Desktop/CS4405Project/Workspace/CS4405Project_bsp/\libhal_bsp.a(alt_release_fd.o)
 .debug_pubnames
                0x00000e22       0x68 C:/Users/user/Desktop/CS4405Project/Workspace/CS4405Project_bsp/\libhal_bsp.a(alt_tick.o)
 .debug_pubnames
                0x00000e8a       0x1d C:/Users/user/Desktop/CS4405Project/Workspace/CS4405Project_bsp/\libhal_bsp.a(alt_usleep.o)
 .debug_pubnames
                0x00000ea7       0x31 C:/Users/user/Desktop/CS4405Project/Workspace/CS4405Project_bsp/\libhal_bsp.a(altera_nios2_qsys_irq.o)
 .debug_pubnames
                0x00000ed8       0x25 C:/Users/user/Desktop/CS4405Project/Workspace/CS4405Project_bsp/\libhal_bsp.a(alt_busy_sleep.o)
 .debug_pubnames
                0x00000efd       0x24 C:/Users/user/Desktop/CS4405Project/Workspace/CS4405Project_bsp/\libhal_bsp.a(alt_find_file.o)
 .debug_pubnames
                0x00000f21       0x21 C:/Users/user/Desktop/CS4405Project/Workspace/CS4405Project_bsp/\libhal_bsp.a(alt_get_fd.o)
 .debug_pubnames
                0x00000f42       0x27 C:/Users/user/Desktop/CS4405Project/Workspace/CS4405Project_bsp/\libhal_bsp.a(alt_icache_flush.o)
 .debug_pubnames
                0x00000f69       0x32 C:/Users/user/Desktop/CS4405Project/Workspace/CS4405Project_bsp/\libhal_bsp.a(alt_irq_handler.o)
 .debug_pubnames
                0x00000f9b       0x2a c:/opt/fcs/software/altera/13.0sp1/nios2eds/bin/gnu/h-i686-mingw32/bin/../lib/gcc/nios2-elf/4.1.2/../../../../nios2-elf/lib\libc.a(lib_a-atexit.o)
 .debug_pubnames
                0x00000fc5       0x1b c:/opt/fcs/software/altera/13.0sp1/nios2eds/bin/gnu/h-i686-mingw32/bin/../lib/gcc/nios2-elf/4.1.2/../../../../nios2-elf/lib\libc.a(lib_a-exit.o)
 .debug_pubnames
                0x00000fe0       0x39 c:/opt/fcs/software/altera/13.0sp1/nios2eds/bin/gnu/h-i686-mingw32/bin/../lib/gcc/nios2-elf/4.1.2/../../../../nios2-elf/lib\libc.a(lib_a-impure.o)
 .debug_pubnames
                0x00001019       0x1c c:/opt/fcs/software/altera/13.0sp1/nios2eds/bin/gnu/h-i686-mingw32/bin/../lib/gcc/nios2-elf/4.1.2/../../../../nios2-elf/lib\libc.a(lib_a-int_errno.o)
 .debug_pubnames
                0x00001035       0x1d c:/opt/fcs/software/altera/13.0sp1/nios2eds/bin/gnu/h-i686-mingw32/bin/../lib/gcc/nios2-elf/4.1.2/../../../../nios2-elf/lib\libc.a(lib_a-memcmp.o)
 .debug_pubnames
                0x00001052       0x1d c:/opt/fcs/software/altera/13.0sp1/nios2eds/bin/gnu/h-i686-mingw32/bin/../lib/gcc/nios2-elf/4.1.2/../../../../nios2-elf/lib\libc.a(lib_a-memcpy.o)
 .debug_pubnames
                0x0000106f       0x1d c:/opt/fcs/software/altera/13.0sp1/nios2eds/bin/gnu/h-i686-mingw32/bin/../lib/gcc/nios2-elf/4.1.2/../../../../nios2-elf/lib\libc.a(lib_a-strcmp.o)
 .debug_pubnames
                0x0000108c       0x1d c:/opt/fcs/software/altera/13.0sp1/nios2eds/bin/gnu/h-i686-mingw32/bin/../lib/gcc/nios2-elf/4.1.2/../../../../nios2-elf/lib\libc.a(lib_a-strlen.o)
 .debug_pubnames
                0x000010a9       0x2a c:/opt/fcs/software/altera/13.0sp1/nios2eds/bin/gnu/h-i686-mingw32/bin/../lib/gcc/nios2-elf/4.1.2/../../../../nios2-elf/lib\libc.a(lib_a-__atexit.o)
 .debug_pubnames
                0x000010d3       0x27 c:/opt/fcs/software/altera/13.0sp1/nios2eds/bin/gnu/h-i686-mingw32/bin/../lib/gcc/nios2-elf/4.1.2/../../../../nios2-elf/lib\libc.a(lib_a-__call_atexit.o)
 .debug_pubnames
                0x000010fa       0x1c C:/Users/user/Desktop/CS4405Project/Workspace/CS4405Project_bsp/\libhal_bsp.a(alt_exit.o)

.debug_info     0x00000000     0xe2f6
 *(.debug_info .gnu.linkonce.wi.*)
 .debug_info    0x00000000       0x71 C:/Users/user/Desktop/CS4405Project/Workspace/CS4405Project_bsp//obj/HAL/src/crt0.o
 .debug_info    0x00000071      0x127 obj/default/os.o
 .debug_info    0x00000198      0x136 obj/default/os_fifo.o
 .debug_info    0x000002ce      0x14d obj/default/os_init.o
 .debug_info    0x0000041b      0x119 obj/default/os_memory.o
 .debug_info    0x00000534      0x152 obj/default/os_processmanage.o
 .debug_info    0x00000686      0x113 obj/default/os_semaphore.o
 .debug_info    0x00000799      0x283 C:/Users/user/Desktop/CS4405Project/Workspace/CS4405Project_bsp/\libhal_bsp.a(alt_load.o)
 .debug_info    0x00000a1c      0x262 C:/Users/user/Desktop/CS4405Project/Workspace/CS4405Project_bsp/\libhal_bsp.a(alt_main.o)
 .debug_info    0x00000c7e      0xed9 C:/Users/user/Desktop/CS4405Project/Workspace/CS4405Project_bsp/\libhal_bsp.a(alt_sys_init.o)
 .debug_info    0x00001b57      0x7cf C:/Users/user/Desktop/CS4405Project/Workspace/CS4405Project_bsp/\libhal_bsp.a(altera_avalon_jtag_uart_fd.o)
 .debug_info    0x00002326      0x637 C:/Users/user/Desktop/CS4405Project/Workspace/CS4405Project_bsp/\libhal_bsp.a(altera_avalon_jtag_uart_init.o)
 .debug_info    0x0000295d      0x439 C:/Users/user/Desktop/CS4405Project/Workspace/CS4405Project_bsp/\libhal_bsp.a(altera_avalon_jtag_uart_ioctl.o)
 .debug_info    0x00002d96      0x56f C:/Users/user/Desktop/CS4405Project/Workspace/CS4405Project_bsp/\libhal_bsp.a(altera_avalon_jtag_uart_read.o)
 .debug_info    0x00003305      0x567 C:/Users/user/Desktop/CS4405Project/Workspace/CS4405Project_bsp/\libhal_bsp.a(altera_avalon_jtag_uart_write.o)
 .debug_info    0x0000386c      0x3c1 C:/Users/user/Desktop/CS4405Project/Workspace/CS4405Project_bsp/\libhal_bsp.a(altera_avalon_timer_sc.o)
 .debug_info    0x00003c2d      0x8df C:/Users/user/Desktop/CS4405Project/Workspace/CS4405Project_bsp/\libhal_bsp.a(altera_up_avalon_character_lcd.o)
 .debug_info    0x0000450c      0x4e5 C:/Users/user/Desktop/CS4405Project/Workspace/CS4405Project_bsp/\libhal_bsp.a(altera_up_avalon_ethernet.o)
 .debug_info    0x000049f1      0x2d7 C:/Users/user/Desktop/CS4405Project/Workspace/CS4405Project_bsp/\libhal_bsp.a(altera_up_avalon_ethernet_low_level_driver.o)
 .debug_info    0x00004cc8      0x7ca C:/Users/user/Desktop/CS4405Project/Workspace/CS4405Project_bsp/\libhal_bsp.a(altera_up_avalon_irda.o)
 .debug_info    0x00005492      0xae3 C:/Users/user/Desktop/CS4405Project/Workspace/CS4405Project_bsp/\libhal_bsp.a(altera_up_avalon_ps2.o)
 .debug_info    0x00005f75      0x7d5 C:/Users/user/Desktop/CS4405Project/Workspace/CS4405Project_bsp/\libhal_bsp.a(altera_up_avalon_rs232.o)
 .debug_info    0x0000674a      0x688 C:/Users/user/Desktop/CS4405Project/Workspace/CS4405Project_bsp/\libhal_bsp.a(altera_up_avalon_video_character_buffer_with_dma.o)
 .debug_info    0x00006dd2      0x46b C:/Users/user/Desktop/CS4405Project/Workspace/CS4405Project_bsp/\libhal_bsp.a(alt_alarm_start.o)
 .debug_info    0x0000723d      0x45d C:/Users/user/Desktop/CS4405Project/Workspace/CS4405Project_bsp/\libhal_bsp.a(alt_close.o)
 .debug_info    0x0000769a      0x152 C:/Users/user/Desktop/CS4405Project/Workspace/CS4405Project_bsp/\libhal_bsp.a(alt_dcache_flush_all.o)
 .debug_info    0x000077ec      0x675 C:/Users/user/Desktop/CS4405Project/Workspace/CS4405Project_bsp/\libhal_bsp.a(alt_dev.o)
 .debug_info    0x00007e61      0x2ad C:/Users/user/Desktop/CS4405Project/Workspace/CS4405Project_bsp/\libhal_bsp.a(alt_dev_llist_insert.o)
 .debug_info    0x0000810e      0x105 C:/Users/user/Desktop/CS4405Project/Workspace/CS4405Project_bsp/\libhal_bsp.a(alt_do_ctors.o)
 .debug_info    0x00008213      0x104 C:/Users/user/Desktop/CS4405Project/Workspace/CS4405Project_bsp/\libhal_bsp.a(alt_do_dtors.o)
 .debug_info    0x00008317      0x15a C:/Users/user/Desktop/CS4405Project/Workspace/CS4405Project_bsp/\libhal_bsp.a(alt_errno.o)
 .debug_info    0x00008471      0x40e C:/Users/user/Desktop/CS4405Project/Workspace/CS4405Project_bsp/\libhal_bsp.a(alt_find_dev.o)
 .debug_info    0x0000887f      0x152 C:/Users/user/Desktop/CS4405Project/Workspace/CS4405Project_bsp/\libhal_bsp.a(alt_icache_flush_all.o)
 .debug_info    0x000089d1      0x68b C:/Users/user/Desktop/CS4405Project/Workspace/CS4405Project_bsp/\libhal_bsp.a(alt_io_redirect.o)
 .debug_info    0x0000905c      0x425 C:/Users/user/Desktop/CS4405Project/Workspace/CS4405Project_bsp/\libhal_bsp.a(alt_irq_register.o)
 .debug_info    0x00009481      0x15d C:/Users/user/Desktop/CS4405Project/Workspace/CS4405Project_bsp/\libhal_bsp.a(alt_irq_vars.o)
 .debug_info    0x000095de      0x51b C:/Users/user/Desktop/CS4405Project/Workspace/CS4405Project_bsp/\libhal_bsp.a(alt_open.o)
 .debug_info    0x00009af9      0x3e8 C:/Users/user/Desktop/CS4405Project/Workspace/CS4405Project_bsp/\libhal_bsp.a(alt_release_fd.o)
 .debug_info    0x00009ee1      0x427 C:/Users/user/Desktop/CS4405Project/Workspace/CS4405Project_bsp/\libhal_bsp.a(alt_tick.o)
 .debug_info    0x0000a308      0x15e C:/Users/user/Desktop/CS4405Project/Workspace/CS4405Project_bsp/\libhal_bsp.a(alt_usleep.o)
 .debug_info    0x0000a466      0x1a0 C:/Users/user/Desktop/CS4405Project/Workspace/CS4405Project_bsp/\libhal_bsp.a(altera_nios2_qsys_irq.o)
 .debug_info    0x0000a606      0x1a1 C:/Users/user/Desktop/CS4405Project/Workspace/CS4405Project_bsp/\libhal_bsp.a(alt_busy_sleep.o)
 .debug_info    0x0000a7a7      0x415 C:/Users/user/Desktop/CS4405Project/Workspace/CS4405Project_bsp/\libhal_bsp.a(alt_find_file.o)
 .debug_info    0x0000abbc      0x456 C:/Users/user/Desktop/CS4405Project/Workspace/CS4405Project_bsp/\libhal_bsp.a(alt_get_fd.o)
 .debug_info    0x0000b012      0x19a C:/Users/user/Desktop/CS4405Project/Workspace/CS4405Project_bsp/\libhal_bsp.a(alt_icache_flush.o)
 .debug_info    0x0000b1ac       0x7a C:/Users/user/Desktop/CS4405Project/Workspace/CS4405Project_bsp/\libhal_bsp.a(alt_irq_entry.o)
 .debug_info    0x0000b226      0x2a8 C:/Users/user/Desktop/CS4405Project/Workspace/CS4405Project_bsp/\libhal_bsp.a(alt_irq_handler.o)
 .debug_info    0x0000b4ce       0x80 C:/Users/user/Desktop/CS4405Project/Workspace/CS4405Project_bsp/\libhal_bsp.a(alt_exception_entry.o)
 .debug_info    0x0000b54e      0x181 c:/opt/fcs/software/altera/13.0sp1/nios2eds/bin/gnu/h-i686-mingw32/bin/../lib/gcc/nios2-elf/4.1.2/../../../../nios2-elf/lib\libc.a(lib_a-atexit.o)
 .debug_info    0x0000b6cf      0x93f c:/opt/fcs/software/altera/13.0sp1/nios2eds/bin/gnu/h-i686-mingw32/bin/../lib/gcc/nios2-elf/4.1.2/../../../../nios2-elf/lib\libc.a(lib_a-exit.o)
 .debug_info    0x0000c00e      0x93d c:/opt/fcs/software/altera/13.0sp1/nios2eds/bin/gnu/h-i686-mingw32/bin/../lib/gcc/nios2-elf/4.1.2/../../../../nios2-elf/lib\libc.a(lib_a-impure.o)
 .debug_info    0x0000c94b       0x8c c:/opt/fcs/software/altera/13.0sp1/nios2eds/bin/gnu/h-i686-mingw32/bin/../lib/gcc/nios2-elf/4.1.2/../../../../nios2-elf/lib\libc.a(lib_a-int_errno.o)
 .debug_info    0x0000c9d7      0x115 c:/opt/fcs/software/altera/13.0sp1/nios2eds/bin/gnu/h-i686-mingw32/bin/../lib/gcc/nios2-elf/4.1.2/../../../../nios2-elf/lib\libc.a(lib_a-memcmp.o)
 .debug_info    0x0000caec      0x106 c:/opt/fcs/software/altera/13.0sp1/nios2eds/bin/gnu/h-i686-mingw32/bin/../lib/gcc/nios2-elf/4.1.2/../../../../nios2-elf/lib\libc.a(lib_a-memcpy.o)
 .debug_info    0x0000cbf2       0xdd c:/opt/fcs/software/altera/13.0sp1/nios2eds/bin/gnu/h-i686-mingw32/bin/../lib/gcc/nios2-elf/4.1.2/../../../../nios2-elf/lib\libc.a(lib_a-strcmp.o)
 .debug_info    0x0000cccf       0xdb c:/opt/fcs/software/altera/13.0sp1/nios2eds/bin/gnu/h-i686-mingw32/bin/../lib/gcc/nios2-elf/4.1.2/../../../../nios2-elf/lib\libc.a(lib_a-strlen.o)
 .debug_info    0x0000cdaa      0x99c c:/opt/fcs/software/altera/13.0sp1/nios2eds/bin/gnu/h-i686-mingw32/bin/../lib/gcc/nios2-elf/4.1.2/../../../../nios2-elf/lib\libc.a(lib_a-__atexit.o)
 .debug_info    0x0000d746      0x9e2 c:/opt/fcs/software/altera/13.0sp1/nios2eds/bin/gnu/h-i686-mingw32/bin/../lib/gcc/nios2-elf/4.1.2/../../../../nios2-elf/lib\libc.a(lib_a-__call_atexit.o)
 .debug_info    0x0000e128      0x1ce C:/Users/user/Desktop/CS4405Project/Workspace/CS4405Project_bsp/\libhal_bsp.a(alt_exit.o)

.debug_abbrev   0x00000000     0x3046
 *(.debug_abbrev)
 .debug_abbrev  0x00000000       0x12 C:/Users/user/Desktop/CS4405Project/Workspace/CS4405Project_bsp//obj/HAL/src/crt0.o
 .debug_abbrev  0x00000012       0x3f obj/default/os.o
 .debug_abbrev  0x00000051       0x89 obj/default/os_fifo.o
 .debug_abbrev  0x000000da       0x77 obj/default/os_init.o
 .debug_abbrev  0x00000151       0x7e obj/default/os_memory.o
 .debug_abbrev  0x000001cf       0x90 obj/default/os_processmanage.o
 .debug_abbrev  0x0000025f       0x5a obj/default/os_semaphore.o
 .debug_abbrev  0x000002b9       0x88 C:/Users/user/Desktop/CS4405Project/Workspace/CS4405Project_bsp/\libhal_bsp.a(alt_load.o)
 .debug_abbrev  0x00000341       0xbe C:/Users/user/Desktop/CS4405Project/Workspace/CS4405Project_bsp/\libhal_bsp.a(alt_main.o)
 .debug_abbrev  0x000003ff      0x18f C:/Users/user/Desktop/CS4405Project/Workspace/CS4405Project_bsp/\libhal_bsp.a(alt_sys_init.o)
 .debug_abbrev  0x0000058e       0xf7 C:/Users/user/Desktop/CS4405Project/Workspace/CS4405Project_bsp/\libhal_bsp.a(altera_avalon_jtag_uart_fd.o)
 .debug_abbrev  0x00000685      0x17c C:/Users/user/Desktop/CS4405Project/Workspace/CS4405Project_bsp/\libhal_bsp.a(altera_avalon_jtag_uart_init.o)
 .debug_abbrev  0x00000801       0xf0 C:/Users/user/Desktop/CS4405Project/Workspace/CS4405Project_bsp/\libhal_bsp.a(altera_avalon_jtag_uart_ioctl.o)
 .debug_abbrev  0x000008f1      0x191 C:/Users/user/Desktop/CS4405Project/Workspace/CS4405Project_bsp/\libhal_bsp.a(altera_avalon_jtag_uart_read.o)
 .debug_abbrev  0x00000a82      0x18d C:/Users/user/Desktop/CS4405Project/Workspace/CS4405Project_bsp/\libhal_bsp.a(altera_avalon_jtag_uart_write.o)
 .debug_abbrev  0x00000c0f      0x137 C:/Users/user/Desktop/CS4405Project/Workspace/CS4405Project_bsp/\libhal_bsp.a(altera_avalon_timer_sc.o)
 .debug_abbrev  0x00000d46      0x127 C:/Users/user/Desktop/CS4405Project/Workspace/CS4405Project_bsp/\libhal_bsp.a(altera_up_avalon_character_lcd.o)
 .debug_abbrev  0x00000e6d      0x114 C:/Users/user/Desktop/CS4405Project/Workspace/CS4405Project_bsp/\libhal_bsp.a(altera_up_avalon_ethernet.o)
 .debug_abbrev  0x00000f81       0x8d C:/Users/user/Desktop/CS4405Project/Workspace/CS4405Project_bsp/\libhal_bsp.a(altera_up_avalon_ethernet_low_level_driver.o)
 .debug_abbrev  0x0000100e      0x120 C:/Users/user/Desktop/CS4405Project/Workspace/CS4405Project_bsp/\libhal_bsp.a(altera_up_avalon_irda.o)
 .debug_abbrev  0x0000112e      0x16d C:/Users/user/Desktop/CS4405Project/Workspace/CS4405Project_bsp/\libhal_bsp.a(altera_up_avalon_ps2.o)
 .debug_abbrev  0x0000129b      0x120 C:/Users/user/Desktop/CS4405Project/Workspace/CS4405Project_bsp/\libhal_bsp.a(altera_up_avalon_rs232.o)
 .debug_abbrev  0x000013bb      0x111 C:/Users/user/Desktop/CS4405Project/Workspace/CS4405Project_bsp/\libhal_bsp.a(altera_up_avalon_video_character_buffer_with_dma.o)
 .debug_abbrev  0x000014cc      0x172 C:/Users/user/Desktop/CS4405Project/Workspace/CS4405Project_bsp/\libhal_bsp.a(alt_alarm_start.o)
 .debug_abbrev  0x0000163e       0xfb C:/Users/user/Desktop/CS4405Project/Workspace/CS4405Project_bsp/\libhal_bsp.a(alt_close.o)
 .debug_abbrev  0x00001739       0x3f C:/Users/user/Desktop/CS4405Project/Workspace/CS4405Project_bsp/\libhal_bsp.a(alt_dcache_flush_all.o)
 .debug_abbrev  0x00001778       0xc7 C:/Users/user/Desktop/CS4405Project/Workspace/CS4405Project_bsp/\libhal_bsp.a(alt_dev.o)
 .debug_abbrev  0x0000183f       0xf6 C:/Users/user/Desktop/CS4405Project/Workspace/CS4405Project_bsp/\libhal_bsp.a(alt_dev_llist_insert.o)
 .debug_abbrev  0x00001935       0x76 C:/Users/user/Desktop/CS4405Project/Workspace/CS4405Project_bsp/\libhal_bsp.a(alt_do_ctors.o)
 .debug_abbrev  0x000019ab       0x76 C:/Users/user/Desktop/CS4405Project/Workspace/CS4405Project_bsp/\libhal_bsp.a(alt_do_dtors.o)
 .debug_abbrev  0x00001a21       0x5e C:/Users/user/Desktop/CS4405Project/Workspace/CS4405Project_bsp/\libhal_bsp.a(alt_errno.o)
 .debug_abbrev  0x00001a7f       0xcf C:/Users/user/Desktop/CS4405Project/Workspace/CS4405Project_bsp/\libhal_bsp.a(alt_find_dev.o)
 .debug_abbrev  0x00001b4e       0x3f C:/Users/user/Desktop/CS4405Project/Workspace/CS4405Project_bsp/\libhal_bsp.a(alt_icache_flush_all.o)
 .debug_abbrev  0x00001b8d       0xf0 C:/Users/user/Desktop/CS4405Project/Workspace/CS4405Project_bsp/\libhal_bsp.a(alt_io_redirect.o)
 .debug_abbrev  0x00001c7d      0x180 C:/Users/user/Desktop/CS4405Project/Workspace/CS4405Project_bsp/\libhal_bsp.a(alt_irq_register.o)
 .debug_abbrev  0x00001dfd       0x44 C:/Users/user/Desktop/CS4405Project/Workspace/CS4405Project_bsp/\libhal_bsp.a(alt_irq_vars.o)
 .debug_abbrev  0x00001e41      0x112 C:/Users/user/Desktop/CS4405Project/Workspace/CS4405Project_bsp/\libhal_bsp.a(alt_open.o)
 .debug_abbrev  0x00001f53       0xc1 C:/Users/user/Desktop/CS4405Project/Workspace/CS4405Project_bsp/\libhal_bsp.a(alt_release_fd.o)
 .debug_abbrev  0x00002014      0x161 C:/Users/user/Desktop/CS4405Project/Workspace/CS4405Project_bsp/\libhal_bsp.a(alt_tick.o)
 .debug_abbrev  0x00002175       0x5d C:/Users/user/Desktop/CS4405Project/Workspace/CS4405Project_bsp/\libhal_bsp.a(alt_usleep.o)
 .debug_abbrev  0x000021d2       0x64 C:/Users/user/Desktop/CS4405Project/Workspace/CS4405Project_bsp/\libhal_bsp.a(altera_nios2_qsys_irq.o)
 .debug_abbrev  0x00002236       0x6c C:/Users/user/Desktop/CS4405Project/Workspace/CS4405Project_bsp/\libhal_bsp.a(alt_busy_sleep.o)
 .debug_abbrev  0x000022a2       0xcf C:/Users/user/Desktop/CS4405Project/Workspace/CS4405Project_bsp/\libhal_bsp.a(alt_find_file.o)
 .debug_abbrev  0x00002371       0xfb C:/Users/user/Desktop/CS4405Project/Workspace/CS4405Project_bsp/\libhal_bsp.a(alt_get_fd.o)
 .debug_abbrev  0x0000246c       0x7a C:/Users/user/Desktop/CS4405Project/Workspace/CS4405Project_bsp/\libhal_bsp.a(alt_icache_flush.o)
 .debug_abbrev  0x000024e6       0x12 C:/Users/user/Desktop/CS4405Project/Workspace/CS4405Project_bsp/\libhal_bsp.a(alt_irq_entry.o)
 .debug_abbrev  0x000024f8      0x124 C:/Users/user/Desktop/CS4405Project/Workspace/CS4405Project_bsp/\libhal_bsp.a(alt_irq_handler.o)
 .debug_abbrev  0x0000261c       0x12 C:/Users/user/Desktop/CS4405Project/Workspace/CS4405Project_bsp/\libhal_bsp.a(alt_exception_entry.o)
 .debug_abbrev  0x0000262e       0xb7 c:/opt/fcs/software/altera/13.0sp1/nios2eds/bin/gnu/h-i686-mingw32/bin/../lib/gcc/nios2-elf/4.1.2/../../../../nios2-elf/lib\libc.a(lib_a-atexit.o)
 .debug_abbrev  0x000026e5      0x16e c:/opt/fcs/software/altera/13.0sp1/nios2eds/bin/gnu/h-i686-mingw32/bin/../lib/gcc/nios2-elf/4.1.2/../../../../nios2-elf/lib\libc.a(lib_a-exit.o)
 .debug_abbrev  0x00002853      0x157 c:/opt/fcs/software/altera/13.0sp1/nios2eds/bin/gnu/h-i686-mingw32/bin/../lib/gcc/nios2-elf/4.1.2/../../../../nios2-elf/lib\libc.a(lib_a-impure.o)
 .debug_abbrev  0x000029aa       0x3b c:/opt/fcs/software/altera/13.0sp1/nios2eds/bin/gnu/h-i686-mingw32/bin/../lib/gcc/nios2-elf/4.1.2/../../../../nios2-elf/lib\libc.a(lib_a-int_errno.o)
 .debug_abbrev  0x000029e5       0x7c c:/opt/fcs/software/altera/13.0sp1/nios2eds/bin/gnu/h-i686-mingw32/bin/../lib/gcc/nios2-elf/4.1.2/../../../../nios2-elf/lib\libc.a(lib_a-memcmp.o)
 .debug_abbrev  0x00002a61       0xb5 c:/opt/fcs/software/altera/13.0sp1/nios2eds/bin/gnu/h-i686-mingw32/bin/../lib/gcc/nios2-elf/4.1.2/../../../../nios2-elf/lib\libc.a(lib_a-memcpy.o)
 .debug_abbrev  0x00002b16       0x80 c:/opt/fcs/software/altera/13.0sp1/nios2eds/bin/gnu/h-i686-mingw32/bin/../lib/gcc/nios2-elf/4.1.2/../../../../nios2-elf/lib\libc.a(lib_a-strcmp.o)
 .debug_abbrev  0x00002b96       0x8b c:/opt/fcs/software/altera/13.0sp1/nios2eds/bin/gnu/h-i686-mingw32/bin/../lib/gcc/nios2-elf/4.1.2/../../../../nios2-elf/lib\libc.a(lib_a-strlen.o)
 .debug_abbrev  0x00002c21      0x1ae c:/opt/fcs/software/altera/13.0sp1/nios2eds/bin/gnu/h-i686-mingw32/bin/../lib/gcc/nios2-elf/4.1.2/../../../../nios2-elf/lib\libc.a(lib_a-__atexit.o)
 .debug_abbrev  0x00002dcf      0x1de c:/opt/fcs/software/altera/13.0sp1/nios2eds/bin/gnu/h-i686-mingw32/bin/../lib/gcc/nios2-elf/4.1.2/../../../../nios2-elf/lib\libc.a(lib_a-__call_atexit.o)
 .debug_abbrev  0x00002fad       0x99 C:/Users/user/Desktop/CS4405Project/Workspace/CS4405Project_bsp/\libhal_bsp.a(alt_exit.o)

.debug_line     0x00000000     0x901c
 *(.debug_line)
 .debug_line    0x00000000       0x6c C:/Users/user/Desktop/CS4405Project/Workspace/CS4405Project_bsp//obj/HAL/src/crt0.o
 .debug_line    0x0000006c      0x1f3 obj/default/os.o
 .debug_line    0x0000025f       0x88 obj/default/os_fifo.o
 .debug_line    0x000002e7       0xb8 obj/default/os_init.o
 .debug_line    0x0000039f       0x8a obj/default/os_memory.o
 .debug_line    0x00000429       0xb1 obj/default/os_processmanage.o
 .debug_line    0x000004da       0x8d obj/default/os_semaphore.o
 .debug_line    0x00000567      0x239 C:/Users/user/Desktop/CS4405Project/Workspace/CS4405Project_bsp/\libhal_bsp.a(alt_load.o)
 .debug_line    0x000007a0      0x300 C:/Users/user/Desktop/CS4405Project/Workspace/CS4405Project_bsp/\libhal_bsp.a(alt_main.o)
 .debug_line    0x00000aa0      0x578 C:/Users/user/Desktop/CS4405Project/Workspace/CS4405Project_bsp/\libhal_bsp.a(alt_sys_init.o)
 .debug_line    0x00001018      0x228 C:/Users/user/Desktop/CS4405Project/Workspace/CS4405Project_bsp/\libhal_bsp.a(altera_avalon_jtag_uart_fd.o)
 .debug_line    0x00001240      0x4e1 C:/Users/user/Desktop/CS4405Project/Workspace/CS4405Project_bsp/\libhal_bsp.a(altera_avalon_jtag_uart_init.o)
 .debug_line    0x00001721      0x339 C:/Users/user/Desktop/CS4405Project/Workspace/CS4405Project_bsp/\libhal_bsp.a(altera_avalon_jtag_uart_ioctl.o)
 .debug_line    0x00001a5a      0x42d C:/Users/user/Desktop/CS4405Project/Workspace/CS4405Project_bsp/\libhal_bsp.a(altera_avalon_jtag_uart_read.o)
 .debug_line    0x00001e87      0x43b C:/Users/user/Desktop/CS4405Project/Workspace/CS4405Project_bsp/\libhal_bsp.a(altera_avalon_jtag_uart_write.o)
 .debug_line    0x000022c2      0x2ec C:/Users/user/Desktop/CS4405Project/Workspace/CS4405Project_bsp/\libhal_bsp.a(altera_avalon_timer_sc.o)
 .debug_line    0x000025ae      0x4a8 C:/Users/user/Desktop/CS4405Project/Workspace/CS4405Project_bsp/\libhal_bsp.a(altera_up_avalon_character_lcd.o)
 .debug_line    0x00002a56      0x30b C:/Users/user/Desktop/CS4405Project/Workspace/CS4405Project_bsp/\libhal_bsp.a(altera_up_avalon_ethernet.o)
 .debug_line    0x00002d61      0x312 C:/Users/user/Desktop/CS4405Project/Workspace/CS4405Project_bsp/\libhal_bsp.a(altera_up_avalon_ethernet_low_level_driver.o)
 .debug_line    0x00003073      0x401 C:/Users/user/Desktop/CS4405Project/Workspace/CS4405Project_bsp/\libhal_bsp.a(altera_up_avalon_irda.o)
 .debug_line    0x00003474      0x617 C:/Users/user/Desktop/CS4405Project/Workspace/CS4405Project_bsp/\libhal_bsp.a(altera_up_avalon_ps2.o)
 .debug_line    0x00003a8b      0x40b C:/Users/user/Desktop/CS4405Project/Workspace/CS4405Project_bsp/\libhal_bsp.a(altera_up_avalon_rs232.o)
 .debug_line    0x00003e96      0x3b7 C:/Users/user/Desktop/CS4405Project/Workspace/CS4405Project_bsp/\libhal_bsp.a(altera_up_avalon_video_character_buffer_with_dma.o)
 .debug_line    0x0000424d      0x317 C:/Users/user/Desktop/CS4405Project/Workspace/CS4405Project_bsp/\libhal_bsp.a(alt_alarm_start.o)
 .debug_line    0x00004564      0x2bb C:/Users/user/Desktop/CS4405Project/Workspace/CS4405Project_bsp/\libhal_bsp.a(alt_close.o)
 .debug_line    0x0000481f      0x1d7 C:/Users/user/Desktop/CS4405Project/Workspace/CS4405Project_bsp/\libhal_bsp.a(alt_dcache_flush_all.o)
 .debug_line    0x000049f6      0x276 C:/Users/user/Desktop/CS4405Project/Workspace/CS4405Project_bsp/\libhal_bsp.a(alt_dev.o)
 .debug_line    0x00004c6c      0x27c C:/Users/user/Desktop/CS4405Project/Workspace/CS4405Project_bsp/\libhal_bsp.a(alt_dev_llist_insert.o)
 .debug_line    0x00004ee8       0x83 C:/Users/user/Desktop/CS4405Project/Workspace/CS4405Project_bsp/\libhal_bsp.a(alt_do_ctors.o)
 .debug_line    0x00004f6b       0x83 C:/Users/user/Desktop/CS4405Project/Workspace/CS4405Project_bsp/\libhal_bsp.a(alt_do_dtors.o)
 .debug_line    0x00004fee      0x1cc C:/Users/user/Desktop/CS4405Project/Workspace/CS4405Project_bsp/\libhal_bsp.a(alt_errno.o)
 .debug_line    0x000051ba      0x28d C:/Users/user/Desktop/CS4405Project/Workspace/CS4405Project_bsp/\libhal_bsp.a(alt_find_dev.o)
 .debug_line    0x00005447      0x1df C:/Users/user/Desktop/CS4405Project/Workspace/CS4405Project_bsp/\libhal_bsp.a(alt_icache_flush_all.o)
 .debug_line    0x00005626      0x2d6 C:/Users/user/Desktop/CS4405Project/Workspace/CS4405Project_bsp/\libhal_bsp.a(alt_io_redirect.o)
 .debug_line    0x000058fc      0x325 C:/Users/user/Desktop/CS4405Project/Workspace/CS4405Project_bsp/\libhal_bsp.a(alt_irq_register.o)
 .debug_line    0x00005c21       0x72 C:/Users/user/Desktop/CS4405Project/Workspace/CS4405Project_bsp/\libhal_bsp.a(alt_irq_vars.o)
 .debug_line    0x00005c93      0x321 C:/Users/user/Desktop/CS4405Project/Workspace/CS4405Project_bsp/\libhal_bsp.a(alt_open.o)
 .debug_line    0x00005fb4       0xed C:/Users/user/Desktop/CS4405Project/Workspace/CS4405Project_bsp/\libhal_bsp.a(alt_release_fd.o)
 .debug_line    0x000060a1      0x317 C:/Users/user/Desktop/CS4405Project/Workspace/CS4405Project_bsp/\libhal_bsp.a(alt_tick.o)
 .debug_line    0x000063b8      0x235 C:/Users/user/Desktop/CS4405Project/Workspace/CS4405Project_bsp/\libhal_bsp.a(alt_usleep.o)
 .debug_line    0x000065ed      0x209 C:/Users/user/Desktop/CS4405Project/Workspace/CS4405Project_bsp/\libhal_bsp.a(altera_nios2_qsys_irq.o)
 .debug_line    0x000067f6      0x28f C:/Users/user/Desktop/CS4405Project/Workspace/CS4405Project_bsp/\libhal_bsp.a(alt_busy_sleep.o)
 .debug_line    0x00006a85      0x29e C:/Users/user/Desktop/CS4405Project/Workspace/CS4405Project_bsp/\libhal_bsp.a(alt_find_file.o)
 .debug_line    0x00006d23      0x2b9 C:/Users/user/Desktop/CS4405Project/Workspace/CS4405Project_bsp/\libhal_bsp.a(alt_get_fd.o)
 .debug_line    0x00006fdc      0x21b C:/Users/user/Desktop/CS4405Project/Workspace/CS4405Project_bsp/\libhal_bsp.a(alt_icache_flush.o)
 .debug_line    0x000071f7       0x6b C:/Users/user/Desktop/CS4405Project/Workspace/CS4405Project_bsp/\libhal_bsp.a(alt_irq_entry.o)
 .debug_line    0x00007262      0x283 C:/Users/user/Desktop/CS4405Project/Workspace/CS4405Project_bsp/\libhal_bsp.a(alt_irq_handler.o)
 .debug_line    0x000074e5       0xab C:/Users/user/Desktop/CS4405Project/Workspace/CS4405Project_bsp/\libhal_bsp.a(alt_exception_entry.o)
 .debug_line    0x00007590      0x200 c:/opt/fcs/software/altera/13.0sp1/nios2eds/bin/gnu/h-i686-mingw32/bin/../lib/gcc/nios2-elf/4.1.2/../../../../nios2-elf/lib\libc.a(lib_a-atexit.o)