Archive member included because of file (symbol)

c:/opt/fcs/software/altera/13.0sp1/nios2eds/bin/gnu/h-i686-mingw32/bin/../lib/gcc/nios2-elf/4.1.2/../../../../nios2-elf/lib\libc.a(lib_a-puts.o)
                              obj/default/os.o (puts)
c:/opt/fcs/software/altera/13.0sp1/nios2eds/bin/gnu/h-i686-mingw32/bin/../lib/gcc/nios2-elf/4.1.2/../../../../nios2-elf/lib\libc.a(lib_a-strlen.o)
                              c:/opt/fcs/software/altera/13.0sp1/nios2eds/bin/gnu/h-i686-mingw32/bin/../lib/gcc/nios2-elf/4.1.2/../../../../nios2-elf/lib\libc.a(lib_a-puts.o) (strlen)
c:/opt/fcs/software/altera/13.0sp1/nios2eds/bin/gnu/h-i686-mingw32/bin/../lib/gcc/nios2-elf/4.1.2/../../../../nios2-elf/lib\libc.a(lib_a-fvwrite.o)
                              c:/opt/fcs/software/altera/13.0sp1/nios2eds/bin/gnu/h-i686-mingw32/bin/../lib/gcc/nios2-elf/4.1.2/../../../../nios2-elf/lib\libc.a(lib_a-puts.o) (__sfvwrite_r)
c:/opt/fcs/software/altera/13.0sp1/nios2eds/bin/gnu/h-i686-mingw32/bin/../lib/gcc/nios2-elf/4.1.2/../../../../nios2-elf/lib\libc.a(lib_a-impure.o)
                              c:/opt/fcs/software/altera/13.0sp1/nios2eds/bin/gnu/h-i686-mingw32/bin/../lib/gcc/nios2-elf/4.1.2/../../../../nios2-elf/lib\libc.a(lib_a-puts.o) (_impure_ptr)
c:/opt/fcs/software/altera/13.0sp1/nios2eds/bin/gnu/h-i686-mingw32/bin/../lib/gcc/nios2-elf/4.1.2/../../../../nios2-elf/lib\libc.a(lib_a-mallocr.o)
                              c:/opt/fcs/software/altera/13.0sp1/nios2eds/bin/gnu/h-i686-mingw32/bin/../lib/gcc/nios2-elf/4.1.2/../../../../nios2-elf/lib\libc.a(lib_a-fvwrite.o) (_malloc_r)
c:/opt/fcs/software/altera/13.0sp1/nios2eds/bin/gnu/h-i686-mingw32/bin/../lib/gcc/nios2-elf/4.1.2/../../../../nios2-elf/lib\libc.a(lib_a-memchr.o)
                              c:/opt/fcs/software/altera/13.0sp1/nios2eds/bin/gnu/h-i686-mingw32/bin/../lib/gcc/nios2-elf/4.1.2/../../../../nios2-elf/lib\libc.a(lib_a-fvwrite.o) (memchr)
c:/opt/fcs/software/altera/13.0sp1/nios2eds/bin/gnu/h-i686-mingw32/bin/../lib/gcc/nios2-elf/4.1.2/../../../../nios2-elf/lib\libc.a(lib_a-memcpy.o)
                              c:/opt/fcs/software/altera/13.0sp1/nios2eds/bin/gnu/h-i686-mingw32/bin/../lib/gcc/nios2-elf/4.1.2/../../../../nios2-elf/lib\libc.a(lib_a-fvwrite.o) (memcpy)
c:/opt/fcs/software/altera/13.0sp1/nios2eds/bin/gnu/h-i686-mingw32/bin/../lib/gcc/nios2-elf/4.1.2/../../../../nios2-elf/lib\libc.a(lib_a-memmove.o)
                              c:/opt/fcs/software/altera/13.0sp1/nios2eds/bin/gnu/h-i686-mingw32/bin/../lib/gcc/nios2-elf/4.1.2/../../../../nios2-elf/lib\libc.a(lib_a-fvwrite.o) (memmove)
c:/opt/fcs/software/altera/13.0sp1/nios2eds/bin/gnu/h-i686-mingw32/bin/../lib/gcc/nios2-elf/4.1.2/../../../../nios2-elf/lib\libc.a(lib_a-reallocr.o)
                              c:/opt/fcs/software/altera/13.0sp1/nios2eds/bin/gnu/h-i686-mingw32/bin/../lib/gcc/nios2-elf/4.1.2/../../../../nios2-elf/lib\libc.a(lib_a-fvwrite.o) (_realloc_r)
c:/opt/fcs/software/altera/13.0sp1/nios2eds/bin/gnu/h-i686-mingw32/bin/../lib/gcc/nios2-elf/4.1.2/../../../../nios2-elf/lib\libc.a(lib_a-sbrkr.o)
                              c:/opt/fcs/software/altera/13.0sp1/nios2eds/bin/gnu/h-i686-mingw32/bin/../lib/gcc/nios2-elf/4.1.2/../../../../nios2-elf/lib\libc.a(lib_a-mallocr.o) (_sbrk_r)
c:/opt/fcs/software/altera/13.0sp1/nios2eds/bin/gnu/h-i686-mingw32/bin/../lib/gcc/nios2-elf/4.1.2/../../../../nios2-elf/lib\libc.a(lib_a-wsetup.o)
                              c:/opt/fcs/software/altera/13.0sp1/nios2eds/bin/gnu/h-i686-mingw32/bin/../lib/gcc/nios2-elf/4.1.2/../../../../nios2-elf/lib\libc.a(lib_a-fvwrite.o) (__swsetup_r)
c:/opt/fcs/software/altera/13.0sp1/nios2eds/bin/gnu/h-i686-mingw32/bin/../lib/gcc/nios2-elf/4.1.2/../../../../nios2-elf/lib\libc.a(lib_a-fflush.o)
                              c:/opt/fcs/software/altera/13.0sp1/nios2eds/bin/gnu/h-i686-mingw32/bin/../lib/gcc/nios2-elf/4.1.2/../../../../nios2-elf/lib\libc.a(lib_a-fvwrite.o) (_fflush_r)
c:/opt/fcs/software/altera/13.0sp1/nios2eds/bin/gnu/h-i686-mingw32/bin/../lib/gcc/nios2-elf/4.1.2/../../../../nios2-elf/lib\libc.a(lib_a-findfp.o)
                              c:/opt/fcs/software/altera/13.0sp1/nios2eds/bin/gnu/h-i686-mingw32/bin/../lib/gcc/nios2-elf/4.1.2/../../../../nios2-elf/lib\libc.a(lib_a-wsetup.o) (__sinit)
c:/opt/fcs/software/altera/13.0sp1/nios2eds/bin/gnu/h-i686-mingw32/bin/../lib/gcc/nios2-elf/4.1.2/../../../../nios2-elf/lib\libc.a(lib_a-freer.o)
                              c:/opt/fcs/software/altera/13.0sp1/nios2eds/bin/gnu/h-i686-mingw32/bin/../lib/gcc/nios2-elf/4.1.2/../../../../nios2-elf/lib\libc.a(lib_a-fvwrite.o) (_free_r)
c:/opt/fcs/software/altera/13.0sp1/nios2eds/bin/gnu/h-i686-mingw32/bin/../lib/gcc/nios2-elf/4.1.2/../../../../nios2-elf/lib\libc.a(lib_a-fwalk.o)
                              c:/opt/fcs/software/altera/13.0sp1/nios2eds/bin/gnu/h-i686-mingw32/bin/../lib/gcc/nios2-elf/4.1.2/../../../../nios2-elf/lib\libc.a(lib_a-fflush.o) (_fwalk_reent)
[...]
Memory Configuration

Name             Origin             Length             Attributes
reset            0x00000000         0x00000020
SDRAM            0x00000020         0x007fffe0
Flash_flash_data 0x0c000000         0x00400000
*default*        0x00000000         0xffffffff

Linker script and memory map

LOAD C:/Users/user/Desktop/CS4405Project/Workspace/CS4405Project_bsp//obj/HAL/src/crt0.o
LOAD obj/default/hello_world.o
LOAD obj/default/os.o
LOAD obj/default/os_fifo.o
LOAD obj/default/os_init.o
LOAD obj/default/os_memory.o
LOAD obj/default/os_processmanage.o
LOAD obj/default/os_semaphore.o
LOAD c:/opt/fcs/software/altera/13.0sp1/nios2eds/bin/gnu/h-i686-mingw32/bin/../lib/gcc/nios2-elf/4.1.2/../../../../nios2-elf/lib\libstdc++.a
LOAD c:/opt/fcs/software/altera/13.0sp1/nios2eds/bin/gnu/h-i686-mingw32/bin/../lib/gcc/nios2-elf/4.1.2/../../../../nios2-elf/lib\libm.a
LOAD c:/opt/fcs/software/altera/13.0sp1/nios2eds/bin/gnu/h-i686-mingw32/bin/../lib/gcc/nios2-elf/4.1.2\libgcc.a
START GROUP
LOAD c:/opt/fcs/software/altera/13.0sp1/nios2eds/bin/gnu/h-i686-mingw32/bin/../lib/gcc/nios2-elf/4.1.2/../../../../nios2-elf/lib\libc.a
LOAD c:/opt/fcs/software/altera/13.0sp1/nios2eds/bin/gnu/h-i686-mingw32/bin/../lib/gcc/nios2-elf/4.1.2\libgcc.a
LOAD C:/Users/user/Desktop/CS4405Project/Workspace/CS4405Project_bsp/\libhal_bsp.a
END GROUP
LOAD c:/opt/fcs/software/altera/13.0sp1/nios2eds/bin/gnu/h-i686-mingw32/bin/../lib/gcc/nios2-elf/4.1.2\libgcc.a
                0x00000000                __alt_mem_SDRAM = 0x0
                0x0c000000                __alt_mem_Flash_flash_data = 0xc000000

.entry          0x00000000       0x20
 *(.entry)
 .entry         0x00000000       0x20 C:/Users/user/Desktop/CS4405Project/Workspace/CS4405Project_bsp//obj/HAL/src/crt0.o
                0x00000000                __reset

.exceptions     0x00000020      0x198
                0x00000020                PROVIDE (__ram_exceptions_start, ABSOLUTE (.))
                0x00000020                . = ALIGN (0x20)
 *(.irq)
 *(.exceptions.entry.label)
 .exceptions.entry.label
                0x00000020        0x0 C:/Users/user/Desktop/CS4405Project/Workspace/CS4405Project_bsp/\libhal_bsp.a(alt_irq_entry.o)
                0x00000020                alt_irq_entry
 .exceptions.entry.label
                0x00000020        0x0 C:/Users/user/Desktop/CS4405Project/Workspace/CS4405Project_bsp/\libhal_bsp.a(alt_exception_entry.o)
                0x00000020                alt_exception
 *(.exceptions.entry.user)
 *(.exceptions.entry)
 .exceptions.entry
                0x00000020       0x54 C:/Users/user/Desktop/CS4405Project/Workspace/CS4405Project_bsp/\libhal_bsp.a(alt_exception_entry.o)
 *(.exceptions.irqtest.user)
 *(.exceptions.irqtest)
 .exceptions.irqtest
                0x00000074       0x10 C:/Users/user/Desktop/CS4405Project/Workspace/CS4405Project_bsp/\libhal_bsp.a(alt_irq_entry.o)
 *(.exceptions.irqhandler.user)
 *(.exceptions.irqhandler)
 .exceptions.irqhandler
                0x00000084        0x4 C:/Users/user/Desktop/CS4405Project/Workspace/CS4405Project_bsp/\libhal_bsp.a(alt_irq_entry.o)
 *(.exceptions.irqreturn.user)
 *(.exceptions.irqreturn)
 .exceptions.irqreturn
                0x00000088        0x4 C:/Users/user/Desktop/CS4405Project/Workspace/CS4405Project_bsp/\libhal_bsp.a(alt_irq_entry.o)
 *(.exceptions.notirq.label)
 .exceptions.notirq.label
                0x0000008c        0x0 C:/Users/user/Desktop/CS4405Project/Workspace/CS4405Project_bsp/\libhal_bsp.a(alt_irq_entry.o)
 *(.exceptions.notirq.user)
 *(.exceptions.notirq)
 .exceptions.notirq
                0x0000008c        0x8 C:/Users/user/Desktop/CS4405Project/Workspace/CS4405Project_bsp/\libhal_bsp.a(alt_exception_entry.o)
 *(.exceptions.soft.user)
 *(.exceptions.soft)
 *(.exceptions.unknown.user)
 *(.exceptions.unknown)
 .exceptions.unknown
                0x00000094        0x4 C:/Users/user/Desktop/CS4405Project/Workspace/CS4405Project_bsp/\libhal_bsp.a(alt_exception_entry.o)
 *(.exceptions.exit.label)
 .exceptions.exit.label
                0x00000098        0x0 C:/Users/user/Desktop/CS4405Project/Workspace/CS4405Project_bsp/\libhal_bsp.a(alt_irq_entry.o)
 .exceptions.exit.label
                0x00000098        0x0 C:/Users/user/Desktop/CS4405Project/Workspace/CS4405Project_bsp/\libhal_bsp.a(alt_exception_entry.o)
 *(.exceptions.exit.user)
 *(.exceptions.exit)
 .exceptions.exit
                0x00000098       0x54 C:/Users/user/Desktop/CS4405Project/Workspace/CS4405Project_bsp/\libhal_bsp.a(alt_exception_entry.o)
 *(.exceptions)
 .exceptions    0x000000ec       0xcc C:/Users/user/Desktop/CS4405Project/Workspace/CS4405Project_bsp/\libhal_bsp.a(alt_irq_handler.o)
                0x000000ec                alt_irq_handler
                0x000001b8                PROVIDE (__ram_exceptions_end, ABSOLUTE (.))
                0x00000020                PROVIDE (__flash_exceptions_start, LOADADDR (.exceptions))

.text           0x000001b8     0x72e0
                0x000001b8                PROVIDE (stext, ABSOLUTE (.))
 *(.interp)
 *(.hash)
 *(.dynsym)
 *(.dynstr)
 *(.gnu.version)
 *(.gnu.version_d)
 *(.gnu.version_r)
 *(.rel.init)
 *(.rela.init)
 *(.rel.text .rel.text.* .rel.gnu.linkonce.t.*)
 *(.rela.text .rela.text.* .rela.gnu.linkonce.t.*)
 *(.rel.fini)
 *(.rela.fini)
 *(.rel.rodata .rel.rodata.* .rel.gnu.linkonce.r.*)
 *(.rela.rodata .rela.rodata.* .rela.gnu.linkonce.r.*)
 *(.rel.data .rel.data.* .rel.gnu.linkonce.d.*)
 *(.rela.data .rela.data.* .rela.gnu.linkonce.d.*)
 *(.rel.tdata .rel.tdata.* .rel.gnu.linkonce.td.*)
 *(.rela.tdata .rela.tdata.* .rela.gnu.linkonce.td.*)
 *(.rel.tbss .rel.tbss.* .rel.gnu.linkonce.tb.*)
 *(.rela.tbss .rela.tbss.* .rela.gnu.linkonce.tb.*)
 *(.rel.ctors)
 *(.rela.ctors)
 *(.rel.dtors)
 *(.rela.dtors)
 *(.rel.got)
 *(.rela.got)
 *(.rel.sdata .rel.sdata.* .rel.gnu.linkonce.s.*)
 *(.rela.sdata .rela.sdata.* .rela.gnu.linkonce.s.*)
 *(.rel.sbss .rel.sbss.* .rel.gnu.linkonce.sb.*)
 *(.rela.sbss .rela.sbss.* .rela.gnu.linkonce.sb.*)
 *(.rel.sdata2 .rel.sdata2.* .rel.gnu.linkonce.s2.*)
 *(.rela.sdata2 .rela.sdata2.* .rela.gnu.linkonce.s2.*)
 *(.rel.sbss2 .rel.sbss2.* .rel.gnu.linkonce.sb2.*)
 *(.rela.sbss2 .rela.sbss2.* .rela.gnu.linkonce.sb2.*)
 *(.rel.bss .rel.bss.* .rel.gnu.linkonce.b.*)
 *(.rela.bss .rela.bss.* .rela.gnu.linkonce.b.*)
 *(.rel.plt)
 *(.rela.plt)
 *(.rel.dyn)
 *(.init)
 *(.plt)
 *(.text .stub .text.* .gnu.linkonce.t.*)
 .text          0x000001b8       0x3c C:/Users/user/Desktop/CS4405Project/Workspace/CS4405Project_bsp//obj/HAL/src/crt0.o
                0x000001b8                _start
 .text          0x000001f4        0x0 obj/default/hello_world.o
 .text          0x000001f4       0x34 obj/default/os.o
                0x000001f4                main
 .text          0x00000228        0x0 obj/default/os_fifo.o
 .text          0x00000228       0x68 obj/default/os_init.o
                0x00000228                OS_Init
                0x00000244                OS_Start
                0x00000274                OS_Abort
 .text          0x00000290        0x0 obj/default/os_memory.o
 .text          0x00000290        0x0 obj/default/os_processmanage.o
 .text          0x00000290        0x0 obj/default/os_semaphore.o
 .text          0x00000290       0xb4 c:/opt/fcs/software/altera/13.0sp1/nios2eds/bin/gnu/h-i686-mingw32/bin/../lib/gcc/nios2-elf/4.1.2/../../../../nios2-elf/lib\libc.a(lib_a-puts.o)
                0x00000290                _puts_r
                0x00000330                puts
 .text          0x00000344       0x74 c:/opt/fcs/software/altera/13.0sp1/nios2eds/bin/gnu/h-i686-mingw32/bin/../lib/gcc/nios2-elf/4.1.2/../../../../nios2-elf/lib\libc.a(lib_a-strlen.o)
                0x00000344                strlen
 .text          0x000003b8      0x49c c:/opt/fcs/software/altera/13.0sp1/nios2eds/bin/gnu/h-i686-mingw32/bin/../lib/gcc/nios2-elf/4.1.2/../../../../nios2-elf/lib\libc.a(lib_a-fvwrite.o)
                0x000003b8                __sfvwrite_r
 .text          0x00000854        0x0 c:/opt/fcs/software/altera/13.0sp1/nios2eds/bin/gnu/h-i686-mingw32/bin/../lib/gcc/nios2-elf/4.1.2/../../../../nios2-elf/lib\libc.a(lib_a-impure.o)
 .text          0x00000854      0x740 c:/opt/fcs/software/altera/13.0sp1/nios2eds/bin/gnu/h-i686-mingw32/bin/../lib/gcc/nios2-elf/4.1.2/../../../../nios2-elf/lib\libc.a(lib_a-mallocr.o)
                0x00000854                _malloc_r
 .text          0x00000f94       0xe4 c:/opt/fcs/software/altera/13.0sp1/nios2eds/bin/gnu/h-i686-mingw32/bin/../lib/gcc/nios2-elf/4.1.2/../../../../nios2-elf/lib\libc.a(lib_a-memchr.o)
                0x00000f94                memchr
 .text          0x00001078       0xa0 c:/opt/fcs/software/altera/13.0sp1/nios2eds/bin/gnu/h-i686-mingw32/bin/../lib/gcc/nios2-elf/4.1.2/../../../../nios2-elf/lib\libc.a(lib_a-memcpy.o)
                0x00001078                memcpy
 .text          0x00001118       0xe0 c:/opt/fcs/software/altera/13.0sp1/nios2eds/bin/gnu/h-i686-mingw32/bin/../lib/gcc/nios2-elf/4.1.2/../../../../nios2-elf/lib\libc.a(lib_a-memmove.o)
                0x00001118                memmove
 .text          0x000011f8      0x5f4 c:/opt/fcs/software/altera/13.0sp1/nios2eds/bin/gnu/h-i686-mingw32/bin/../lib/gcc/nios2-elf/4.1.2/../../../../nios2-elf/lib\libc.a(lib_a-reallocr.o)
                0x000011f8                _realloc_r
 .text          0x000017ec       0x70 c:/opt/fcs/software/altera/13.0sp1/nios2eds/bin/gnu/h-i686-mingw32/bin/../lib/gcc/nios2-elf/4.1.2/../../../../nios2-elf/lib\libc.a(lib_a-sbrkr.o)
                0x000017ec                _sbrk_r
 .text          0x0000185c      0x13c c:/opt/fcs/software/altera/13.0sp1/nios2eds/bin/gnu/h-i686-mingw32/bin/../lib/gcc/nios2-elf/4.1.2/../../../../nios2-elf/lib\libc.a(lib_a-wsetup.o)
                0x0000185c                __swsetup_r
 .text          0x00001998      0x230 c:/opt/fcs/software/altera/13.0sp1/nios2eds/bin/gnu/h-i686-mingw32/bin/../lib/gcc/nios2-elf/4.1.2/../../../../nios2-elf/lib\libc.a(lib_a-fflush.o)
                0x00001998                _fflush_r
                0x00001b94                fflush
 .text          0x00001bc8      0x2c0 c:/opt/fcs/software/altera/13.0sp1/nios2eds/bin/gnu/h-i686-mingw32/bin/../lib/gcc/nios2-elf/4.1.2/../../../../nios2-elf/lib\libc.a(lib_a-findfp.o)
                0x00001c20                __sfp_lock_acquire
                0x00001c24                __sfp_lock_release
                0x00001c28                __sinit_lock_acquire
                0x00001c2c                __sinit_lock_release
                0x00001c30                __sinit
                0x00001ce4                __fp_unlock_all
                0x00001cfc                __fp_lock_all
                0x00001d14                _cleanup_r
                0x00001d20                _cleanup
                0x00001d30                __sfmoreglue
                0x00001d98                __sfp
 .text          0x00001e88      0x440 c:/opt/fcs/software/altera/13.0sp1/nios2eds/bin/gnu/h-i686-mingw32/bin/../lib/gcc/nios2-elf/4.1.2/../../../../nios2-elf/lib\libc.a(lib_a-freer.o)
                0x00001e88                _malloc_trim_r
                0x00001fb4                _free_r
 .text          0x000022c8      0x180 c:/opt/fcs/software/altera/13.0sp1/nios2eds/bin/gnu/h-i686-mingw32/bin/../lib/gcc/nios2-elf/4.1.2/../../../../nios2-elf/lib\libc.a(lib_a-fwalk.o)
                0x000022c8                _fwalk_reent
                0x00002390                _fwalk
 .text          0x00002448        0x0 c:/opt/fcs/software/altera/13.0sp1/nios2eds/bin/gnu/h-i686-mingw32/bin/../lib/gcc/nios2-elf/4.1.2/../../../../nios2-elf/lib\libc.a(lib_a-int_errno.o)
 .text          0x00002448      0x194 c:/opt/fcs/software/altera/13.0sp1/nios2eds/bin/gnu/h-i686-mingw32/bin/../lib/gcc/nios2-elf/4.1.2/../../../../nios2-elf/lib\libc.a(lib_a-makebuf.o)
                0x00002448                __smakebuf_r
 .text          0x000025dc       0x98 c:/opt/fcs/software/altera/13.0sp1/nios2eds/bin/gnu/h-i686-mingw32/bin/../lib/gcc/nios2-elf/4.1.2/../../../../nios2-elf/lib\libc.a(lib_a-memset.o)
                0x000025dc                memset
 .text          0x00002674      0x14c c:/opt/fcs/software/altera/13.0sp1/nios2eds/bin/gnu/h-i686-mingw32/bin/../lib/gcc/nios2-elf/4.1.2/../../../../nios2-elf/lib\libc.a(lib_a-stdio.o)
                0x00002674                __sclose
                0x0000267c                __sseek
                0x000026e4                __swrite
                0x00002760                __sread
 .text          0x000027c0       0x78 c:/opt/fcs/software/altera/13.0sp1/nios2eds/bin/gnu/h-i686-mingw32/bin/../lib/gcc/nios2-elf/4.1.2/../../../../nios2-elf/lib\libc.a(lib_a-writer.o)
                0x000027c0                _write_r
 .text          0x00002838       0x70 c:/opt/fcs/software/altera/13.0sp1/nios2eds/bin/gnu/h-i686-mingw32/bin/../lib/gcc/nios2-elf/4.1.2/../../../../nios2-elf/lib\libc.a(lib_a-closer.o)
                0x00002838                _close_r
 .text          0x000028a8      0x124 c:/opt/fcs/software/altera/13.0sp1/nios2eds/bin/gnu/h-i686-mingw32/bin/../lib/gcc/nios2-elf/4.1.2/../../../../nios2-elf/lib\libc.a(lib_a-fclose.o)
                0x000028a8                _fclose_r
                0x000029b8                fclose
 .text          0x000029cc       0x74 c:/opt/fcs/software/altera/13.0sp1/nios2eds/bin/gnu/h-i686-mingw32/bin/../lib/gcc/nios2-elf/4.1.2/../../../../nios2-elf/lib\libc.a(lib_a-fstatr.o)
                0x000029cc                _fstat_r
 .text          0x00002a40       0x70 c:/opt/fcs/software/altera/13.0sp1/nios2eds/bin/gnu/h-i686-mingw32/bin/../lib/gcc/nios2-elf/4.1.2/../../../../nios2-elf/lib\libc.a(lib_a-isattyr.o)
                0x00002a40                _isatty_r
 .text          0x00002ab0       0x78 c:/opt/fcs/software/altera/13.0sp1/nios2eds/bin/gnu/h-i686-mingw32/bin/../lib/gcc/nios2-elf/4.1.2/../../../../nios2-elf/lib\libc.a(lib_a-lseekr.o)
                0x00002ab0                _lseek_r
 .text          0x00002b28       0x78 c:/opt/fcs/software/altera/13.0sp1/nios2eds/bin/gnu/h-i686-mingw32/bin/../lib/gcc/nios2-elf/4.1.2/../../../../nios2-elf/lib\libc.a(lib_a-readr.o)
                0x00002b28                _read_r
 .text          0x00002ba0      0x15c C:/Users/user/Desktop/CS4405Project/Workspace/CS4405Project_bsp/\libhal_bsp.a(alt_close.o)
                0x00002ba0                close
 .text          0x00002cfc       0x2c C:/Users/user/Desktop/CS4405Project/Workspace/CS4405Project_bsp/\libhal_bsp.a(alt_dev.o)
 .text          0x00002d28        0x0 C:/Users/user/Desktop/CS4405Project/Workspace/CS4405Project_bsp/\libhal_bsp.a(alt_errno.o)
 .text          0x00002d28      0x134 C:/Users/user/Desktop/CS4405Project/Workspace/CS4405Project_bsp/\libhal_bsp.a(alt_fstat.o)
                0x00002d28                fstat
 .text          0x00002e5c      0x120 C:/Users/user/Desktop/CS4405Project/Workspace/CS4405Project_bsp/\libhal_bsp.a(alt_isatty.o)
                0x00002e5c                isatty
 .text          0x00002f7c       0xec C:/Users/user/Desktop/CS4405Project/Workspace/CS4405Project_bsp/\libhal_bsp.a(alt_load.o)
                0x00002f7c                alt_load
 .text          0x00003068      0x150 C:/Users/user/Desktop/CS4405Project/Workspace/CS4405Project_bsp/\libhal_bsp.a(alt_lseek.o)
                0x00003068                lseek
 .text          0x000031b8       0x6c C:/Users/user/Desktop/CS4405Project/Workspace/CS4405Project_bsp/\libhal_bsp.a(alt_main.o)
                0x000031b8                alt_main
 .text          0x00003224       0x40 C:/Users/user/Desktop/CS4405Project/Workspace/CS4405Project_bsp/\libhal_bsp.a(alt_malloc_lock.o)
                0x00003224                __malloc_lock
                0x00003244                __malloc_unlock
 .text          0x00003264      0x180 C:/Users/user/Desktop/CS4405Project/Workspace/CS4405Project_bsp/\libhal_bsp.a(alt_read.o)
                0x00003264                read
 .text          0x000033e4       0x60 C:/Users/user/Desktop/CS4405Project/Workspace/CS4405Project_bsp/\libhal_bsp.a(alt_release_fd.o)
                0x000033e4                alt_release_fd
 .text          0x00003444       0xbc C:/Users/user/Desktop/CS4405Project/Workspace/CS4405Project_bsp/\libhal_bsp.a(alt_sbrk.o)
                0x00003444                sbrk
 .text          0x00003500      0x180 C:/Users/user/Desktop/CS4405Project/Workspace/CS4405Project_bsp/\libhal_bsp.a(alt_write.o)
                0x00003500                write
 .text          0x00003680      0x46c C:/Users/user/Desktop/CS4405Project/Workspace/CS4405Project_bsp/\libhal_bsp.a(alt_sys_init.o)
                0x00003680                alt_irq_init
                0x000036b4                alt_sys_init
 .text          0x00003aec      0x148 C:/Users/user/Desktop/CS4405Project/Workspace/CS4405Project_bsp/\libhal_bsp.a(altera_avalon_jtag_uart_fd.o)
                0x00003aec                altera_avalon_jtag_uart_read_fd
                0x00003b44                altera_avalon_jtag_uart_write_fd
                0x00003b9c                altera_avalon_jtag_uart_close_fd
                0x00003be4                altera_avalon_jtag_uart_ioctl_fd
 .text          0x00003c34      0x408 C:/Users/user/Desktop/CS4405Project/Workspace/CS4405Project_bsp/\libhal_bsp.a(altera_avalon_jtag_uart_init.o)
                0x00003c34                altera_avalon_jtag_uart_init
                0x00003fc8                altera_avalon_jtag_uart_close
 .text          0x0000403c       0xf4 C:/Users/user/Desktop/CS4405Project/Workspace/CS4405Project_bsp/\libhal_bsp.a(altera_avalon_jtag_uart_ioctl.o)
                0x0000403c                altera_avalon_jtag_uart_ioctl
 .text          0x00004130      0x224 C:/Users/user/Desktop/CS4405Project/Workspace/CS4405Project_bsp/\libhal_bsp.a(altera_avalon_jtag_uart_read.o)
                0x00004130                altera_avalon_jtag_uart_read
 .text          0x00004354      0x240 C:/Users/user/Desktop/CS4405Project/Workspace/CS4405Project_bsp/\libhal_bsp.a(altera_avalon_jtag_uart_write.o)
                0x00004354                altera_avalon_jtag_uart_write
 .text          0x00004594       0xfc C:/Users/user/Desktop/CS4405Project/Workspace/CS4405Project_bsp/\libhal_bsp.a(altera_avalon_timer_sc.o)
                0x00004608                alt_avalon_timer_sc_init
 .text          0x00004690      0x530 C:/Users/user/Desktop/CS4405Project/Workspace/CS4405Project_bsp/\libhal_bsp.a(altera_up_avalon_character_lcd.o)
                0x00004690                get_DDRAM_addr
                0x0000470c                alt_up_character_lcd_send_cmd
                0x00004740                alt_up_character_lcd_init
                0x00004774                alt_up_character_lcd_open_dev
                0x000047b4                alt_up_character_lcd_write
                0x0000482c                alt_up_character_lcd_string
                0x000048a4                alt_up_character_lcd_write_fd
                0x000048f0                alt_up_character_lcd_set_cursor_pos
                0x00004968                alt_up_character_lcd_shift_cursor
                0x00004a18                alt_up_character_lcd_shift_display
                0x00004ac8                alt_up_character_lcd_erase_pos
                0x00004b58                alt_up_character_lcd_cursor_off
                0x00004b8c                alt_up_character_lcd_cursor_blink_on
 .text          0x00004bc0      0x150 C:/Users/user/Desktop/CS4405Project/Workspace/CS4405Project_bsp/\libhal_bsp.a(altera_up_avalon_ethernet.o)
                0x00004bc0                alt_up_ethernet_init
                0x00004cd0                alt_up_ethernet_open_dev
 .text          0x00004d10      0x238 C:/Users/user/Desktop/CS4405Project/Workspace/CS4405Project_bsp/\libhal_bsp.a(altera_up_avalon_ethernet_low_level_driver.o)
                0x00004d10                alt_up_ethernet_reg_read
                0x00004d4c                alt_up_ethernet_reg_write
                0x00004d90                alt_up_ethernet_phy_reg_read
                0x00004e70                alt_up_ethernet_phy_reg_write
 .text          0x00004f48      0x394 C:/Users/user/Desktop/CS4405Project/Workspace/CS4405Project_bsp/\libhal_bsp.a(altera_up_avalon_irda.o)
                0x00004f48                alt_up_irda_enable_read_interrupt
                0x00004f9c                alt_up_irda_disable_read_interrupt
                0x00004ff4                alt_up_irda_get_used_space_in_read_FIFO
                0x00005030                alt_up_irda_get_available_space_in_write_FIFO
                0x00005070                alt_up_irda_check_parity
                0x000050c0                alt_up_irda_write_data
                0x00005108                alt_up_irda_read_data
                0x0000517c                alt_up_irda_read_fd
                0x0000520c                alt_up_irda_write_fd
                0x0000529c                alt_up_irda_open_dev
 .text          0x000052dc      0x700 C:/Users/user/Desktop/CS4405Project/Workspace/CS4405Project_bsp/\libhal_bsp.a(altera_up_avalon_ps2.o)
                0x000052dc                read_RI_bit
                0x00005310                read_RE_bit
                0x00005340                read_CE_bit
                0x00005374                read_num_bytes_available
                0x000053a8                read_data_valid
                0x000053dc                read_data_byte
                0x00005408                alt_up_ps2_init
                0x000054d4                alt_up_ps2_enable_read_interrupt
                0x00005528                alt_up_ps2_disable_read_interrupt
                0x00005580                alt_up_ps2_write_data_byte
                0x000055f8                alt_up_ps2_wait_for_ack
                0x00005668                alt_up_ps2_write_data_byte_with_ack
                0x000056d4                alt_up_ps2_read_data_byte_timeout
                0x00005784                alt_up_ps2_read_data_byte
                0x00005800                alt_up_ps2_clear_fifo
                0x00005858                alt_up_ps2_read_fd
                0x000058f4                alt_up_ps2_write_fd
                0x0000599c                alt_up_ps2_open_dev
 .text          0x000059dc      0x398 C:/Users/user/Desktop/CS4405Project/Workspace/CS4405Project_bsp/\libhal_bsp.a(altera_up_avalon_rs232.o)
                0x000059dc                alt_up_rs232_enable_read_interrupt
                0x00005a30                alt_up_rs232_disable_read_interrupt
                0x00005a88                alt_up_rs232_get_used_space_in_read_FIFO
                0x00005ac4                alt_up_rs232_get_available_space_in_write_FIFO
                0x00005b04                alt_up_rs232_check_parity
                0x00005b54                alt_up_rs232_write_data
                0x00005b9c                alt_up_rs232_read_data
                0x00005c10                alt_up_rs232_read_fd
                0x00005ca0                alt_up_rs232_write_fd
                0x00005d34                alt_up_rs232_open_dev
 .text          0x00005d74      0x304 C:/Users/user/Desktop/CS4405Project/Workspace/CS4405Project_bsp/\libhal_bsp.a(altera_up_avalon_video_character_buffer_with_dma.o)
                0x00005d74                alt_up_char_buffer_init
                0x00005df8                alt_up_char_buffer_open_dev
                0x00005e38                alt_up_char_buffer_draw
                0x00005f08                alt_up_char_buffer_string
                0x0000601c                alt_up_char_buffer_clear
 .text          0x00006078      0x154 C:/Users/user/Desktop/CS4405Project/Workspace/CS4405Project_bsp/\libhal_bsp.a(alt_alarm_start.o)
                0x00006078                alt_alarm_start
 .text          0x000061cc       0x1c C:/Users/user/Desktop/CS4405Project/Workspace/CS4405Project_bsp/\libhal_bsp.a(alt_dcache_flush_all.o)
                0x000061cc                alt_dcache_flush_all
 .text          0x000061e8      0x114 C:/Users/user/Desktop/CS4405Project/Workspace/CS4405Project_bsp/\libhal_bsp.a(alt_dev_llist_insert.o)
                0x000061e8                alt_dev_llist_insert
 .text          0x000062fc       0x64 C:/Users/user/Desktop/CS4405Project/Workspace/CS4405Project_bsp/\libhal_bsp.a(alt_do_ctors.o)
                0x000062fc                _do_ctors
 .text          0x00006360       0x64 C:/Users/user/Desktop/CS4405Project/Workspace/CS4405Project_bsp/\libhal_bsp.a(alt_do_dtors.o)
                0x00006360                _do_dtors
 .text          0x000063c4       0x94 C:/Users/user/Desktop/CS4405Project/Workspace/CS4405Project_bsp/\libhal_bsp.a(alt_find_dev.o)
                0x000063c4                alt_find_dev
 .text          0x00006458       0x30 C:/Users/user/Desktop/CS4405Project/Workspace/CS4405Project_bsp/\libhal_bsp.a(alt_icache_flush_all.o)
                0x00006458                alt_icache_flush_all
 .text          0x00006488      0x13c C:/Users/user/Desktop/CS4405Project/Workspace/CS4405Project_bsp/\libhal_bsp.a(alt_io_redirect.o)
                0x0000654c                alt_io_redirect
 .text          0x000065c4      0x1c0 C:/Users/user/Desktop/CS4405Project/Workspace/CS4405Project_bsp/\libhal_bsp.a(alt_irq_register.o)
                0x000065c4                alt_irq_register
 .text          0x00006784        0x0 C:/Users/user/Desktop/CS4405Project/Workspace/CS4405Project_bsp/\libhal_bsp.a(alt_irq_vars.o)
 .text          0x00006784      0x2c4 C:/Users/user/Desktop/CS4405Project/Workspace/CS4405Project_bsp/\libhal_bsp.a(alt_open.o)
                0x00006860                open
 .text          0x00006a48      0x1a4 C:/Users/user/Desktop/CS4405Project/Workspace/CS4405Project_bsp/\libhal_bsp.a(alt_tick.o)
                0x00006a48                alt_alarm_stop
                0x00006ae0                alt_tick
 .text          0x00006bec       0x30 C:/Users/user/Desktop/CS4405Project/Workspace/CS4405Project_bsp/\libhal_bsp.a(alt_usleep.o)
                0x00006bec                usleep
 .text          0x00006c1c       0x20 C:/Users/user/Desktop/CS4405Project/Workspace/CS4405Project_bsp/\libhal_bsp.a(altera_nios2_qsys_irq.o)
                0x00006c1c                altera_nios2_qsys_irq_init
 .text          0x00006c3c      0x12c C:/Users/user/Desktop/CS4405Project/Workspace/CS4405Project_bsp/\libhal_bsp.a(alt_busy_sleep.o)
                0x00006c3c                alt_busy_sleep
 .text          0x00006d68      0x120 C:/Users/user/Desktop/CS4405Project/Workspace/CS4405Project_bsp/\libhal_bsp.a(alt_find_file.o)
                0x00006d68                alt_find_file
 .text          0x00006e88       0xb8 C:/Users/user/Desktop/CS4405Project/Workspace/CS4405Project_bsp/\libhal_bsp.a(alt_get_fd.o)
                0x00006e88                alt_get_fd
 .text          0x00006f40       0x90 C:/Users/user/Desktop/CS4405Project/Workspace/CS4405Project_bsp/\libhal_bsp.a(alt_icache_flush.o)
                0x00006f40                alt_icache_flush
 .text          0x00006fd0        0x0 C:/Users/user/Desktop/CS4405Project/Workspace/CS4405Project_bsp/\libhal_bsp.a(alt_irq_entry.o)
 .text          0x00006fd0        0x0 C:/Users/user/Desktop/CS4405Project/Workspace/CS4405Project_bsp/\libhal_bsp.a(alt_irq_handler.o)
 .text          0x00006fd0        0x0 C:/Users/user/Desktop/CS4405Project/Workspace/CS4405Project_bsp/\libhal_bsp.a(alt_exception_entry.o)
 .text          0x00006fd0       0x14 c:/opt/fcs/software/altera/13.0sp1/nios2eds/bin/gnu/h-i686-mingw32/bin/../lib/gcc/nios2-elf/4.1.2/../../../../nios2-elf/lib\libc.a(lib_a-atexit.o)
                0x00006fd0                atexit
 .text          0x00006fe4       0x38 c:/opt/fcs/software/altera/13.0sp1/nios2eds/bin/gnu/h-i686-mingw32/bin/../lib/gcc/nios2-elf/4.1.2/../../../../nios2-elf/lib\libc.a(lib_a-exit.o)
                0x00006fe4                exit
 .text          0x0000701c       0x74 c:/opt/fcs/software/altera/13.0sp1/nios2eds/bin/gnu/h-i686-mingw32/bin/../lib/gcc/nios2-elf/4.1.2/../../../../nios2-elf/lib\libc.a(lib_a-memcmp.o)
                0x0000701c                memcmp
 .text          0x00007090       0xbc c:/opt/fcs/software/altera/13.0sp1/nios2eds/bin/gnu/h-i686-mingw32/bin/../lib/gcc/nios2-elf/4.1.2/../../../../nios2-elf/lib\libc.a(lib_a-strcmp.o)
                0x00007090                strcmp
 .text          0x0000714c      0x134 c:/opt/fcs/software/altera/13.0sp1/nios2eds/bin/gnu/h-i686-mingw32/bin/../lib/gcc/nios2-elf/4.1.2/../../../../nios2-elf/lib\libc.a(lib_a-__atexit.o)
                0x0000714c                __register_exitproc
 .text          0x00007280      0x1b4 c:/opt/fcs/software/altera/13.0sp1/nios2eds/bin/gnu/h-i686-mingw32/bin/../lib/gcc/nios2-elf/4.1.2/../../../../nios2-elf/lib\libc.a(lib_a-__call_atexit.o)
                0x00007284                __call_exitprocs
 .text          0x00007434       0x60 C:/Users/user/Desktop/CS4405Project/Workspace/CS4405Project_bsp/\libhal_bsp.a(alt_exit.o)
                0x00007474                _exit
 *(.gnu.warning.*)
 *(.fini)
                0x00007494                PROVIDE (__etext, ABSOLUTE (.))
                0x00007494                PROVIDE (_etext, ABSOLUTE (.))
                0x00007494                PROVIDE (etext, ABSOLUTE (.))
 *(.eh_frame_hdr)
                0x00007494                . = ALIGN (0x4)
                0x00007494                PROVIDE (__preinit_array_start, ABSOLUTE (.))
 *(.preinit_array)
                0x00007494                PROVIDE (__preinit_array_end, ABSOLUTE (.))
                0x00007494                PROVIDE (__init_array_start, ABSOLUTE (.))
 *(.init_array)
                0x00007494                PROVIDE (__init_array_end, ABSOLUTE (.))
                0x00007494                PROVIDE (__fini_array_start, ABSOLUTE (.))
 *(.fini_array)
                0x00007494                PROVIDE (__fini_array_end, ABSOLUTE (.))
 *(.eh_frame)
 *(.gcc_except_table)
 *(.dynamic)
                0x00007494                PROVIDE (__CTOR_LIST__, ABSOLUTE (.))
 *(.ctors)
 *(SORT(.ctors.*))
 .ctors.65535   0x00007494        0x4 c:/opt/fcs/software/altera/13.0sp1/nios2eds/bin/gnu/h-i686-mingw32/bin/../lib/gcc/nios2-elf/4.1.2/../../../../nios2-elf/lib\libc.a(lib_a-__call_atexit.o)
                0x00007498                PROVIDE (__CTOR_END__, ABSOLUTE (.))
                0x00007498                PROVIDE (__DTOR_LIST__, ABSOLUTE (.))
 *(.dtors)
 *(SORT(.dtors.*))
                0x00007498                PROVIDE (__DTOR_END__, ABSOLUTE (.))
 *(.jcr)
                0x00007498                . = ALIGN (0x4)

.rodata         0x00007498      0x1c0
                0x00007498                PROVIDE (__ram_rodata_start, ABSOLUTE (.))
                0x00007498                . = ALIGN (0x4)
 *(.rodata .rodata.* .gnu.linkonce.r.*)
 .rodata        0x00007498        0x4 obj/default/os.o
 .rodata.str1.4
                0x0000749c        0x2 c:/opt/fcs/software/altera/13.0sp1/nios2eds/bin/gnu/h-i686-mingw32/bin/../lib/gcc/nios2-elf/4.1.2/../../../../nios2-elf/lib\libc.a(lib_a-puts.o)
                                  0x4 (size before relaxing)
 *fill*         0x0000749e        0x2 00
 .rodata.str1.4
                0x000074a0        0x4 c:/opt/fcs/software/altera/13.0sp1/nios2eds/bin/gnu/h-i686-mingw32/bin/../lib/gcc/nios2-elf/4.1.2/../../../../nios2-elf/lib\libc.a(lib_a-impure.o)
 .rodata        0x000074a4        0xc C:/Users/user/Desktop/CS4405Project/Workspace/CS4405Project_bsp/\libhal_bsp.a(alt_dev.o)
 .rodata        0x000074b0       0x10 C:/Users/user/Desktop/CS4405Project/Workspace/CS4405Project_bsp/\libhal_bsp.a(alt_main.o)
 .rodata        0x000074c0      0x17c C:/Users/user/Desktop/CS4405Project/Workspace/CS4405Project_bsp/\libhal_bsp.a(alt_sys_init.o)
 .rodata        0x0000763c       0x1c C:/Users/user/Desktop/CS4405Project/Workspace/CS4405Project_bsp/\libhal_bsp.a(altera_up_avalon_video_character_buffer_with_dma.o)
 *(.rodata1)
                0x00007658                . = ALIGN (0x4)
                0x00007658                PROVIDE (__ram_rodata_end, ABSOLUTE (.))
                0x00007498                PROVIDE (__flash_rodata_start, LOADADDR (.rodata))

.rwdata         0x00007658     0x1dfc load address 0x00009454
                0x00007658                PROVIDE (__ram_rwdata_start, ABSOLUTE (.))
                0x00007658                . = ALIGN (0x4)
 *(.got.plt)
 *(.got)
 *(.data1)
 *(.data .data.* .gnu.linkonce.d.*)
 .data          0x00007658        0x0 C:/Users/user/Desktop/CS4405Project/Workspace/CS4405Project_bsp//obj/HAL/src/crt0.o
 .data          0x00007658        0x0 obj/default/hello_world.o
 .data          0x00007658        0x0 obj/default/os.o
 .data          0x00007658        0x0 obj/default/os_fifo.o
 .data          0x00007658        0x0 obj/default/os_init.o
 .data          0x00007658        0x0 obj/default/os_memory.o
 .data          0x00007658        0x0 obj/default/os_processmanage.o
 .data          0x00007658        0x0 obj/default/os_semaphore.o
 .data          0x00007658        0x0 c:/opt/fcs/software/altera/13.0sp1/nios2eds/bin/gnu/h-i686-mingw32/bin/../lib/gcc/nios2-elf/4.1.2/../../../../nios2-elf/lib\libc.a(lib_a-puts.o)
 .data          0x00007658        0x0 c:/opt/fcs/software/altera/13.0sp1/nios2eds/bin/gnu/h-i686-mingw32/bin/../lib/gcc/nios2-elf/4.1.2/../../../../nios2-elf/lib\libc.a(lib_a-strlen.o)
 .data          0x00007658        0x0 c:/opt/fcs/software/altera/13.0sp1/nios2eds/bin/gnu/h-i686-mingw32/bin/../lib/gcc/nios2-elf/4.1.2/../../../../nios2-elf/lib\libc.a(lib_a-fvwrite.o)
 .data          0x00007658      0x400 c:/opt/fcs/software/altera/13.0sp1/nios2eds/bin/gnu/h-i686-mingw32/bin/../lib/gcc/nios2-elf/4.1.2/../../../../nios2-elf/lib\libc.a(lib_a-impure.o)
 .data          0x00007a58      0x408 c:/opt/fcs/software/altera/13.0sp1/nios2eds/bin/gnu/h-i686-mingw32/bin/../lib/gcc/nios2-elf/4.1.2/../../../../nios2-elf/lib\libc.a(lib_a-mallocr.o)
                0x00007a58                __malloc_av_
 .data          0x00007e60        0x0 c:/opt/fcs/software/altera/13.0sp1/nios2eds/bin/gnu/h-i686-mingw32/bin/../lib/gcc/nios2-elf/4.1.2/../../../../nios2-elf/lib\libc.a(lib_a-memchr.o)
 .data          0x00007e60        0x0 c:/opt/fcs/software/altera/13.0sp1/nios2eds/bin/gnu/h-i686-mingw32/bin/../lib/gcc/nios2-elf/4.1.2/../../../../nios2-elf/lib\libc.a(lib_a-memcpy.o)
 .data          0x00007e60        0x0 c:/opt/fcs/software/altera/13.0sp1/nios2eds/bin/gnu/h-i686-mingw32/bin/../lib/gcc/nios2-elf/4.1.2/../../../../nios2-elf/lib\libc.a(lib_a-memmove.o)
 .data          0x00007e60        0x0 c:/opt/fcs/software/altera/13.0sp1/nios2eds/bin/gnu/h-i686-mingw32/bin/../lib/gcc/nios2-elf/4.1.2/../../../../nios2-elf/lib\libc.a(lib_a-reallocr.o)
 .data          0x00007e60        0x0 c:/opt/fcs/software/altera/13.0sp1/nios2eds/bin/gnu/h-i686-mingw32/bin/../lib/gcc/nios2-elf/4.1.2/../../../../nios2-elf/lib\libc.a(lib_a-sbrkr.o)
 .data          0x00007e60        0x0 c:/opt/fcs/software/altera/13.0sp1/nios2eds/bin/gnu/h-i686-mingw32/bin/../lib/gcc/nios2-elf/4.1.2/../../../../nios2-elf/lib\libc.a(lib_a-wsetup.o)
 .data          0x00007e60        0x0 c:/opt/fcs/software/altera/13.0sp1/nios2eds/bin/gnu/h-i686-mingw32/bin/../lib/gcc/nios2-elf/4.1.2/../../../../nios2-elf/lib\libc.a(lib_a-fflush.o)
 .data          0x00007e60        0x0 c:/opt/fcs/software/altera/13.0sp1/nios2eds/bin/gnu/h-i686-mingw32/bin/../lib/gcc/nios2-elf/4.1.2/../../../../nios2-elf/lib\libc.a(lib_a-findfp.o)
 .data          0x00007e60        0x0 c:/opt/fcs/software/altera/13.0sp1/nios2eds/bin/gnu/h-i686-mingw32/bin/../lib/gcc/nios2-elf/4.1.2/../../../../nios2-elf/lib\libc.a(lib_a-freer.o)
 .data          0x00007e60        0x0 c:/opt/fcs/software/altera/13.0sp1/nios2eds/bin/gnu/h-i686-mingw32/bin/../lib/gcc/nios2-elf/4.1.2/../../../../nios2-elf/lib\libc.a(lib_a-fwalk.o)
 .data          0x00007e60        0x0 c:/opt/fcs/software/altera/13.0sp1/nios2eds/bin/gnu/h-i686-mingw32/bin/../lib/gcc/nios2-elf/4.1.2/../../../../nios2-elf/lib\libc.a(lib_a-int_errno.o)
 .data          0x00007e60        0x0 c:/opt/fcs/software/altera/13.0sp1/nios2eds/bin/gnu/h-i686-mingw32/bin/../lib/gcc/nios2-elf/4.1.2/../../../../nios2-elf/lib\libc.a(lib_a-makebuf.o)
 .data          0x00007e60        0x0 c:/opt/fcs/software/altera/13.0sp1/nios2eds/bin/gnu/h-i686-mingw32/bin/../lib/gcc/nios2-elf/4.1.2/../../../../nios2-elf/lib\libc.a(lib_a-memset.o)
 .data          0x00007e60        0x0 c:/opt/fcs/software/altera/13.0sp1/nios2eds/bin/gnu/h-i686-mingw32/bin/../lib/gcc/nios2-elf/4.1.2/../../../../nios2-elf/lib\libc.a(lib_a-stdio.o)
 .data          0x00007e60        0x0 c:/opt/fcs/software/altera/13.0sp1/nios2eds/bin/gnu/h-i686-mingw32/bin/../lib/gcc/nios2-elf/4.1.2/../../../../nios2-elf/lib\libc.a(lib_a-writer.o)
 .data          0x00007e60        0x0 c:/opt/fcs/software/altera/13.0sp1/nios2eds/bin/gnu/h-i686-mingw32/bin/../lib/gcc/nios2-elf/4.1.2/../../../../nios2-elf/lib\libc.a(lib_a-closer.o)
 .data          0x00007e60        0x0 c:/opt/fcs/software/altera/13.0sp1/nios2eds/bin/gnu/h-i686-mingw32/bin/../lib/gcc/nios2-elf/4.1.2/../../../../nios2-elf/lib\libc.a(lib_a-fclose.o)
 .data          0x00007e60        0x0 c:/opt/fcs/software/altera/13.0sp1/nios2eds/bin/gnu/h-i686-mingw32/bin/../lib/gcc/nios2-elf/4.1.2/../../../../nios2-elf/lib\libc.a(lib_a-fstatr.o)
 .data          0x00007e60        0x0 c:/opt/fcs/software/altera/13.0sp1/nios2eds/bin/gnu/h-i686-mingw32/bin/../lib/gcc/nios2-elf/4.1.2/../../../../nios2-elf/lib\libc.a(lib_a-isattyr.o)
 .data          0x00007e60        0x0 c:/opt/fcs/software/altera/13.0sp1/nios2eds/bin/gnu/h-i686-mingw32/bin/../lib/gcc/nios2-elf/4.1.2/../../../../nios2-elf/lib\libc.a(lib_a-lseekr.o)
 .data          0x00007e60        0x0 c:/opt/fcs/software/altera/13.0sp1/nios2eds/bin/gnu/h-i686-mingw32/bin/../lib/gcc/nios2-elf/4.1.2/../../../../nios2-elf/lib\libc.a(lib_a-readr.o)
 .data          0x00007e60        0x0 C:/Users/user/Desktop/CS4405Project/Workspace/CS4405Project_bsp/\libhal_bsp.a(alt_close.o)
 .data          0x00007e60      0x1a8 C:/Users/user/Desktop/CS4405Project/Workspace/CS4405Project_bsp/\libhal_bsp.a(alt_dev.o)
                0x00007e60                alt_dev_null
                0x00007e88                alt_fd_list
 .data          0x00008008        0x0 C:/Users/user/Desktop/CS4405Project/Workspace/CS4405Project_bsp/\libhal_bsp.a(alt_errno.o)
 .data          0x00008008        0x0 C:/Users/user/Desktop/CS4405Project/Workspace/CS4405Project_bsp/\libhal_bsp.a(alt_fstat.o)
 .data          0x00008008        0x0 C:/Users/user/Desktop/CS4405Project/Workspace/CS4405Project_bsp/\libhal_bsp.a(alt_isatty.o)
 .data          0x00008008        0x0 C:/Users/user/Desktop/CS4405Project/Workspace/CS4405Project_bsp/\libhal_bsp.a(alt_load.o)
 .data          0x00008008        0x0 C:/Users/user/Desktop/CS4405Project/Workspace/CS4405Project_bsp/\libhal_bsp.a(alt_lseek.o)
 .data          0x00008008        0x0 C:/Users/user/Desktop/CS4405Project/Workspace/CS4405Project_bsp/\libhal_bsp.a(alt_main.o)
 .data          0x00008008        0x0 C:/Users/user/Desktop/CS4405Project/Workspace/CS4405Project_bsp/\libhal_bsp.a(alt_malloc_lock.o)
 .data          0x00008008        0x0 C:/Users/user/Desktop/CS4405Project/Workspace/CS4405Project_bsp/\libhal_bsp.a(alt_read.o)
 .data          0x00008008        0x0 C:/Users/user/Desktop/CS4405Project/Workspace/CS4405Project_bsp/\libhal_bsp.a(alt_release_fd.o)
 .data          0x00008008        0x0 C:/Users/user/Desktop/CS4405Project/Workspace/CS4405Project_bsp/\libhal_bsp.a(alt_sbrk.o)
 .data          0x00008008        0x0 C:/Users/user/Desktop/CS4405Project/Workspace/CS4405Project_bsp/\libhal_bsp.a(alt_write.o)
 .data          0x00008008     0x1414 C:/Users/user/Desktop/CS4405Project/Workspace/CS4405Project_bsp/\libhal_bsp.a(alt_sys_init.o)
 .data          0x0000941c        0x0 C:/Users/user/Desktop/CS4405Project/Workspace/CS4405Project_bsp/\libhal_bsp.a(altera_avalon_jtag_uart_fd.o)
 .data          0x0000941c        0x0 C:/Users/user/Desktop/CS4405Project/Workspace/CS4405Project_bsp/\libhal_bsp.a(altera_avalon_jtag_uart_init.o)
 .data          0x0000941c        0x0 C:/Users/user/Desktop/CS4405Project/Workspace/CS4405Project_bsp/\libhal_bsp.a(altera_avalon_jtag_uart_ioctl.o)
 .data          0x0000941c        0x0 C:/Users/user/Desktop/CS4405Project/Workspace/CS4405Project_bsp/\libhal_bsp.a(altera_avalon_jtag_uart_read.o)
 .data          0x0000941c        0x0 C:/Users/user/Desktop/CS4405Project/Workspace/CS4405Project_bsp/\libhal_bsp.a(altera_avalon_jtag_uart_write.o)
 .data          0x0000941c        0x0 C:/Users/user/Desktop/CS4405Project/Workspace/CS4405Project_bsp/\libhal_bsp.a(altera_avalon_timer_sc.o)
 .data          0x0000941c        0x0 C:/Users/user/Desktop/CS4405Project/Workspace/CS4405Project_bsp/\libhal_bsp.a(altera_up_avalon_character_lcd.o)
 .data          0x0000941c        0x0 C:/Users/user/Desktop/CS4405Project/Workspace/CS4405Project_bsp/\libhal_bsp.a(altera_up_avalon_ethernet.o)
 .data          0x0000941c        0x0 C:/Users/user/Desktop/CS4405Project/Workspace/CS4405Project_bsp/\libhal_bsp.a(altera_up_avalon_ethernet_low_level_driver.o)
 .data          0x0000941c        0x0 C:/Users/user/Desktop/CS4405Project/Workspace/CS4405Project_bsp/\libhal_bsp.a(altera_up_avalon_irda.o)
 .data          0x0000941c        0x0 C:/Users/user/Desktop/CS4405Project/Workspace/CS4405Project_bsp/\libhal_bsp.a(altera_up_avalon_ps2.o)
 .data          0x0000941c        0x0 C:/Users/user/Desktop/CS4405Project/Workspace/CS4405Project_bsp/\libhal_bsp.a(altera_up_avalon_rs232.o)
 .data          0x0000941c        0x0 C:/Users/user/Desktop/CS4405Project/Workspace/CS4405Project_bsp/\libhal_bsp.a(altera_up_avalon_video_character_buffer_with_dma.o)
 .data          0x0000941c        0x0 C:/Users/user/Desktop/CS4405Project/Workspace/CS4405Project_bsp/\libhal_bsp.a(alt_alarm_start.o)
 .data          0x0000941c        0x0 C:/Users/user/Desktop/CS4405Project/Workspace/CS4405Project_bsp/\libhal_bsp.a(alt_dcache_flush_all.o)
 .data          0x0000941c        0x0 C:/Users/user/Desktop/CS4405Project/Workspace/CS4405Project_bsp/\libhal_bsp.a(alt_dev_llist_insert.o)
 .data          0x0000941c        0x0 C:/Users/user/Desktop/CS4405Project/Workspace/CS4405Project_bsp/\libhal_bsp.a(alt_do_ctors.o)
 .data          0x0000941c        0x0 C:/Users/user/Desktop/CS4405Project/Workspace/CS4405Project_bsp/\libhal_bsp.a(alt_do_dtors.o)
 .data          0x0000941c        0x0 C:/Users/user/Desktop/CS4405Project/Workspace/CS4405Project_bsp/\libhal_bsp.a(alt_find_dev.o)
 .data          0x0000941c        0x0 C:/Users/user/Desktop/CS4405Project/Workspace/CS4405Project_bsp/\libhal_bsp.a(alt_icache_flush_all.o)
 .data          0x0000941c        0x0 C:/Users/user/Desktop/CS4405Project/Workspace/CS4405Project_bsp/\libhal_bsp.a(alt_io_redirect.o)
 .data          0x0000941c        0x0 C:/Users/user/Desktop/CS4405Project/Workspace/CS4405Project_bsp/\libhal_bsp.a(alt_irq_register.o)
 .data          0x0000941c        0x0 C:/Users/user/Desktop/CS4405Project/Workspace/CS4405Project_bsp/\libhal_bsp.a(alt_irq_vars.o)
 .data          0x0000941c        0x0 C:/Users/user/Desktop/CS4405Project/Workspace/CS4405Project_bsp/\libhal_bsp.a(alt_open.o)
 .data          0x0000941c        0x0 C:/Users/user/Desktop/CS4405Project/Workspace/CS4405Project_bsp/\libhal_bsp.a(alt_tick.o)
 .data          0x0000941c        0x0 C:/Users/user/Desktop/CS4405Project/Workspace/CS4405Project_bsp/\libhal_bsp.a(alt_usleep.o)
 .data          0x0000941c        0x0 C:/Users/user/Desktop/CS4405Project/Workspace/CS4405Project_bsp/\libhal_bsp.a(altera_nios2_qsys_irq.o)
 .data          0x0000941c        0x0 C:/Users/user/Desktop/CS4405Project/Workspace/CS4405Project_bsp/\libhal_bsp.a(alt_busy_sleep.o)
 .data          0x0000941c        0x0 C:/Users/user/Desktop/CS4405Project/Workspace/CS4405Project_bsp/\libhal_bsp.a(alt_find_file.o)
 .data          0x0000941c        0x0 C:/Users/user/Desktop/CS4405Project/Workspace/CS4405Project_bsp/\libhal_bsp.a(alt_get_fd.o)
 .data          0x0000941c        0x0 C:/Users/user/Desktop/CS4405Project/Workspace/CS4405Project_bsp/\libhal_bsp.a(alt_icache_flush.o)
 .data          0x0000941c        0x0 C:/Users/user/Desktop/CS4405Project/Workspace/CS4405Project_bsp/\libhal_bsp.a(alt_irq_entry.o)
 .data          0x0000941c        0x0 C:/Users/user/Desktop/CS4405Project/Workspace/CS4405Project_bsp/\libhal_bsp.a(alt_irq_handler.o)
 .data          0x0000941c        0x0 C:/Users/user/Desktop/CS4405Project/Workspace/CS4405Project_bsp/\libhal_bsp.a(alt_exception_entry.o)
 .data          0x0000941c        0x0 c:/opt/fcs/software/altera/13.0sp1/nios2eds/bin/gnu/h-i686-mingw32/bin/../lib/gcc/nios2-elf/4.1.2/../../../../nios2-elf/lib\libc.a(lib_a-atexit.o)
 .data          0x0000941c        0x0 c:/opt/fcs/software/altera/13.0sp1/nios2eds/bin/gnu/h-i686-mingw32/bin/../lib/gcc/nios2-elf/4.1.2/../../../../nios2-elf/lib\libc.a(lib_a-exit.o)
 .data          0x0000941c        0x0 c:/opt/fcs/software/altera/13.0sp1/nios2eds/bin/gnu/h-i686-mingw32/bin/../lib/gcc/nios2-elf/4.1.2/../../../../nios2-elf/lib\libc.a(lib_a-memcmp.o)
 .data          0x0000941c        0x0 c:/opt/fcs/software/altera/13.0sp1/nios2eds/bin/gnu/h-i686-mingw32/bin/../lib/gcc/nios2-elf/4.1.2/../../../../nios2-elf/lib\libc.a(lib_a-strcmp.o)
 .data          0x0000941c        0x0 c:/opt/fcs/software/altera/13.0sp1/nios2eds/bin/gnu/h-i686-mingw32/bin/../lib/gcc/nios2-elf/4.1.2/../../../../nios2-elf/lib\libc.a(lib_a-__atexit.o)
 .data          0x0000941c        0x0 c:/opt/fcs/software/altera/13.0sp1/nios2eds/bin/gnu/h-i686-mingw32/bin/../lib/gcc/nios2-elf/4.1.2/../../../../nios2-elf/lib\libc.a(lib_a-__call_atexit.o)
 .data          0x0000941c        0x0 C:/Users/user/Desktop/CS4405Project/Workspace/CS4405Project_bsp/\libhal_bsp.a(alt_exit.o)
                0x0001141c                _gp = ABSOLUTE ((. + 0x8000))
                0x0001141c                PROVIDE (gp, _gp)
 *(.rwdata .rwdata.*)
 *(.sdata .sdata.* .gnu.linkonce.s.*)
 .sdata         0x0000941c        0x8 c:/opt/fcs/software/altera/13.0sp1/nios2eds/bin/gnu/h-i686-mingw32/bin/../lib/gcc/nios2-elf/4.1.2/../../../../nios2-elf/lib\libc.a(lib_a-impure.o)
                0x0000941c                _impure_ptr
                0x00009420                _global_impure_ptr
 .sdata         0x00009424        0x8 c:/opt/fcs/software/altera/13.0sp1/nios2eds/bin/gnu/h-i686-mingw32/bin/../lib/gcc/nios2-elf/4.1.2/../../../../nios2-elf/lib\libc.a(lib_a-mallocr.o)
                0x00009424                __malloc_trim_threshold
                0x00009428                __malloc_sbrk_base
 .sdata         0x0000942c       0x14 C:/Users/user/Desktop/CS4405Project/Workspace/CS4405Project_bsp/\libhal_bsp.a(alt_dev.o)
                0x0000942c                alt_fs_list
                0x00009434                alt_dev_list
                0x0000943c                alt_max_fd
 .sdata         0x00009440        0x4 C:/Users/user/Desktop/CS4405Project/Workspace/CS4405Project_bsp/\libhal_bsp.a(alt_errno.o)
                0x00009440                alt_errno
 .sdata         0x00009444        0x4 C:/Users/user/Desktop/CS4405Project/Workspace/CS4405Project_bsp/\libhal_bsp.a(alt_sbrk.o)
 .sdata         0x00009448        0x4 C:/Users/user/Desktop/CS4405Project/Workspace/CS4405Project_bsp/\libhal_bsp.a(alt_irq_vars.o)
                0x00009448                alt_priority_mask
 .sdata         0x0000944c        0x8 C:/Users/user/Desktop/CS4405Project/Workspace/CS4405Project_bsp/\libhal_bsp.a(alt_tick.o)
                0x0000944c                alt_alarm_list
 *(.sdata2 .sdata2.* .gnu.linkonce.s2.*)
                0x00009454                . = ALIGN (0x4)
                0x00009454                _edata = ABSOLUTE (.)
                0x00009454                PROVIDE (edata, ABSOLUTE (.))
                0x00009454                PROVIDE (__ram_rwdata_end, ABSOLUTE (.))
                0x00009454                PROVIDE (__flash_rwdata_start, LOADADDR (.rwdata))

.bss            0x0000b250      0x2e0
                0x0000b250                __bss_start = ABSOLUTE (.)
                0x0000b250                PROVIDE (__sbss_start, ABSOLUTE (.))
                0x0000b250                PROVIDE (___sbss_start, ABSOLUTE (.))
 *(.dynsbss)
 *(.sbss .sbss.* .gnu.linkonce.sb.*)
 .sbss          0x0000b250        0xc c:/opt/fcs/software/altera/13.0sp1/nios2eds/bin/gnu/h-i686-mingw32/bin/../lib/gcc/nios2-elf/4.1.2/../../../../nios2-elf/lib\libc.a(lib_a-mallocr.o)
                0x0000b250                __malloc_top_pad
                0x0000b254                __malloc_max_sbrked_mem
                0x0000b258                __malloc_max_total_mem
 .sbss          0x0000b25c        0x4 c:/opt/fcs/software/altera/13.0sp1/nios2eds/bin/gnu/h-i686-mingw32/bin/../lib/gcc/nios2-elf/4.1.2/../../../../nios2-elf/lib\libc.a(lib_a-int_errno.o)
                0x0000b25c                errno
 .sbss          0x0000b260        0xc C:/Users/user/Desktop/CS4405Project/Workspace/CS4405Project_bsp/\libhal_bsp.a(alt_main.o)
                0x0000b260                alt_argc
                0x0000b264                alt_argv
                0x0000b268                alt_envp
 .sbss          0x0000b26c        0x4 C:/Users/user/Desktop/CS4405Project/Workspace/CS4405Project_bsp/\libhal_bsp.a(alt_irq_vars.o)
                0x0000b26c                alt_irq_active
 .sbss          0x0000b270        0x8 C:/Users/user/Desktop/CS4405Project/Workspace/CS4405Project_bsp/\libhal_bsp.a(alt_tick.o)
                0x0000b270                _alt_tick_rate
                0x0000b274                _alt_nticks
 *(.sbss2 .sbss2.* .gnu.linkonce.sb2.*)
 *(.scommon)
                0x0000b278                PROVIDE (__sbss_end, ABSOLUTE (.))
                0x0000b278                PROVIDE (___sbss_end, ABSOLUTE (.))
 *(.dynbss)
 *(.bss .bss.* .gnu.linkonce.b.*)
 .bss           0x0000b278        0x0 C:/Users/user/Desktop/CS4405Project/Workspace/CS4405Project_bsp//obj/HAL/src/crt0.o
 .bss           0x0000b278        0x0 obj/default/hello_world.o
 .bss           0x0000b278        0x0 obj/default/os.o
 .bss           0x0000b278        0x0 obj/default/os_fifo.o
 .bss           0x0000b278        0x0 obj/default/os_init.o
 .bss           0x0000b278        0x0 obj/default/os_memory.o
 .bss           0x0000b278        0x0 obj/default/os_processmanage.o
 .bss           0x0000b278        0x0 obj/default/os_semaphore.o
 .bss           0x0000b278        0x0 c:/opt/fcs/software/altera/13.0sp1/nios2eds/bin/gnu/h-i686-mingw32/bin/../lib/gcc/nios2-elf/4.1.2/../../../../nios2-elf/lib\libc.a(lib_a-puts.o)
 .bss           0x0000b278        0x0 c:/opt/fcs/software/altera/13.0sp1/nios2eds/bin/gnu/h-i686-mingw32/bin/../lib/gcc/nios2-elf/4.1.2/../../../../nios2-elf/lib\libc.a(lib_a-strlen.o)
 .bss           0x0000b278        0x0 c:/opt/fcs/software/altera/13.0sp1/nios2eds/bin/gnu/h-i686-mingw32/bin/../lib/gcc/nios2-elf/4.1.2/../../../../nios2-elf/lib\libc.a(lib_a-fvwrite.o)
 .bss           0x0000b278        0x0 c:/opt/fcs/software/altera/13.0sp1/nios2eds/bin/gnu/h-i686-mingw32/bin/../lib/gcc/nios2-elf/4.1.2/../../../../nios2-elf/lib\libc.a(lib_a-impure.o)
 .bss           0x0000b278       0x28 c:/opt/fcs/software/altera/13.0sp1/nios2eds/bin/gnu/h-i686-mingw32/bin/../lib/gcc/nios2-elf/4.1.2/../../../../nios2-elf/lib\libc.a(lib_a-mallocr.o)
                0x0000b278                __malloc_current_mallinfo
 .bss           0x0000b2a0        0x0 c:/opt/fcs/software/altera/13.0sp1/nios2eds/bin/gnu/h-i686-mingw32/bin/../lib/gcc/nios2-elf/4.1.2/../../../../nios2-elf/lib\libc.a(lib_a-memchr.o)
 .bss           0x0000b2a0        0x0 c:/opt/fcs/software/altera/13.0sp1/nios2eds/bin/gnu/h-i686-mingw32/bin/../lib/gcc/nios2-elf/4.1.2/../../../../nios2-elf/lib\libc.a(lib_a-memcpy.o)
 .bss           0x0000b2a0        0x0 c:/opt/fcs/software/altera/13.0sp1/nios2eds/bin/gnu/h-i686-mingw32/bin/../lib/gcc/nios2-elf/4.1.2/../../../../nios2-elf/lib\libc.a(lib_a-memmove.o)
 .bss           0x0000b2a0        0x0 c:/opt/fcs/software/altera/13.0sp1/nios2eds/bin/gnu/h-i686-mingw32/bin/../lib/gcc/nios2-elf/4.1.2/../../../../nios2-elf/lib\libc.a(lib_a-reallocr.o)
 .bss           0x0000b2a0        0x0 c:/opt/fcs/software/altera/13.0sp1/nios2eds/bin/gnu/h-i686-mingw32/bin/../lib/gcc/nios2-elf/4.1.2/../../../../nios2-elf/lib\libc.a(lib_a-sbrkr.o)
 .bss           0x0000b2a0        0x0 c:/opt/fcs/software/altera/13.0sp1/nios2eds/bin/gnu/h-i686-mingw32/bin/../lib/gcc/nios2-elf/4.1.2/../../../../nios2-elf/lib\libc.a(lib_a-wsetup.o)
 .bss           0x0000b2a0        0x0 c:/opt/fcs/software/altera/13.0sp1/nios2eds/bin/gnu/h-i686-mingw32/bin/../lib/gcc/nios2-elf/4.1.2/../../../../nios2-elf/lib\libc.a(lib_a-fflush.o)
 .bss           0x0000b2a0        0x0 c:/opt/fcs/software/altera/13.0sp1/nios2eds/bin/gnu/h-i686-mingw32/bin/../lib/gcc/nios2-elf/4.1.2/../../../../nios2-elf/lib\libc.a(lib_a-findfp.o)
 .bss           0x0000b2a0        0x0 c:/opt/fcs/software/altera/13.0sp1/nios2eds/bin/gnu/h-i686-mingw32/bin/../lib/gcc/nios2-elf/4.1.2/../../../../nios2-elf/lib\libc.a(lib_a-freer.o)
 .bss           0x0000b2a0        0x0 c:/opt/fcs/software/altera/13.0sp1/nios2eds/bin/gnu/h-i686-mingw32/bin/../lib/gcc/nios2-elf/4.1.2/../../../../nios2-elf/lib\libc.a(lib_a-fwalk.o)
 .bss           0x0000b2a0        0x0 c:/opt/fcs/software/altera/13.0sp1/nios2eds/bin/gnu/h-i686-mingw32/bin/../lib/gcc/nios2-elf/4.1.2/../../../../nios2-elf/lib\libc.a(lib_a-int_errno.o)
 .bss           0x0000b2a0        0x0 c:/opt/fcs/software/altera/13.0sp1/nios2eds/bin/gnu/h-i686-mingw32/bin/../lib/gcc/nios2-elf/4.1.2/../../../../nios2-elf/lib\libc.a(lib_a-makebuf.o)
 .bss           0x0000b2a0        0x0 c:/opt/fcs/software/altera/13.0sp1/nios2eds/bin/gnu/h-i686-mingw32/bin/../lib/gcc/nios2-elf/4.1.2/../../../../nios2-elf/lib\libc.a(lib_a-memset.o)
 .bss           0x0000b2a0        0x0 c:/opt/fcs/software/altera/13.0sp1/nios2eds/bin/gnu/h-i686-mingw32/bin/../lib/gcc/nios2-elf/4.1.2/../../../../nios2-elf/lib\libc.a(lib_a-stdio.o)
 .bss           0x0000b2a0        0x0 c:/opt/fcs/software/altera/13.0sp1/nios2eds/bin/gnu/h-i686-mingw32/bin/../lib/gcc/nios2-elf/4.1.2/../../../../nios2-elf/lib\libc.a(lib_a-writer.o)
 .bss           0x0000b2a0        0x0 c:/opt/fcs/software/altera/13.0sp1/nios2eds/bin/gnu/h-i686-mingw32/bin/../lib/gcc/nios2-elf/4.1.2/../../../../nios2-elf/lib\libc.a(lib_a-closer.o)
 .bss           0x0000b2a0        0x0 c:/opt/fcs/software/altera/13.0sp1/nios2eds/bin/gnu/h-i686-mingw32/bin/../lib/gcc/nios2-elf/4.1.2/../../../../nios2-elf/lib\libc.a(lib_a-fclose.o)
 .bss           0x0000b2a0        0x0 c:/opt/fcs/software/altera/13.0sp1/nios2eds/bin/gnu/h-i686-mingw32/bin/../lib/gcc/nios2-elf/4.1.2/../../../../nios2-elf/lib\libc.a(lib_a-fstatr.o)
 .bss           0x0000b2a0        0x0 c:/opt/fcs/software/altera/13.0sp1/nios2eds/bin/gnu/h-i686-mingw32/bin/../lib/gcc/nios2-elf/4.1.2/../../../../nios2-elf/lib\libc.a(lib_a-isattyr.o)
 .bss           0x0000b2a0        0x0 c:/opt/fcs/software/altera/13.0sp1/nios2eds/bin/gnu/h-i686-mingw32/bin/../lib/gcc/nios2-elf/4.1.2/../../../../nios2-elf/lib\libc.a(lib_a-lseekr.o)
 .bss           0x0000b2a0        0x0 c:/opt/fcs/software/altera/13.0sp1/nios2eds/bin/gnu/h-i686-mingw32/bin/../lib/gcc/nios2-elf/4.1.2/../../../../nios2-elf/lib\libc.a(lib_a-readr.o)
 .bss           0x0000b2a0        0x0 C:/Users/user/Desktop/CS4405Project/Workspace/CS4405Project_bsp/\libhal_bsp.a(alt_close.o)
 .bss           0x0000b2a0        0x0 C:/Users/user/Desktop/CS4405Project/Workspace/CS4405Project_bsp/\libhal_bsp.a(alt_dev.o)
 .bss           0x0000b2a0        0x0 C:/Users/user/Desktop/CS4405Project/Workspace/CS4405Project_bsp/\libhal_bsp.a(alt_errno.o)
 .bss           0x0000b2a0        0x0 C:/Users/user/Desktop/CS4405Project/Workspace/CS4405Project_bsp/\libhal_bsp.a(alt_fstat.o)
 .bss           0x0000b2a0        0x0 C:/Users/user/Desktop/CS4405Project/Workspace/CS4405Project_bsp/\libhal_bsp.a(alt_isatty.o)
 .bss           0x0000b2a0        0x0 C:/Users/user/Desktop/CS4405Project/Workspace/CS4405Project_bsp/\libhal_bsp.a(alt_load.o)
 .bss           0x0000b2a0        0x0 C:/Users/user/Desktop/CS4405Project/Workspace/CS4405Project_bsp/\libhal_bsp.a(alt_lseek.o)
 .bss           0x0000b2a0        0x0 C:/Users/user/Desktop/CS4405Project/Workspace/CS4405Project_bsp/\libhal_bsp.a(alt_main.o)
 .bss           0x0000b2a0        0x0 C:/Users/user/Desktop/CS4405Project/Workspace/CS4405Project_bsp/\libhal_bsp.a(alt_malloc_lock.o)
 .bss           0x0000b2a0        0x0 C:/Users/user/Desktop/CS4405Project/Workspace/CS4405Project_bsp/\libhal_bsp.a(alt_read.o)
 .bss           0x0000b2a0        0x0 C:/Users/user/Desktop/CS4405Project/Workspace/CS4405Project_bsp/\libhal_bsp.a(alt_release_fd.o)
 .bss           0x0000b2a0        0x0 C:/Users/user/Desktop/CS4405Project/Workspace/CS4405Project_bsp/\libhal_bsp.a(alt_sbrk.o)
 .bss           0x0000b2a0        0x0 C:/Users/user/Desktop/CS4405Project/Workspace/CS4405Project_bsp/\libhal_bsp.a(alt_write.o)
 .bss           0x0000b2a0        0x0 C:/Users/user/Desktop/CS4405Project/Workspace/CS4405Project_bsp/\libhal_bsp.a(alt_sys_init.o)
 .bss           0x0000b2a0        0x0 C:/Users/user/Desktop/CS4405Project/Workspace/CS4405Project_bsp/\libhal_bsp.a(altera_avalon_jtag_uart_fd.o)
 .bss           0x0000b2a0        0x0 C:/Users/user/Desktop/CS4405Project/Workspace/CS4405Project_bsp/\libhal_bsp.a(altera_avalon_jtag_uart_init.o)
 .bss           0x0000b2a0        0x0 C:/Users/user/Desktop/CS4405Project/Workspace/CS4405Project_bsp/\libhal_bsp.a(altera_avalon_jtag_uart_ioctl.o)
 .bss           0x0000b2a0        0x0 C:/Users/user/Desktop/CS4405Project/Workspace/CS4405Project_bsp/\libhal_bsp.a(altera_avalon_jtag_uart_read.o)
 .bss           0x0000b2a0        0x0 C:/Users/user/Desktop/CS4405Project/Workspace/CS4405Project_bsp/\libhal_bsp.a(altera_avalon_jtag_uart_write.o)
 .bss           0x0000b2a0        0x0 C:/Users/user/Desktop/CS4405Project/Workspace/CS4405Project_bsp/\libhal_bsp.a(altera_avalon_timer_sc.o)
 .bss           0x0000b2a0        0x0 C:/Users/user/Desktop/CS4405Project/Workspace/CS4405Project_bsp/\libhal_bsp.a(altera_up_avalon_character_lcd.o)
 .bss           0x0000b2a0        0x0 C:/Users/user/Desktop/CS4405Project/Workspace/CS4405Project_bsp/\libhal_bsp.a(altera_up_avalon_ethernet.o)
 .bss           0x0000b2a0        0x0 C:/Users/user/Desktop/CS4405Project/Workspace/CS4405Project_bsp/\libhal_bsp.a(altera_up_avalon_ethernet_low_level_driver.o)
 .bss           0x0000b2a0        0x0 C:/Users/user/Desktop/CS4405Project/Workspace/CS4405Project_bsp/\libhal_bsp.a(altera_up_avalon_irda.o)
 .bss           0x0000b2a0        0x0 C:/Users/user/Desktop/CS4405Project/Workspace/CS4405Project_bsp/\libhal_bsp.a(altera_up_avalon_ps2.o)
 .bss           0x0000b2a0        0x0 C:/Users/user/Desktop/CS4405Project/Workspace/CS4405Project_bsp/\libhal_bsp.a(altera_up_avalon_rs232.o)
 .bss           0x0000b2a0        0x0 C:/Users/user/Desktop/CS4405Project/Workspace/CS4405Project_bsp/\libhal_bsp.a(altera_up_avalon_video_character_buffer_with_dma.o)
 .bss           0x0000b2a0        0x0 C:/Users/user/Desktop/CS4405Project/Workspace/CS4405Project_bsp/\libhal_bsp.a(alt_alarm_start.o)
 .bss           0x0000b2a0        0x0 C:/Users/user/Desktop/CS4405Project/Workspace/CS4405Project_bsp/\libhal_bsp.a(alt_dcache_flush_all.o)
 .bss           0x0000b2a0        0x0 C:/Users/user/Desktop/CS4405Project/Workspace/CS4405Project_bsp/\libhal_bsp.a(alt_dev_llist_insert.o)
 .bss           0x0000b2a0        0x0 C:/Users/user/Desktop/CS4405Project/Workspace/CS4405Project_bsp/\libhal_bsp.a(alt_do_ctors.o)
 .bss           0x0000b2a0        0x0 C:/Users/user/Desktop/CS4405Project/Workspace/CS4405Project_bsp/\libhal_bsp.a(alt_do_dtors.o)
 .bss           0x0000b2a0        0x0 C:/Users/user/Desktop/CS4405Project/Workspace/CS4405Project_bsp/\libhal_bsp.a(alt_find_dev.o)
 .bss           0x0000b2a0        0x0 C:/Users/user/Desktop/CS4405Project/Workspace/CS4405Project_bsp/\libhal_bsp.a(alt_icache_flush_all.o)
 .bss           0x0000b2a0        0x0 C:/Users/user/Desktop/CS4405Project/Workspace/CS4405Project_bsp/\libhal_bsp.a(alt_io_redirect.o)
 .bss           0x0000b2a0        0x0 C:/Users/user/Desktop/CS4405Project/Workspace/CS4405Project_bsp/\libhal_bsp.a(alt_irq_register.o)
 .bss           0x0000b2a0        0x0 C:/Users/user/Desktop/CS4405Project/Workspace/CS4405Project_bsp/\libhal_bsp.a(alt_irq_vars.o)
 .bss           0x0000b2a0        0x0 C:/Users/user/Desktop/CS4405Project/Workspace/CS4405Project_bsp/\libhal_bsp.a(alt_open.o)
 .bss           0x0000b2a0        0x0 C:/Users/user/Desktop/CS4405Project/Workspace/CS4405Project_bsp/\libhal_bsp.a(alt_tick.o)
 .bss           0x0000b2a0        0x0 C:/Users/user/Desktop/CS4405Project/Workspace/CS4405Project_bsp/\libhal_bsp.a(alt_usleep.o)
 .bss           0x0000b2a0        0x0 C:/Users/user/Desktop/CS4405Project/Workspace/CS4405Project_bsp/\libhal_bsp.a(altera_nios2_qsys_irq.o)
 .bss           0x0000b2a0        0x0 C:/Users/user/Desktop/CS4405Project/Workspace/CS4405Project_bsp/\libhal_bsp.a(alt_busy_sleep.o)
 .bss           0x0000b2a0        0x0 C:/Users/user/Desktop/CS4405Project/Workspace/CS4405Project_bsp/\libhal_bsp.a(alt_find_file.o)
 .bss           0x0000b2a0        0x0 C:/Users/user/Desktop/CS4405Project/Workspace/CS4405Project_bsp/\libhal_bsp.a(alt_get_fd.o)
 .bss           0x0000b2a0        0x0 C:/Users/user/Desktop/CS4405Project/Workspace/CS4405Project_bsp/\libhal_bsp.a(alt_icache_flush.o)
 .bss           0x0000b2a0        0x0 C:/Users/user/Desktop/CS4405Project/Workspace/CS4405Project_bsp/\libhal_bsp.a(alt_irq_entry.o)
 .bss           0x0000b2a0        0x0 C:/Users/user/Desktop/CS4405Project/Workspace/CS4405Project_bsp/\libhal_bsp.a(alt_irq_handler.o)
 .bss           0x0000b2a0        0x0 C:/Users/user/Desktop/CS4405Project/Workspace/CS4405Project_bsp/\libhal_bsp.a(alt_exception_entry.o)
 .bss           0x0000b2a0        0x0 c:/opt/fcs/software/altera/13.0sp1/nios2eds/bin/gnu/h-i686-mingw32/bin/../lib/gcc/nios2-elf/4.1.2/../../../../nios2-elf/lib\libc.a(lib_a-atexit.o)
 .bss           0x0000b2a0        0x0 c:/opt/fcs/software/altera/13.0sp1/nios2eds/bin/gnu/h-i686-mingw32/bin/../lib/gcc/nios2-elf/4.1.2/../../../../nios2-elf/lib\libc.a(lib_a-exit.o)
 .bss           0x0000b2a0        0x0 c:/opt/fcs/software/altera/13.0sp1/nios2eds/bin/gnu/h-i686-mingw32/bin/../lib/gcc/nios2-elf/4.1.2/../../../../nios2-elf/lib\libc.a(lib_a-memcmp.o)
 .bss           0x0000b2a0        0x0 c:/opt/fcs/software/altera/13.0sp1/nios2eds/bin/gnu/h-i686-mingw32/bin/../lib/gcc/nios2-elf/4.1.2/../../../../nios2-elf/lib\libc.a(lib_a-strcmp.o)
 .bss           0x0000b2a0        0x0 c:/opt/fcs/software/altera/13.0sp1/nios2eds/bin/gnu/h-i686-mingw32/bin/../lib/gcc/nios2-elf/4.1.2/../../../../nios2-elf/lib\libc.a(lib_a-__atexit.o)
 .bss           0x0000b2a0        0x0 c:/opt/fcs/software/altera/13.0sp1/nios2eds/bin/gnu/h-i686-mingw32/bin/../lib/gcc/nios2-elf/4.1.2/../../../../nios2-elf/lib\libc.a(lib_a-__call_atexit.o)
 .bss           0x0000b2a0        0x0 C:/Users/user/Desktop/CS4405Project/Workspace/CS4405Project_bsp/\libhal_bsp.a(alt_exit.o)
 *(COMMON)
 COMMON         0x0000b2a0      0x100 C:/Users/user/Desktop/CS4405Project/Workspace/CS4405Project_bsp/\libhal_bsp.a(alt_irq_handler.o)
                0x0000b2a0                alt_irq
 COMMON         0x0000b3a0      0x190 c:/opt/fcs/software/altera/13.0sp1/nios2eds/bin/gnu/h-i686-mingw32/bin/../lib/gcc/nios2-elf/4.1.2/../../../../nios2-elf/lib\libc.a(lib_a-atexit.o)
                0x0000b3a0                _atexit0
                0x0000b530                . = ALIGN (0x4)
                0x0000b530                __bss_end = ABSOLUTE (.)

.SDRAM          0x0000b530        0x0
                0x0000b530                PROVIDE (_alt_partition_SDRAM_start, ABSOLUTE (.))
 *(.SDRAM. SDRAM.*)
                0x0000b530                . = ALIGN (0x4)
                0x0000b530                PROVIDE (_alt_partition_SDRAM_end, ABSOLUTE (.))
                0x0000b530                _end = ABSOLUTE (.)
                0x0000b530                end = ABSOLUTE (.)
                0x0000b530                __alt_stack_base = ABSOLUTE (.)
                0x0000b530                PROVIDE (_alt_partition_SDRAM_load_addr, LOADADDR (.SDRAM))

.Flash_flash_data
                0x0c000000        0x0 load address 0x0000b530
                0x0c000000                PROVIDE (_alt_partition_Flash_flash_data_start, ABSOLUTE (.))
 *(.Flash_flash_data. Flash_flash_data.*)
                0x0c000000                . = ALIGN (0x4)
                0x0c000000                PROVIDE (_alt_partition_Flash_flash_data_end, ABSOLUTE (.))
                0x0000b530                PROVIDE (_alt_partition_Flash_flash_data_load_addr, LOADADDR (.Flash_flash_data))

.stab
 *(.stab)

.stabstr
 *(.stabstr)

.stab.excl
 *(.stab.excl)

.stab.exclstr
 *(.stab.exclstr)

.stab.index
 *(.stab.index)

.stab.indexstr
 *(.stab.indexstr)

.comment        0x00000000       0x26
 *(.comment)
 .comment       0x00000000       0x26 obj/default/hello_world.o
                                 0x27 (size before relaxing)
 .comment       0x00000000       0x27 obj/default/os.o
 .comment       0x00000000       0x27 obj/default/os_fifo.o
 .comment       0x00000000       0x27 obj/default/os_init.o
 .comment       0x00000000       0x27 obj/default/os_memory.o
 .comment       0x00000000       0x27 obj/default/os_processmanage.o
 .comment       0x00000000       0x27 obj/default/os_semaphore.o
 .comment       0x00000000       0x27 c:/opt/fcs/software/altera/13.0sp1/nios2eds/bin/gnu/h-i686-mingw32/bin/../lib/gcc/nios2-elf/4.1.2/../../../../nios2-elf/lib\libc.a(lib_a-puts.o)
 .comment       0x00000000       0x27 c:/opt/fcs/software/altera/13.0sp1/nios2eds/bin/gnu/h-i686-mingw32/bin/../lib/gcc/nios2-elf/4.1.2/../../../../nios2-elf/lib\libc.a(lib_a-strlen.o)
 .comment       0x00000000       0x27 c:/opt/fcs/software/altera/13.0sp1/nios2eds/bin/gnu/h-i686-mingw32/bin/../lib/gcc/nios2-elf/4.1.2/../../../../nios2-elf/lib\libc.a(lib_a-fvwrite.o)
 .comment       0x00000000       0x27 c:/opt/fcs/software/altera/13.0sp1/nios2eds/bin/gnu/h-i686-mingw32/bin/../lib/gcc/nios2-elf/4.1.2/../../../../nios2-elf/lib\libc.a(lib_a-impure.o)
 .comment       0x00000000       0x27 c:/opt/fcs/software/altera/13.0sp1/nios2eds/bin/gnu/h-i686-mingw32/bin/../lib/gcc/nios2-elf/4.1.2/../../../../nios2-elf/lib\libc.a(lib_a-mallocr.o)
 .comment       0x00000000       0x27 c:/opt/fcs/software/altera/13.0sp1/nios2eds/bin/gnu/h-i686-mingw32/bin/../lib/gcc/nios2-elf/4.1.2/../../../../nios2-elf/lib\libc.a(lib_a-memchr.o)
 .comment       0x00000000       0x27 c:/opt/fcs/software/altera/13.0sp1/nios2eds/bin/gnu/h-i686-mingw32/bin/../lib/gcc/nios2-elf/4.1.2/../../../../nios2-elf/lib\libc.a(lib_a-memcpy.o)
 .comment       0x00000000       0x27 c:/opt/fcs/software/altera/13.0sp1/nios2eds/bin/gnu/h-i686-mingw32/bin/../lib/gcc/nios2-elf/4.1.2/../../../../nios2-elf/lib\libc.a(lib_a-memmove.o)
 .comment       0x00000000       0x27 c:/opt/fcs/software/altera/13.0sp1/nios2eds/bin/gnu/h-i686-mingw32/bin/../lib/gcc/nios2-elf/4.1.2/../../../../nios2-elf/lib\libc.a(lib_a-reallocr.o)
 .comment       0x00000000       0x27 c:/opt/fcs/software/altera/13.0sp1/nios2eds/bin/gnu/h-i686-mingw32/bin/../lib/gcc/nios2-elf/4.1.2/../../../../nios2-elf/lib\libc.a(lib_a-sbrkr.o)
 .comment       0x00000000       0x27 c:/opt/fcs/software/altera/13.0sp1/nios2eds/bin/gnu/h-i686-mingw32/bin/../lib/gcc/nios2-elf/4.1.2/../../../../nios2-elf/lib\libc.a(lib_a-wsetup.o)
 .comment       0x00000000       0x27 c:/opt/fcs/software/altera/13.0sp1/nios2eds/bin/gnu/h-i686-mingw32/bin/../lib/gcc/nios2-elf/4.1.2/../../../../nios2-elf/lib\libc.a(lib_a-fflush.o)
 .comment       0x00000000       0x27 c:/opt/fcs/software/altera/13.0sp1/nios2eds/bin/gnu/h-i686-mingw32/bin/../lib/gcc/nios2-elf/4.1.2/../../../../nios2-elf/lib\libc.a(lib_a-findfp.o)
 .comment       0x00000000       0x27 c:/opt/fcs/software/altera/13.0sp1/nios2eds/bin/gnu/h-i686-mingw32/bin/../lib/gcc/nios2-elf/4.1.2/../../../../nios2-elf/lib\libc.a(lib_a-freer.o)
 .comment       0x00000000       0x27 c:/opt/fcs/software/altera/13.0sp1/nios2eds/bin/gnu/h-i686-mingw32/bin/../lib/gcc/nios2-elf/4.1.2/../../../../nios2-elf/lib\libc.a(lib_a-fwalk.o)
 .comment       0x00000000       0x27 c:/opt/fcs/software/altera/13.0sp1/nios2eds/bin/gnu/h-i686-mingw32/bin/../lib/gcc/nios2-elf/4.1.2/../../../../nios2-elf/lib\libc.a(lib_a-int_errno.o)
 .comment       0x00000000       0x27 c:/opt/fcs/software/altera/13.0sp1/nios2eds/bin/gnu/h-i686-mingw32/bin/../lib/gcc/nios2-elf/4.1.2/../../../../nios2-elf/lib\libc.a(lib_a-makebuf.o)
 .comment       0x00000000       0x27 c:/opt/fcs/software/altera/13.0sp1/nios2eds/bin/gnu/h-i686-mingw32/bin/../lib/gcc/nios2-elf/4.1.2/../../../../nios2-elf/lib\libc.a(lib_a-memset.o)
 .comment       0x00000000       0x27 c:/opt/fcs/software/altera/13.0sp1/nios2eds/bin/gnu/h-i686-mingw32/bin/../lib/gcc/nios2-elf/4.1.2/../../../../nios2-elf/lib\libc.a(lib_a-stdio.o)
 .comment       0x00000000       0x27 c:/opt/fcs/software/altera/13.0sp1/nios2eds/bin/gnu/h-i686-mingw32/bin/../lib/gcc/nios2-elf/4.1.2/../../../../nios2-elf/lib\libc.a(lib_a-writer.o)
 .comment       0x00000000       0x27 c:/opt/fcs/software/altera/13.0sp1/nios2eds/bin/gnu/h-i686-mingw32/bin/../lib/gcc/nios2-elf/4.1.2/../../../../nios2-elf/lib\libc.a(lib_a-closer.o)
 .comment       0x00000000       0x27 c:/opt/fcs/software/altera/13.0sp1/nios2eds/bin/gnu/h-i686-mingw32/bin/../lib/gcc/nios2-elf/4.1.2/../../../../nios2-elf/lib\libc.a(lib_a-fclose.o)
 .comment       0x00000000       0x27 c:/opt/fcs/software/altera/13.0sp1/nios2eds/bin/gnu/h-i686-mingw32/bin/../lib/gcc/nios2-elf/4.1.2/../../../../nios2-elf/lib\libc.a(lib_a-fstatr.o)
 .comment       0x00000000       0x27 c:/opt/fcs/software/altera/13.0sp1/nios2eds/bin/gnu/h-i686-mingw32/bin/../lib/gcc/nios2-elf/4.1.2/../../../../nios2-elf/lib\libc.a(lib_a-isattyr.o)
 .comment       0x00000000       0x27 c:/opt/fcs/software/altera/13.0sp1/nios2eds/bin/gnu/h-i686-mingw32/bin/../lib/gcc/nios2-elf/4.1.2/../../../../nios2-elf/lib\libc.a(lib_a-lseekr.o)
 .comment       0x00000000       0x27 c:/opt/fcs/software/altera/13.0sp1/nios2eds/bin/gnu/h-i686-mingw32/bin/../lib/gcc/nios2-elf/4.1.2/../../../../nios2-elf/lib\libc.a(lib_a-readr.o)
 .comment       0x00000000       0x27 C:/Users/user/Desktop/CS4405Project/Workspace/CS4405Project_bsp/\libhal_bsp.a(alt_close.o)
 .comment       0x00000000       0x27 C:/Users/user/Desktop/CS4405Project/Workspace/CS4405Project_bsp/\libhal_bsp.a(alt_dev.o)
 .comment       0x00000000       0x27 C:/Users/user/Desktop/CS4405Project/Workspace/CS4405Project_bsp/\libhal_bsp.a(alt_errno.o)
 .comment       0x00000000       0x27 C:/Users/user/Desktop/CS4405Project/Workspace/CS4405Project_bsp/\libhal_bsp.a(alt_fstat.o)
 .comment       0x00000000       0x27 C:/Users/user/Desktop/CS4405Project/Workspace/CS4405Project_bsp/\libhal_bsp.a(alt_isatty.o)
 .comment       0x00000000       0x27 C:/Users/user/Desktop/CS4405Project/Workspace/CS4405Project_bsp/\libhal_bsp.a(alt_load.o)
 .comment       0x00000000       0x27 C:/Users/user/Desktop/CS4405Project/Workspace/CS4405Project_bsp/\libhal_bsp.a(alt_lseek.o)
 .comment       0x00000000       0x27 C:/Users/user/Desktop/CS4405Project/Workspace/CS4405Project_bsp/\libhal_bsp.a(alt_main.o)
 .comment       0x00000000       0x27 C:/Users/user/Desktop/CS4405Project/Workspace/CS4405Project_bsp/\libhal_bsp.a(alt_malloc_lock.o)
 .comment       0x00000000       0x27 C:/Users/user/Desktop/CS4405Project/Workspace/CS4405Project_bsp/\libhal_bsp.a(alt_read.o)
 .comment       0x00000000       0x27 C:/Users/user/Desktop/CS4405Project/Workspace/CS4405Project_bsp/\libhal_bsp.a(alt_release_fd.o)
 .comment       0x00000000       0x27 C:/Users/user/Desktop/CS4405Project/Workspace/CS4405Project_bsp/\libhal_bsp.a(alt_sbrk.o)
 .comment       0x00000000       0x27 C:/Users/user/Desktop/CS4405Project/Workspace/CS4405Project_bsp/\libhal_bsp.a(alt_write.o)
 .comment       0x00000000       0x27 C:/Users/user/Desktop/CS4405Project/Workspace/CS4405Project_bsp/\libhal_bsp.a(alt_sys_init.o)
 .comment       0x00000000       0x27 C:/Users/user/Desktop/CS4405Project/Workspace/CS4405Project_bsp/\libhal_bsp.a(altera_avalon_jtag_uart_fd.o)
 .comment       0x00000000       0x27 C:/Users/user/Desktop/CS4405Project/Workspace/CS4405Project_bsp/\libhal_bsp.a(altera_avalon_jtag_uart_init.o)
 .comment       0x00000000       0x27 C:/Users/user/Desktop/CS4405Project/Workspace/CS4405Project_bsp/\libhal_bsp.a(altera_avalon_jtag_uart_ioctl.o)
 .comment       0x00000000       0x27 C:/Users/user/Desktop/CS4405Project/Workspace/CS4405Project_bsp/\libhal_bsp.a(altera_avalon_jtag_uart_read.o)
 .comment       0x00000000       0x27 C:/Users/user/Desktop/CS4405Project/Workspace/CS4405Project_bsp/\libhal_bsp.a(altera_avalon_jtag_uart_write.o)
 .comment       0x00000000       0x27 C:/Users/user/Desktop/CS4405Project/Workspace/CS4405Project_bsp/\libhal_bsp.a(altera_avalon_timer_sc.o)
 .comment       0x00000000       0x27 C:/Users/user/Desktop/CS4405Project/Workspace/CS4405Project_bsp/\libhal_bsp.a(altera_up_avalon_character_lcd.o)
 .comment       0x00000000       0x27 C:/Users/user/Desktop/CS4405Project/Workspace/CS4405Project_bsp/\libhal_bsp.a(altera_up_avalon_ethernet.o)
 .comment       0x00000000       0x27 C:/Users/user/Desktop/CS4405Project/Workspace/CS4405Project_bsp/\libhal_bsp.a(altera_up_avalon_ethernet_low_level_driver.o)
 .comment       0x00000000       0x27 C:/Users/user/Desktop/CS4405Project/Workspace/CS4405Project_bsp/\libhal_bsp.a(altera_up_avalon_irda.o)
 .comment       0x00000000       0x27 C:/Users/user/Desktop/CS4405Project/Workspace/CS4405Project_bsp/\libhal_bsp.a(altera_up_avalon_ps2.o)
 .comment       0x00000000       0x27 C:/Users/user/Desktop/CS4405Project/Workspace/CS4405Project_bsp/\libhal_bsp.a(altera_up_avalon_rs232.o)
 .comment       0x00000000       0x27 C:/Users/user/Desktop/CS4405Project/Workspace/CS4405Project_bsp/\libhal_bsp.a(altera_up_avalon_video_character_buffer_with_dma.o)
 .comment       0x00000000       0x27 C:/Users/user/Desktop/CS4405Project/Workspace/CS4405Project_bsp/\libhal_bsp.a(alt_alarm_start.o)
 .comment       0x00000000       0x27 C:/Users/user/Desktop/CS4405Project/Workspace/CS4405Project_bsp/\libhal_bsp.a(alt_dcache_flush_all.o)
 .comment       0x00000000       0x27 C:/Users/user/Desktop/CS4405Project/Workspace/CS4405Project_bsp/\libhal_bsp.a(alt_dev_llist_insert.o)
 .comment       0x00000000       0x27 C:/Users/user/Desktop/CS4405Project/Workspace/CS4405Project_bsp/\libhal_bsp.a(alt_do_ctors.o)
 .comment       0x00000000       0x27 C:/Users/user/Desktop/CS4405Project/Workspace/CS4405Project_bsp/\libhal_bsp.a(alt_do_dtors.o)
 .comment       0x00000000       0x27 C:/Users/user/Desktop/CS4405Project/Workspace/CS4405Project_bsp/\libhal_bsp.a(alt_find_dev.o)
 .comment       0x00000000       0x27 C:/Users/user/Desktop/CS4405Project/Workspace/CS4405Project_bsp/\libhal_bsp.a(alt_icache_flush_all.o)
 .comment       0x00000000       0x27 C:/Users/user/Desktop/CS4405Project/Workspace/CS4405Project_bsp/\libhal_bsp.a(alt_io_redirect.o)
 .comment       0x00000000       0x27 C:/Users/user/Desktop/CS4405Project/Workspace/CS4405Project_bsp/\libhal_bsp.a(alt_irq_register.o)
 .comment       0x00000000       0x27 C:/Users/user/Desktop/CS4405Project/Workspace/CS4405Project_bsp/\libhal_bsp.a(alt_irq_vars.o)
 .comment       0x00000000       0x27 C:/Users/user/Desktop/CS4405Project/Workspace/CS4405Project_bsp/\libhal_bsp.a(alt_open.o)
 .comment       0x00000000       0x27 C:/Users/user/Desktop/CS4405Project/Workspace/CS4405Project_bsp/\libhal_bsp.a(alt_tick.o)
 .comment       0x00000000       0x27 C:/Users/user/Desktop/CS4405Project/Workspace/CS4405Project_bsp/\libhal_bsp.a(alt_usleep.o)
 .comment       0x00000000       0x27 C:/Users/user/Desktop/CS4405Project/Workspace/CS4405Project_bsp/\libhal_bsp.a(altera_nios2_qsys_irq.o)
 .comment       0x00000000       0x27 C:/Users/user/Desktop/CS4405Project/Workspace/CS4405Project_bsp/\libhal_bsp.a(alt_busy_sleep.o)
 .comment       0x00000000       0x27 C:/Users/user/Desktop/CS4405Project/Workspace/CS4405Project_bsp/\libhal_bsp.a(alt_find_file.o)
 .comment       0x00000000       0x27 C:/Users/user/Desktop/CS4405Project/Workspace/CS4405Project_bsp/\libhal_bsp.a(alt_get_fd.o)
 .comment       0x00000000       0x27 C:/Users/user/Desktop/CS4405Project/Workspace/CS4405Project_bsp/\libhal_bsp.a(alt_icache_flush.o)
 .comment       0x00000000       0x27 C:/Users/user/Desktop/CS4405Project/Workspace/CS4405Project_bsp/\libhal_bsp.a(alt_irq_handler.o)
 .comment       0x00000000       0x27 c:/opt/fcs/software/altera/13.0sp1/nios2eds/bin/gnu/h-i686-mingw32/bin/../lib/gcc/nios2-elf/4.1.2/../../../../nios2-elf/lib\libc.a(lib_a-atexit.o)
 .comment       0x00000000       0x27 c:/opt/fcs/software/altera/13.0sp1/nios2eds/bin/gnu/h-i686-mingw32/bin/../lib/gcc/nios2-elf/4.1.2/../../../../nios2-elf/lib\libc.a(lib_a-exit.o)
 .comment       0x00000000       0x27 c:/opt/fcs/software/altera/13.0sp1/nios2eds/bin/gnu/h-i686-mingw32/bin/../lib/gcc/nios2-elf/4.1.2/../../../../nios2-elf/lib\libc.a(lib_a-memcmp.o)
 .comment       0x00000000       0x27 c:/opt/fcs/software/altera/13.0sp1/nios2eds/bin/gnu/h-i686-mingw32/bin/../lib/gcc/nios2-elf/4.1.2/../../../../nios2-elf/lib\libc.a(lib_a-strcmp.o)
 .comment       0x00000000       0x27 c:/opt/fcs/software/altera/13.0sp1/nios2eds/bin/gnu/h-i686-mingw32/bin/../lib/gcc/nios2-elf/4.1.2/../../../../nios2-elf/lib\libc.a(lib_a-__atexit.o)
 .comment       0x00000000       0x27 c:/opt/fcs/software/altera/13.0sp1/nios2eds/bin/gnu/h-i686-mingw32/bin/../lib/gcc/nios2-elf/4.1.2/../../../../nios2-elf/lib\libc.a(lib_a-__call_atexit.o)
 .comment       0x00000000       0x27 C:/Users/user/Desktop/CS4405Project/Workspace/CS4405Project_bsp/\libhal_bsp.a(alt_exit.o)

.debug
 *(.debug)

.line
 *(.line)

.debug_srcinfo
 *(.debug_srcinfo)

.debug_sfnames
 *(.debug_sfnames)

.debug_aranges  0x00000000      0xa38
 *(.debug_aranges)
 .debug_aranges
                0x00000000       0x28 C:/Users/user/Desktop/CS4405Project/Workspace/CS4405Project_bsp//obj/HAL/src/crt0.o
 .debug_aranges
                0x00000028       0x20 obj/default/os.o
 .debug_aranges
                0x00000048       0x20 obj/default/os_init.o
 .debug_aranges
                0x00000068       0x20 c:/opt/fcs/software/altera/13.0sp1/nios2eds/bin/gnu/h-i686-mingw32/bin/../lib/gcc/nios2-elf/4.1.2/../../../../nios2-elf/lib\libc.a(lib_a-puts.o)
 .debug_aranges
                0x00000088       0x20 c:/opt/fcs/software/altera/13.0sp1/nios2eds/bin/gnu/h-i686-mingw32/bin/../lib/gcc/nios2-elf/4.1.2/../../../../nios2-elf/lib\libc.a(lib_a-strlen.o)
 .debug_aranges
                0x000000a8       0x20 c:/opt/fcs/software/altera/13.0sp1/nios2eds/bin/gnu/h-i686-mingw32/bin/../lib/gcc/nios2-elf/4.1.2/../../../../nios2-elf/lib\libc.a(lib_a-fvwrite.o)
 .debug_aranges
                0x000000c8       0x20 c:/opt/fcs/software/altera/13.0sp1/nios2eds/bin/gnu/h-i686-mingw32/bin/../lib/gcc/nios2-elf/4.1.2/../../../../nios2-elf/lib\libc.a(lib_a-mallocr.o)
 .debug_aranges
                0x000000e8       0x20 c:/opt/fcs/software/altera/13.0sp1/nios2eds/bin/gnu/h-i686-mingw32/bin/../lib/gcc/nios2-elf/4.1.2/../../../../nios2-elf/lib\libc.a(lib_a-memchr.o)
 .debug_aranges
                0x00000108       0x20 c:/opt/fcs/software/altera/13.0sp1/nios2eds/bin/gnu/h-i686-mingw32/bin/../lib/gcc/nios2-elf/4.1.2/../../../../nios2-elf/lib\libc.a(lib_a-memcpy.o)
 .debug_aranges
                0x00000128       0x20 c:/opt/fcs/software/altera/13.0sp1/nios2eds/bin/gnu/h-i686-mingw32/bin/../lib/gcc/nios2-elf/4.1.2/../../../../nios2-elf/lib\libc.a(lib_a-memmove.o)
 .debug_aranges
                0x00000148       0x20 c:/opt/fcs/software/altera/13.0sp1/nios2eds/bin/gnu/h-i686-mingw32/bin/../lib/gcc/nios2-elf/4.1.2/../../../../nios2-elf/lib\libc.a(lib_a-reallocr.o)
 .debug_aranges
                0x00000168       0x20 c:/opt/fcs/software/altera/13.0sp1/nios2eds/bin/gnu/h-i686-mingw32/bin/../lib/gcc/nios2-elf/4.1.2/../../../../nios2-elf/lib\libc.a(lib_a-sbrkr.o)
 .debug_aranges
                0x00000188       0x20 c:/opt/fcs/software/altera/13.0sp1/nios2eds/bin/gnu/h-i686-mingw32/bin/../lib/gcc/nios2-elf/4.1.2/../../../../nios2-elf/lib\libc.a(lib_a-wsetup.o)
 .debug_aranges
                0x000001a8       0x20 c:/opt/fcs/software/altera/13.0sp1/nios2eds/bin/gnu/h-i686-mingw32/bin/../lib/gcc/nios2-elf/4.1.2/../../../../nios2-elf/lib\libc.a(lib_a-fflush.o)
 .debug_aranges
                0x000001c8       0x20 c:/opt/fcs/software/altera/13.0sp1/nios2eds/bin/gnu/h-i686-mingw32/bin/../lib/gcc/nios2-elf/4.1.2/../../../../nios2-elf/lib\libc.a(lib_a-findfp.o)
 .debug_aranges
                0x000001e8       0x20 c:/opt/fcs/software/altera/13.0sp1/nios2eds/bin/gnu/h-i686-mingw32/bin/../lib/gcc/nios2-elf/4.1.2/../../../../nios2-elf/lib\libc.a(lib_a-freer.o)
 .debug_aranges
                0x00000208       0x20 c:/opt/fcs/software/altera/13.0sp1/nios2eds/bin/gnu/h-i686-mingw32/bin/../lib/gcc/nios2-elf/4.1.2/../../../../nios2-elf/lib\libc.a(lib_a-fwalk.o)
 .debug_aranges
                0x00000228       0x20 c:/opt/fcs/software/altera/13.0sp1/nios2eds/bin/gnu/h-i686-mingw32/bin/../lib/gcc/nios2-elf/4.1.2/../../../../nios2-elf/lib\libc.a(lib_a-makebuf.o)
 .debug_aranges
                0x00000248       0x20 c:/opt/fcs/software/altera/13.0sp1/nios2eds/bin/gnu/h-i686-mingw32/bin/../lib/gcc/nios2-elf/4.1.2/../../../../nios2-elf/lib\libc.a(lib_a-memset.o)
 .debug_aranges
                0x00000268       0x20 c:/opt/fcs/software/altera/13.0sp1/nios2eds/bin/gnu/h-i686-mingw32/bin/../lib/gcc/nios2-elf/4.1.2/../../../../nios2-elf/lib\libc.a(lib_a-stdio.o)
 .debug_aranges
                0x00000288       0x20 c:/opt/fcs/software/altera/13.0sp1/nios2eds/bin/gnu/h-i686-mingw32/bin/../lib/gcc/nios2-elf/4.1.2/../../../../nios2-elf/lib\libc.a(lib_a-writer.o)
 .debug_aranges
                0x000002a8       0x20 c:/opt/fcs/software/altera/13.0sp1/nios2eds/bin/gnu/h-i686-mingw32/bin/../lib/gcc/nios2-elf/4.1.2/../../../../nios2-elf/lib\libc.a(lib_a-closer.o)
 .debug_aranges
                0x000002c8       0x20 c:/opt/fcs/software/altera/13.0sp1/nios2eds/bin/gnu/h-i686-mingw32/bin/../lib/gcc/nios2-elf/4.1.2/../../../../nios2-elf/lib\libc.a(lib_a-fclose.o)
 .debug_aranges
                0x000002e8       0x20 c:/opt/fcs/software/altera/13.0sp1/nios2eds/bin/gnu/h-i686-mingw32/bin/../lib/gcc/nios2-elf/4.1.2/../../../../nios2-elf/lib\libc.a(lib_a-fstatr.o)
 .debug_aranges
                0x00000308       0x20 c:/opt/fcs/software/altera/13.0sp1/nios2eds/bin/gnu/h-i686-mingw32/bin/../lib/gcc/nios2-elf/4.1.2/../../../../nios2-elf/lib\libc.a(lib_a-isattyr.o)
 .debug_aranges
                0x00000328       0x20 c:/opt/fcs/software/altera/13.0sp1/nios2eds/bin/gnu/h-i686-mingw32/bin/../lib/gcc/nios2-elf/4.1.2/../../../../nios2-elf/lib\libc.a(lib_a-lseekr.o)
 .debug_aranges
                0x00000348       0x20 c:/opt/fcs/software/altera/13.0sp1/nios2eds/bin/gnu/h-i686-mingw32/bin/../lib/gcc/nios2-elf/4.1.2/../../../../nios2-elf/lib\libc.a(lib_a-readr.o)
 .debug_aranges
                0x00000368       0x20 C:/Users/user/Desktop/CS4405Project/Workspace/CS4405Project_bsp/\libhal_bsp.a(alt_close.o)
 .debug_aranges
                0x00000388       0x20 C:/Users/user/Desktop/CS4405Project/Workspace/CS4405Project_bsp/\libhal_bsp.a(alt_dev.o)
 .debug_aranges
                0x000003a8       0x20 C:/Users/user/Desktop/CS4405Project/Workspace/CS4405Project_bsp/\libhal_bsp.a(alt_fstat.o)
 .debug_aranges
                0x000003c8       0x20 C:/Users/user/Desktop/CS4405Project/Workspace/CS4405Project_bsp/\libhal_bsp.a(alt_isatty.o)
 .debug_aranges
                0x000003e8       0x20 C:/Users/user/Desktop/CS4405Project/Workspace/CS4405Project_bsp/\libhal_bsp.a(alt_load.o)
 .debug_aranges
                0x00000408       0x20 C:/Users/user/Desktop/CS4405Project/Workspace/CS4405Project_bsp/\libhal_bsp.a(alt_lseek.o)
 .debug_aranges
                0x00000428       0x20 C:/Users/user/Desktop/CS4405Project/Workspace/CS4405Project_bsp/\libhal_bsp.a(alt_main.o)
 .debug_aranges
                0x00000448       0x20 C:/Users/user/Desktop/CS4405Project/Workspace/CS4405Project_bsp/\libhal_bsp.a(alt_malloc_lock.o)
 .debug_aranges
                0x00000468       0x20 C:/Users/user/Desktop/CS4405Project/Workspace/CS4405Project_bsp/\libhal_bsp.a(alt_read.o)
 .debug_aranges
                0x00000488       0x20 C:/Users/user/Desktop/CS4405Project/Workspace/CS4405Project_bsp/\libhal_bsp.a(alt_release_fd.o)
 .debug_aranges
                0x000004a8       0x20 C:/Users/user/Desktop/CS4405Project/Workspace/CS4405Project_bsp/\libhal_bsp.a(alt_sbrk.o)
 .debug_aranges
                0x000004c8       0x20 C:/Users/user/Desktop/CS4405Project/Workspace/CS4405Project_bsp/\libhal_bsp.a(alt_write.o)
 .debug_aranges
                0x000004e8       0x20 C:/Users/user/Desktop/CS4405Project/Workspace/CS4405Project_bsp/\libhal_bsp.a(alt_sys_init.o)
 .debug_aranges
                0x00000508       0x20 C:/Users/user/Desktop/CS4405Project/Workspace/CS4405Project_bsp/\libhal_bsp.a(altera_avalon_jtag_uart_fd.o)
 .debug_aranges
                0x00000528       0x20 C:/Users/user/Desktop/CS4405Project/Workspace/CS4405Project_bsp/\libhal_bsp.a(altera_avalon_jtag_uart_init.o)
 .debug_aranges
                0x00000548       0x20 C:/Users/user/Desktop/CS4405Project/Workspace/CS4405Project_bsp/\libhal_bsp.a(altera_avalon_jtag_uart_ioctl.o)
 .debug_aranges
                0x00000568       0x20 C:/Users/user/Desktop/CS4405Project/Workspace/CS4405Project_bsp/\libhal_bsp.a(altera_avalon_jtag_uart_read.o)
 .debug_aranges
                0x00000588       0x20 C:/Users/user/Desktop/CS4405Project/Workspace/CS4405Project_bsp/\libhal_bsp.a(altera_avalon_jtag_uart_write.o)
 .debug_aranges
                0x000005a8       0x20 C:/Users/user/Desktop/CS4405Project/Workspace/CS4405Project_bsp/\libhal_bsp.a(altera_avalon_timer_sc.o)
 .debug_aranges
                0x000005c8       0x20 C:/Users/user/Desktop/CS4405Project/Workspace/CS4405Project_bsp/\libhal_bsp.a(altera_up_avalon_character_lcd.o)
 .debug_aranges
                0x000005e8       0x20 C:/Users/user/Desktop/CS4405Project/Workspace/CS4405Project_bsp/\libhal_bsp.a(altera_up_avalon_ethernet.o)
 .debug_aranges
                0x00000608       0x20 C:/Users/user/Desktop/CS4405Project/Workspace/CS4405Project_bsp/\libhal_bsp.a(altera_up_avalon_ethernet_low_level_driver.o)
 .debug_aranges
                0x00000628       0x20 C:/Users/user/Desktop/CS4405Project/Workspace/CS4405Project_bsp/\libhal_bsp.a(altera_up_avalon_irda.o)
 .debug_aranges
                0x00000648       0x20 C:/Users/user/Desktop/CS4405Project/Workspace/CS4405Project_bsp/\libhal_bsp.a(altera_up_avalon_ps2.o)
 .debug_aranges
                0x00000668       0x20 C:/Users/user/Desktop/CS4405Project/Workspace/CS4405Project_bsp/\libhal_bsp.a(altera_up_avalon_rs232.o)
 .debug_aranges
                0x00000688       0x20 C:/Users/user/Desktop/CS4405Project/Workspace/CS4405Project_bsp/\libhal_bsp.a(altera_up_avalon_video_character_buffer_with_dma.o)
 .debug_aranges
                0x000006a8       0x20 C:/Users/user/Desktop/CS4405Project/Workspace/CS4405Project_bsp/\libhal_bsp.a(alt_alarm_start.o)
 .debug_aranges
                0x000006c8       0x20 C:/Users/user/Desktop/CS4405Project/Workspace/CS4405Project_bsp/\libhal_bsp.a(alt_dcache_flush_all.o)
 .debug_aranges
                0x000006e8       0x20 C:/Users/user/Desktop/CS4405Project/Workspace/CS4405Project_bsp/\libhal_bsp.a(alt_dev_llist_insert.o)
 .debug_aranges
                0x00000708       0x20 C:/Users/user/Desktop/CS4405Project/Workspace/CS4405Project_bsp/\libhal_bsp.a(alt_do_ctors.o)
 .debug_aranges
                0x00000728       0x20 C:/Users/user/Desktop/CS4405Project/Workspace/CS4405Project_bsp/\libhal_bsp.a(alt_do_dtors.o)
 .debug_aranges
                0x00000748       0x20 C:/Users/user/Desktop/CS4405Project/Workspace/CS4405Project_bsp/\libhal_bsp.a(alt_find_dev.o)
 .debug_aranges
                0x00000768       0x20 C:/Users/user/Desktop/CS4405Project/Workspace/CS4405Project_bsp/\libhal_bsp.a(alt_icache_flush_all.o)
 .debug_aranges
                0x00000788       0x20 C:/Users/user/Desktop/CS4405Project/Workspace/CS4405Project_bsp/\libhal_bsp.a(alt_io_redirect.o)
 .debug_aranges
                0x000007a8       0x20 C:/Users/user/Desktop/CS4405Project/Workspace/CS4405Project_bsp/\libhal_bsp.a(alt_irq_register.o)
 .debug_aranges
                0x000007c8       0x20 C:/Users/user/Desktop/CS4405Project/Workspace/CS4405Project_bsp/\libhal_bsp.a(alt_open.o)
 .debug_aranges
                0x000007e8       0x20 C:/Users/user/Desktop/CS4405Project/Workspace/CS4405Project_bsp/\libhal_bsp.a(alt_tick.o)
 .debug_aranges
                0x00000808       0x20 C:/Users/user/Desktop/CS4405Project/Workspace/CS4405Project_bsp/\libhal_bsp.a(alt_usleep.o)
 .debug_aranges
                0x00000828       0x20 C:/Users/user/Desktop/CS4405Project/Workspace/CS4405Project_bsp/\libhal_bsp.a(altera_nios2_qsys_irq.o)
 .debug_aranges
                0x00000848       0x20 C:/Users/user/Desktop/CS4405Project/Workspace/CS4405Project_bsp/\libhal_bsp.a(alt_busy_sleep.o)
 .debug_aranges
                0x00000868       0x20 C:/Users/user/Desktop/CS4405Project/Workspace/CS4405Project_bsp/\libhal_bsp.a(alt_find_file.o)
 .debug_aranges
                0x00000888       0x20 C:/Users/user/Desktop/CS4405Project/Workspace/CS4405Project_bsp/\libhal_bsp.a(alt_get_fd.o)
 .debug_aranges
                0x000008a8       0x20 C:/Users/user/Desktop/CS4405Project/Workspace/CS4405Project_bsp/\libhal_bsp.a(alt_icache_flush.o)
 .debug_aranges
                0x000008c8       0x30 C:/Users/user/Desktop/CS4405Project/Workspace/CS4405Project_bsp/\libhal_bsp.a(alt_irq_entry.o)
 .debug_aranges
                0x000008f8       0x28 C:/Users/user/Desktop/CS4405Project/Workspace/CS4405Project_bsp/\libhal_bsp.a(alt_irq_handler.o)
 .debug_aranges
                0x00000920       0x38 C:/Users/user/Desktop/CS4405Project/Workspace/CS4405Project_bsp/\libhal_bsp.a(alt_exception_entry.o)
 .debug_aranges
                0x00000958       0x20 c:/opt/fcs/software/altera/13.0sp1/nios2eds/bin/gnu/h-i686-mingw32/bin/../lib/gcc/nios2-elf/4.1.2/../../../../nios2-elf/lib\libc.a(lib_a-atexit.o)
 .debug_aranges
                0x00000978       0x20 c:/opt/fcs/software/altera/13.0sp1/nios2eds/bin/gnu/h-i686-mingw32/bin/../lib/gcc/nios2-elf/4.1.2/../../../../nios2-elf/lib\libc.a(lib_a-exit.o)
 .debug_aranges
                0x00000998       0x20 c:/opt/fcs/software/altera/13.0sp1/nios2eds/bin/gnu/h-i686-mingw32/bin/../lib/gcc/nios2-elf/4.1.2/../../../../nios2-elf/lib\libc.a(lib_a-memcmp.o)
 .debug_aranges
                0x000009b8       0x20 c:/opt/fcs/software/altera/13.0sp1/nios2eds/bin/gnu/h-i686-mingw32/bin/../lib/gcc/nios2-elf/4.1.2/../../../../nios2-elf/lib\libc.a(lib_a-strcmp.o)
 .debug_aranges
                0x000009d8       0x20 c:/opt/fcs/software/altera/13.0sp1/nios2eds/bin/gnu/h-i686-mingw32/bin/../lib/gcc/nios2-elf/4.1.2/../../../../nios2-elf/lib\libc.a(lib_a-__atexit.o)
 .debug_aranges
                0x000009f8       0x20 c:/opt/fcs/software/altera/13.0sp1/nios2eds/bin/gnu/h-i686-mingw32/bin/../lib/gcc/nios2-elf/4.1.2/../../../../nios2-elf/lib\libc.a(lib_a-__call_atexit.o)
 .debug_aranges
                0x00000a18       0x20 C:/Users/user/Desktop/CS4405Project/Workspace/CS4405Project_bsp/\libhal_bsp.a(alt_exit.o)

.debug_pubnames
                0x00000000     0x1569
 *(.debug_pubnames)
 .debug_pubnames
                0x00000000       0x1b obj/default/os.o
 .debug_pubnames
                0x0000001b       0x38 obj/default/os_init.o
 .debug_pubnames
                0x00000053       0x27 c:/opt/fcs/software/altera/13.0sp1/nios2eds/bin/gnu/h-i686-mingw32/bin/../lib/gcc/nios2-elf/4.1.2/../../../../nios2-elf/lib\libc.a(lib_a-puts.o)
 .debug_pubnames
                0x0000007a       0x1d c:/opt/fcs/software/altera/13.0sp1/nios2eds/bin/gnu/h-i686-mingw32/bin/../lib/gcc/nios2-elf/4.1.2/../../../../nios2-elf/lib\libc.a(lib_a-strlen.o)
 .debug_pubnames
                0x00000097       0x23 c:/opt/fcs/software/altera/13.0sp1/nios2eds/bin/gnu/h-i686-mingw32/bin/../lib/gcc/nios2-elf/4.1.2/../../../../nios2-elf/lib\libc.a(lib_a-fvwrite.o)
 .debug_pubnames
                0x000000ba       0x39 c:/opt/fcs/software/altera/13.0sp1/nios2eds/bin/gnu/h-i686-mingw32/bin/../lib/gcc/nios2-elf/4.1.2/../../../../nios2-elf/lib\libc.a(lib_a-impure.o)
 .debug_pubnames
                0x000000f3       0xce c:/opt/fcs/software/altera/13.0sp1/nios2eds/bin/gnu/h-i686-mingw32/bin/../lib/gcc/nios2-elf/4.1.2/../../../../nios2-elf/lib\libc.a(lib_a-mallocr.o)
 .debug_pubnames
                0x000001c1       0x1d c:/opt/fcs/software/altera/13.0sp1/nios2eds/bin/gnu/h-i686-mingw32/bin/../lib/gcc/nios2-elf/4.1.2/../../../../nios2-elf/lib\libc.a(lib_a-memchr.o)
 .debug_pubnames
                0x000001de       0x1d c:/opt/fcs/software/altera/13.0sp1/nios2eds/bin/gnu/h-i686-mingw32/bin/../lib/gcc/nios2-elf/4.1.2/../../../../nios2-elf/lib\libc.a(lib_a-memcpy.o)
 .debug_pubnames
                0x000001fb       0x1e c:/opt/fcs/software/altera/13.0sp1/nios2eds/bin/gnu/h-i686-mingw32/bin/../lib/gcc/nios2-elf/4.1.2/../../../../nios2-elf/lib\libc.a(lib_a-memmove.o)
 .debug_pubnames
                0x00000219       0x21 c:/opt/fcs/software/altera/13.0sp1/nios2eds/bin/gnu/h-i686-mingw32/bin/../lib/gcc/nios2-elf/4.1.2/../../../../nios2-elf/lib\libc.a(lib_a-reallocr.o)
 .debug_pubnames
                0x0000023a       0x1e c:/opt/fcs/software/altera/13.0sp1/nios2eds/bin/gnu/h-i686-mingw32/bin/../lib/gcc/nios2-elf/4.1.2/../../../../nios2-elf/lib\libc.a(lib_a-sbrkr.o)
 .debug_pubnames
                0x00000258       0x22 c:/opt/fcs/software/altera/13.0sp1/nios2eds/bin/gnu/h-i686-mingw32/bin/../lib/gcc/nios2-elf/4.1.2/../../../../nios2-elf/lib\libc.a(lib_a-wsetup.o)
 .debug_pubnames
                0x0000027a       0x2b c:/opt/fcs/software/altera/13.0sp1/nios2eds/bin/gnu/h-i686-mingw32/bin/../lib/gcc/nios2-elf/4.1.2/../../../../nios2-elf/lib\libc.a(lib_a-fflush.o)
 .debug_pubnames
                0x000002a5       0xdb c:/opt/fcs/software/altera/13.0sp1/nios2eds/bin/gnu/h-i686-mingw32/bin/../lib/gcc/nios2-elf/4.1.2/../../../../nios2-elf/lib\libc.a(lib_a-findfp.o)
 .debug_pubnames
                0x00000380       0x31 c:/opt/fcs/software/altera/13.0sp1/nios2eds/bin/gnu/h-i686-mingw32/bin/../lib/gcc/nios2-elf/4.1.2/../../../../nios2-elf/lib\libc.a(lib_a-freer.o)
 .debug_pubnames
                0x000003b1       0x2e c:/opt/fcs/software/altera/13.0sp1/nios2eds/bin/gnu/h-i686-mingw32/bin/../lib/gcc/nios2-elf/4.1.2/../../../../nios2-elf/lib\libc.a(lib_a-fwalk.o)
 .debug_pubnames